DEBUG - 2026-06-03 00:24:47 --> Session: Class initialized using 'CodeIgniter\Session\Handlers\FileHandler' driver.
DEBUG - 2026-06-03 00:24:47 --> Session: Class initialized using 'CodeIgniter\Session\Handlers\FileHandler' driver.
DEBUG - 2026-06-03 00:25:17 --> Session: Class initialized using 'CodeIgniter\Session\Handlers\FileHandler' driver.
DEBUG - 2026-06-03 00:45:23 --> Session: Class initialized using 'CodeIgniter\Session\Handlers\FileHandler' driver.
DEBUG - 2026-06-03 00:47:01 --> Session: Class initialized using 'CodeIgniter\Session\Handlers\FileHandler' driver.
DEBUG - 2026-06-03 00:47:05 --> Session: Class initialized using 'CodeIgniter\Session\Handlers\FileHandler' driver.
DEBUG - 2026-06-03 00:47:09 --> Session: Class initialized using 'CodeIgniter\Session\Handlers\FileHandler' driver.
DEBUG - 2026-06-03 06:57:25 --> Session: Class initialized using 'CodeIgniter\Session\Handlers\FileHandler' driver.
DEBUG - 2026-06-03 06:57:43 --> Session: Class initialized using 'CodeIgniter\Session\Handlers\FileHandler' driver.
DEBUG - 2026-06-03 06:57:44 --> Session: Class initialized using 'CodeIgniter\Session\Handlers\FileHandler' driver.
DEBUG - 2026-06-03 06:57:44 --> Session: Class initialized using 'CodeIgniter\Session\Handlers\FileHandler' driver.
DEBUG - 2026-06-03 06:57:45 --> Session: Class initialized using 'CodeIgniter\Session\Handlers\FileHandler' driver.
DEBUG - 2026-06-03 06:57:49 --> Session: Class initialized using 'CodeIgniter\Session\Handlers\FileHandler' driver.
DEBUG - 2026-06-03 06:57:55 --> Session: Class initialized using 'CodeIgniter\Session\Handlers\FileHandler' driver.
DEBUG - 2026-06-03 06:58:00 --> Session: Class initialized using 'CodeIgniter\Session\Handlers\FileHandler' driver.
DEBUG - 2026-06-03 06:58:24 --> Session: Class initialized using 'CodeIgniter\Session\Handlers\FileHandler' driver.
DEBUG - 2026-06-03 06:58:35 --> Session: Class initialized using 'CodeIgniter\Session\Handlers\FileHandler' driver.
DEBUG - 2026-06-03 06:59:49 --> Session: Class initialized using 'CodeIgniter\Session\Handlers\FileHandler' driver.
DEBUG - 2026-06-03 07:00:08 --> Session: Class initialized using 'CodeIgniter\Session\Handlers\FileHandler' driver.
DEBUG - 2026-06-03 07:00:11 --> Session: Class initialized using 'CodeIgniter\Session\Handlers\FileHandler' driver.
DEBUG - 2026-06-03 07:00:20 --> Session: Class initialized using 'CodeIgniter\Session\Handlers\FileHandler' driver.
DEBUG - 2026-06-03 07:00:21 --> Session: Class initialized using 'CodeIgniter\Session\Handlers\FileHandler' driver.
DEBUG - 2026-06-03 07:00:31 --> Session: Class initialized using 'CodeIgniter\Session\Handlers\FileHandler' driver.
DEBUG - 2026-06-03 07:00:32 --> Session: Class initialized using 'CodeIgniter\Session\Handlers\FileHandler' driver.
DEBUG - 2026-06-03 07:00:51 --> Session: Class initialized using 'CodeIgniter\Session\Handlers\FileHandler' driver.
DEBUG - 2026-06-03 07:00:56 --> Session: Class initialized using 'CodeIgniter\Session\Handlers\FileHandler' driver.
DEBUG - 2026-06-03 07:00:57 --> Session: Class initialized using 'CodeIgniter\Session\Handlers\FileHandler' driver.
DEBUG - 2026-06-03 07:01:04 --> Session: Class initialized using 'CodeIgniter\Session\Handlers\FileHandler' driver.
DEBUG - 2026-06-03 07:01:04 --> Session: Class initialized using 'CodeIgniter\Session\Handlers\FileHandler' driver.
DEBUG - 2026-06-03 07:01:14 --> Session: Class initialized using 'CodeIgniter\Session\Handlers\FileHandler' driver.
DEBUG - 2026-06-03 07:02:34 --> Session: Class initialized using 'CodeIgniter\Session\Handlers\FileHandler' driver.
ERROR - 2026-06-03 07:02:34 --> Unknown column 'deceased_name' in 'field list'
in SYSTEMPATH\Database\MySQLi\Connection.php on line 300.
 1 SYSTEMPATH\Database\MySQLi\Connection.php(300): mysqli->query('INSERT INTO `service_applications` (`plan_holder_id`, `service_list_id`, `status`, `deceased_name`, `deceased_date_of_death`, `deceased_address`, `relationship_to_deceased`, `beneficiary_name`, `beneficiary_contact`, `application_notes`) VALUES (12, 2, \'pending\', \'Maria Lourdes Garcia\', \'2026-05-03\', \'Camansihan\', \'husband\', \'Carlos Miguel Garcia\', \'09369111954\', NULL)', 0)
 2 SYSTEMPATH\Database\BaseConnection.php(910): CodeIgniter\Database\MySQLi\Connection->execute('INSERT INTO `service_applications` (`plan_holder_id`, `service_list_id`, `status`, `deceased_name`, `deceased_date_of_death`, `deceased_address`, `relationship_to_deceased`, `beneficiary_name`, `beneficiary_contact`, `application_notes`) VALUES (12, 2, \'pending\', \'Maria Lourdes Garcia\', \'2026-05-03\', \'Camansihan\', \'husband\', \'Carlos Miguel Garcia\', \'09369111954\', NULL)')
 3 SYSTEMPATH\Database\BaseConnection.php(827): CodeIgniter\Database\BaseConnection->simpleQuery('INSERT INTO `service_applications` (`plan_holder_id`, `service_list_id`, `status`, `deceased_name`, `deceased_date_of_death`, `deceased_address`, `relationship_to_deceased`, `beneficiary_name`, `beneficiary_contact`, `application_notes`) VALUES (12, 2, \'pending\', \'Maria Lourdes Garcia\', \'2026-05-03\', \'Camansihan\', \'husband\', \'Carlos Miguel Garcia\', \'09369111954\', NULL)')
 4 SYSTEMPATH\Database\BaseBuilder.php(2345): CodeIgniter\Database\BaseConnection->query('INSERT INTO `service_applications` (`plan_holder_id`, `service_list_id`, `status`, `deceased_name`, `deceased_date_of_death`, `deceased_address`, `relationship_to_deceased`, `beneficiary_name`, `beneficiary_contact`, `application_notes`) VALUES (:plan_holder_id:, :service_list_id:, :status:, :deceased_name:, :deceased_date_of_death:, :deceased_address:, :relationship_to_deceased:, :beneficiary_name:, :beneficiary_contact:, :application_notes:)', [...], false)
 5 APPPATH\Controllers\Client\ClientServiceController.php(301): CodeIgniter\Database\BaseBuilder->insert([...])
 6 SYSTEMPATH\CodeIgniter.php(951): App\Controllers\Client\ClientServiceController->submitServiceApplication(2)
 7 SYSTEMPATH\CodeIgniter.php(497): CodeIgniter\CodeIgniter->runController(Object(App\Controllers\Client\ClientServiceController))
 8 SYSTEMPATH\CodeIgniter.php(340): CodeIgniter\CodeIgniter->handleRequest(null, Object(Config\Cache), false)
 9 SYSTEMPATH\Boot.php(417): CodeIgniter\CodeIgniter->run()
10 SYSTEMPATH\Boot.php(68): CodeIgniter\Boot::runCodeIgniter(Object(CodeIgniter\CodeIgniter))
11 FCPATH\index.php(59): CodeIgniter\Boot::bootWeb(Object(Config\Paths))
DEBUG - 2026-06-03 07:02:35 --> Session: Class initialized using 'CodeIgniter\Session\Handlers\FileHandler' driver.
DEBUG - 2026-06-03 07:10:35 --> Session: Class initialized using 'CodeIgniter\Session\Handlers\FileHandler' driver.
DEBUG - 2026-06-03 07:10:35 --> Session: Class initialized using 'CodeIgniter\Session\Handlers\FileHandler' driver.
DEBUG - 2026-06-03 07:10:44 --> Session: Class initialized using 'CodeIgniter\Session\Handlers\FileHandler' driver.
DEBUG - 2026-06-03 07:11:56 --> Session: Class initialized using 'CodeIgniter\Session\Handlers\FileHandler' driver.
DEBUG - 2026-06-03 07:11:57 --> Session: Class initialized using 'CodeIgniter\Session\Handlers\FileHandler' driver.
DEBUG - 2026-06-03 07:12:08 --> Session: Class initialized using 'CodeIgniter\Session\Handlers\FileHandler' driver.
DEBUG - 2026-06-03 07:12:08 --> Session: Class initialized using 'CodeIgniter\Session\Handlers\FileHandler' driver.
DEBUG - 2026-06-03 07:12:18 --> Session: Class initialized using 'CodeIgniter\Session\Handlers\FileHandler' driver.
DEBUG - 2026-06-03 07:12:46 --> Session: Class initialized using 'CodeIgniter\Session\Handlers\FileHandler' driver.
DEBUG - 2026-06-03 07:12:48 --> Session: Class initialized using 'CodeIgniter\Session\Handlers\FileHandler' driver.
DEBUG - 2026-06-03 07:12:52 --> Session: Class initialized using 'CodeIgniter\Session\Handlers\FileHandler' driver.
DEBUG - 2026-06-03 07:16:04 --> Session: Class initialized using 'CodeIgniter\Session\Handlers\FileHandler' driver.
DEBUG - 2026-06-03 07:16:05 --> Session: Class initialized using 'CodeIgniter\Session\Handlers\FileHandler' driver.
DEBUG - 2026-06-03 07:16:19 --> Session: Class initialized using 'CodeIgniter\Session\Handlers\FileHandler' driver.
DEBUG - 2026-06-03 07:16:20 --> Session: Class initialized using 'CodeIgniter\Session\Handlers\FileHandler' driver.
DEBUG - 2026-06-03 07:16:24 --> Session: Class initialized using 'CodeIgniter\Session\Handlers\FileHandler' driver.
DEBUG - 2026-06-03 07:16:24 --> Session: Class initialized using 'CodeIgniter\Session\Handlers\FileHandler' driver.
DEBUG - 2026-06-03 07:16:27 --> Session: Class initialized using 'CodeIgniter\Session\Handlers\FileHandler' driver.
DEBUG - 2026-06-03 07:16:59 --> Session: Class initialized using 'CodeIgniter\Session\Handlers\FileHandler' driver.
DEBUG - 2026-06-03 07:17:00 --> Session: Class initialized using 'CodeIgniter\Session\Handlers\FileHandler' driver.
DEBUG - 2026-06-03 07:17:13 --> Session: Class initialized using 'CodeIgniter\Session\Handlers\FileHandler' driver.
DEBUG - 2026-06-03 07:17:13 --> Session: Class initialized using 'CodeIgniter\Session\Handlers\FileHandler' driver.
DEBUG - 2026-06-03 07:17:13 --> Session: Class initialized using 'CodeIgniter\Session\Handlers\FileHandler' driver.
DEBUG - 2026-06-03 07:17:18 --> Session: Class initialized using 'CodeIgniter\Session\Handlers\FileHandler' driver.
DEBUG - 2026-06-03 07:19:39 --> Session: Class initialized using 'CodeIgniter\Session\Handlers\FileHandler' driver.
DEBUG - 2026-06-03 07:19:46 --> Session: Class initialized using 'CodeIgniter\Session\Handlers\FileHandler' driver.
DEBUG - 2026-06-03 07:19:46 --> Session: Class initialized using 'CodeIgniter\Session\Handlers\FileHandler' driver.
DEBUG - 2026-06-03 07:19:59 --> Session: Class initialized using 'CodeIgniter\Session\Handlers\FileHandler' driver.
DEBUG - 2026-06-03 07:19:59 --> Session: Class initialized using 'CodeIgniter\Session\Handlers\FileHandler' driver.
DEBUG - 2026-06-03 07:20:04 --> Session: Class initialized using 'CodeIgniter\Session\Handlers\FileHandler' driver.
DEBUG - 2026-06-03 07:20:07 --> Session: Class initialized using 'CodeIgniter\Session\Handlers\FileHandler' driver.
DEBUG - 2026-06-03 07:56:19 --> Session: Class initialized using 'CodeIgniter\Session\Handlers\FileHandler' driver.
DEBUG - 2026-06-03 07:56:35 --> Session: Class initialized using 'CodeIgniter\Session\Handlers\FileHandler' driver.
ERROR - 2026-06-03 07:56:35 --> Unknown column 'deceased_name' in 'field list'
in SYSTEMPATH\Database\MySQLi\Connection.php on line 300.
 1 SYSTEMPATH\Database\MySQLi\Connection.php(300): mysqli->query('INSERT INTO `service_applications` (`plan_holder_id`, `service_list_id`, `status`, `deceased_name`, `deceased_date_of_death`, `deceased_address`, `relationship_to_deceased`, `beneficiary_name`, `beneficiary_contact`, `application_notes`) VALUES (12, 2, \'pending\', \'Carlos Miguel Garcia\', NULL, \'88-B, JP Rizal Street, San Vicente Central, Calapan City\', NULL, \'Maria Lourdes Garcia\', \'09369111954\', NULL)', 0)
 2 SYSTEMPATH\Database\BaseConnection.php(910): CodeIgniter\Database\MySQLi\Connection->execute('INSERT INTO `service_applications` (`plan_holder_id`, `service_list_id`, `status`, `deceased_name`, `deceased_date_of_death`, `deceased_address`, `relationship_to_deceased`, `beneficiary_name`, `beneficiary_contact`, `application_notes`) VALUES (12, 2, \'pending\', \'Carlos Miguel Garcia\', NULL, \'88-B, JP Rizal Street, San Vicente Central, Calapan City\', NULL, \'Maria Lourdes Garcia\', \'09369111954\', NULL)')
 3 SYSTEMPATH\Database\BaseConnection.php(827): CodeIgniter\Database\BaseConnection->simpleQuery('INSERT INTO `service_applications` (`plan_holder_id`, `service_list_id`, `status`, `deceased_name`, `deceased_date_of_death`, `deceased_address`, `relationship_to_deceased`, `beneficiary_name`, `beneficiary_contact`, `application_notes`) VALUES (12, 2, \'pending\', \'Carlos Miguel Garcia\', NULL, \'88-B, JP Rizal Street, San Vicente Central, Calapan City\', NULL, \'Maria Lourdes Garcia\', \'09369111954\', NULL)')
 4 SYSTEMPATH\Database\BaseBuilder.php(2345): CodeIgniter\Database\BaseConnection->query('INSERT INTO `service_applications` (`plan_holder_id`, `service_list_id`, `status`, `deceased_name`, `deceased_date_of_death`, `deceased_address`, `relationship_to_deceased`, `beneficiary_name`, `beneficiary_contact`, `application_notes`) VALUES (:plan_holder_id:, :service_list_id:, :status:, :deceased_name:, :deceased_date_of_death:, :deceased_address:, :relationship_to_deceased:, :beneficiary_name:, :beneficiary_contact:, :application_notes:)', [...], false)
 5 APPPATH\Controllers\Client\ClientServiceController.php(375): CodeIgniter\Database\BaseBuilder->insert([...])
 6 SYSTEMPATH\CodeIgniter.php(951): App\Controllers\Client\ClientServiceController->submitServiceApplication(2)
 7 SYSTEMPATH\CodeIgniter.php(497): CodeIgniter\CodeIgniter->runController(Object(App\Controllers\Client\ClientServiceController))
 8 SYSTEMPATH\CodeIgniter.php(340): CodeIgniter\CodeIgniter->handleRequest(null, Object(Config\Cache), false)
 9 SYSTEMPATH\Boot.php(417): CodeIgniter\CodeIgniter->run()
10 SYSTEMPATH\Boot.php(68): CodeIgniter\Boot::runCodeIgniter(Object(CodeIgniter\CodeIgniter))
11 FCPATH\index.php(59): CodeIgniter\Boot::bootWeb(Object(Config\Paths))
DEBUG - 2026-06-03 07:56:35 --> Session: Class initialized using 'CodeIgniter\Session\Handlers\FileHandler' driver.
DEBUG - 2026-06-03 08:30:43 --> Session: Class initialized using 'CodeIgniter\Session\Handlers\FileHandler' driver.
DEBUG - 2026-06-03 08:30:43 --> Session: Class initialized using 'CodeIgniter\Session\Handlers\FileHandler' driver.
DEBUG - 2026-06-03 11:42:11 --> Session: Class initialized using 'CodeIgniter\Session\Handlers\FileHandler' driver.
DEBUG - 2026-06-03 11:42:31 --> Session: Class initialized using 'CodeIgniter\Session\Handlers\FileHandler' driver.
DEBUG - 2026-06-03 11:42:31 --> Session: Class initialized using 'CodeIgniter\Session\Handlers\FileHandler' driver.
DEBUG - 2026-06-03 11:42:34 --> Session: Class initialized using 'CodeIgniter\Session\Handlers\FileHandler' driver.
DEBUG - 2026-06-03 11:42:39 --> Session: Class initialized using 'CodeIgniter\Session\Handlers\FileHandler' driver.
DEBUG - 2026-06-03 11:43:17 --> Session: Class initialized using 'CodeIgniter\Session\Handlers\FileHandler' driver.
ERROR - 2026-06-03 11:43:17 --> Unknown column 'deceased_name' in 'field list'
in SYSTEMPATH\Database\MySQLi\Connection.php on line 300.
 1 SYSTEMPATH\Database\MySQLi\Connection.php(300): mysqli->query('INSERT INTO `service_applications` (`plan_holder_id`, `service_list_id`, `status`, `deceased_name`, `deceased_date_of_death`, `deceased_address`, `relationship_to_deceased`, `beneficiary_name`, `beneficiary_contact`, `application_notes`) VALUES (12, 2, \'pending\', \'Angelica Marie Garcia\', \'2026-05-03\', \'88-B, JP Rizal Street, San Vicente Central, Calapan City\', \'Daughter\', \'Maria Lourdes Garcia\', \'12345678910\', NULL)', 0)
 2 SYSTEMPATH\Database\BaseConnection.php(910): CodeIgniter\Database\MySQLi\Connection->execute('INSERT INTO `service_applications` (`plan_holder_id`, `service_list_id`, `status`, `deceased_name`, `deceased_date_of_death`, `deceased_address`, `relationship_to_deceased`, `beneficiary_name`, `beneficiary_contact`, `application_notes`) VALUES (12, 2, \'pending\', \'Angelica Marie Garcia\', \'2026-05-03\', \'88-B, JP Rizal Street, San Vicente Central, Calapan City\', \'Daughter\', \'Maria Lourdes Garcia\', \'12345678910\', NULL)')
 3 SYSTEMPATH\Database\BaseConnection.php(827): CodeIgniter\Database\BaseConnection->simpleQuery('INSERT INTO `service_applications` (`plan_holder_id`, `service_list_id`, `status`, `deceased_name`, `deceased_date_of_death`, `deceased_address`, `relationship_to_deceased`, `beneficiary_name`, `beneficiary_contact`, `application_notes`) VALUES (12, 2, \'pending\', \'Angelica Marie Garcia\', \'2026-05-03\', \'88-B, JP Rizal Street, San Vicente Central, Calapan City\', \'Daughter\', \'Maria Lourdes Garcia\', \'12345678910\', NULL)')
 4 SYSTEMPATH\Database\BaseBuilder.php(2345): CodeIgniter\Database\BaseConnection->query('INSERT INTO `service_applications` (`plan_holder_id`, `service_list_id`, `status`, `deceased_name`, `deceased_date_of_death`, `deceased_address`, `relationship_to_deceased`, `beneficiary_name`, `beneficiary_contact`, `application_notes`) VALUES (:plan_holder_id:, :service_list_id:, :status:, :deceased_name:, :deceased_date_of_death:, :deceased_address:, :relationship_to_deceased:, :beneficiary_name:, :beneficiary_contact:, :application_notes:)', [...], false)
 5 APPPATH\Controllers\Client\ClientServiceController.php(368): CodeIgniter\Database\BaseBuilder->insert([...])
 6 SYSTEMPATH\CodeIgniter.php(951): App\Controllers\Client\ClientServiceController->submitServiceApplication(2)
 7 SYSTEMPATH\CodeIgniter.php(497): CodeIgniter\CodeIgniter->runController(Object(App\Controllers\Client\ClientServiceController))
 8 SYSTEMPATH\CodeIgniter.php(340): CodeIgniter\CodeIgniter->handleRequest(null, Object(Config\Cache), false)
 9 SYSTEMPATH\Boot.php(417): CodeIgniter\CodeIgniter->run()
10 SYSTEMPATH\Boot.php(68): CodeIgniter\Boot::runCodeIgniter(Object(CodeIgniter\CodeIgniter))
11 FCPATH\index.php(59): CodeIgniter\Boot::bootWeb(Object(Config\Paths))
DEBUG - 2026-06-03 11:43:17 --> Session: Class initialized using 'CodeIgniter\Session\Handlers\FileHandler' driver.
DEBUG - 2026-06-03 11:48:01 --> Session: Class initialized using 'CodeIgniter\Session\Handlers\FileHandler' driver.
ERROR - 2026-06-03 11:48:01 --> Unknown column 'deceased_name' in 'field list'
in SYSTEMPATH\Database\MySQLi\Connection.php on line 300.
 1 SYSTEMPATH\Database\MySQLi\Connection.php(300): mysqli->query('INSERT INTO `service_applications` (`plan_holder_id`, `service_list_id`, `status`, `deceased_name`, `deceased_date_of_death`, `deceased_address`, `relationship_to_deceased`, `beneficiary_name`, `beneficiary_contact`, `application_notes`) VALUES (12, 2, \'pending\', \'Angelica Marie Garcia\', \'2026-05-03\', \'88-B, JP Rizal Street, San Vicente Central, Calapan City\', \'Daughter\', \'Maria Lourdes Garcia\', \'12345678910\', NULL)', 0)
 2 SYSTEMPATH\Database\BaseConnection.php(910): CodeIgniter\Database\MySQLi\Connection->execute('INSERT INTO `service_applications` (`plan_holder_id`, `service_list_id`, `status`, `deceased_name`, `deceased_date_of_death`, `deceased_address`, `relationship_to_deceased`, `beneficiary_name`, `beneficiary_contact`, `application_notes`) VALUES (12, 2, \'pending\', \'Angelica Marie Garcia\', \'2026-05-03\', \'88-B, JP Rizal Street, San Vicente Central, Calapan City\', \'Daughter\', \'Maria Lourdes Garcia\', \'12345678910\', NULL)')
 3 SYSTEMPATH\Database\BaseConnection.php(827): CodeIgniter\Database\BaseConnection->simpleQuery('INSERT INTO `service_applications` (`plan_holder_id`, `service_list_id`, `status`, `deceased_name`, `deceased_date_of_death`, `deceased_address`, `relationship_to_deceased`, `beneficiary_name`, `beneficiary_contact`, `application_notes`) VALUES (12, 2, \'pending\', \'Angelica Marie Garcia\', \'2026-05-03\', \'88-B, JP Rizal Street, San Vicente Central, Calapan City\', \'Daughter\', \'Maria Lourdes Garcia\', \'12345678910\', NULL)')
 4 SYSTEMPATH\Database\BaseBuilder.php(2345): CodeIgniter\Database\BaseConnection->query('INSERT INTO `service_applications` (`plan_holder_id`, `service_list_id`, `status`, `deceased_name`, `deceased_date_of_death`, `deceased_address`, `relationship_to_deceased`, `beneficiary_name`, `beneficiary_contact`, `application_notes`) VALUES (:plan_holder_id:, :service_list_id:, :status:, :deceased_name:, :deceased_date_of_death:, :deceased_address:, :relationship_to_deceased:, :beneficiary_name:, :beneficiary_contact:, :application_notes:)', [...], false)
 5 APPPATH\Controllers\Client\ClientServiceController.php(368): CodeIgniter\Database\BaseBuilder->insert([...])
 6 SYSTEMPATH\CodeIgniter.php(951): App\Controllers\Client\ClientServiceController->submitServiceApplication(2)
 7 SYSTEMPATH\CodeIgniter.php(497): CodeIgniter\CodeIgniter->runController(Object(App\Controllers\Client\ClientServiceController))
 8 SYSTEMPATH\CodeIgniter.php(340): CodeIgniter\CodeIgniter->handleRequest(null, Object(Config\Cache), false)
 9 SYSTEMPATH\Boot.php(417): CodeIgniter\CodeIgniter->run()
10 SYSTEMPATH\Boot.php(68): CodeIgniter\Boot::runCodeIgniter(Object(CodeIgniter\CodeIgniter))
11 FCPATH\index.php(59): CodeIgniter\Boot::bootWeb(Object(Config\Paths))
ERROR - 2026-06-03 11:48:01 --> Service application DB transaction failed: {"code":0,"message":""}
DEBUG - 2026-06-03 11:48:01 --> Session: Class initialized using 'CodeIgniter\Session\Handlers\FileHandler' driver.
DEBUG - 2026-06-03 11:48:05 --> Session: Class initialized using 'CodeIgniter\Session\Handlers\FileHandler' driver.
DEBUG - 2026-06-03 11:48:55 --> Session: Class initialized using 'CodeIgniter\Session\Handlers\FileHandler' driver.
ERROR - 2026-06-03 11:48:55 --> Unknown column 'deceased_name' in 'field list'
in SYSTEMPATH\Database\MySQLi\Connection.php on line 300.
 1 SYSTEMPATH\Database\MySQLi\Connection.php(300): mysqli->query('INSERT INTO `service_applications` (`plan_holder_id`, `service_list_id`, `status`, `deceased_name`, `deceased_date_of_death`, `deceased_address`, `relationship_to_deceased`, `beneficiary_name`, `beneficiary_contact`, `application_notes`) VALUES (12, 2, \'pending\', \'Angelica Marie Garcia\', \'2026-05-03\', \'88-B, JP Rizal Street, San Vicente Central, Calapan City\', \'Daughter\', \'Maria Lourdes Garcia\', \'12345678910\', NULL)', 0)
 2 SYSTEMPATH\Database\BaseConnection.php(910): CodeIgniter\Database\MySQLi\Connection->execute('INSERT INTO `service_applications` (`plan_holder_id`, `service_list_id`, `status`, `deceased_name`, `deceased_date_of_death`, `deceased_address`, `relationship_to_deceased`, `beneficiary_name`, `beneficiary_contact`, `application_notes`) VALUES (12, 2, \'pending\', \'Angelica Marie Garcia\', \'2026-05-03\', \'88-B, JP Rizal Street, San Vicente Central, Calapan City\', \'Daughter\', \'Maria Lourdes Garcia\', \'12345678910\', NULL)')
 3 SYSTEMPATH\Database\BaseConnection.php(827): CodeIgniter\Database\BaseConnection->simpleQuery('INSERT INTO `service_applications` (`plan_holder_id`, `service_list_id`, `status`, `deceased_name`, `deceased_date_of_death`, `deceased_address`, `relationship_to_deceased`, `beneficiary_name`, `beneficiary_contact`, `application_notes`) VALUES (12, 2, \'pending\', \'Angelica Marie Garcia\', \'2026-05-03\', \'88-B, JP Rizal Street, San Vicente Central, Calapan City\', \'Daughter\', \'Maria Lourdes Garcia\', \'12345678910\', NULL)')
 4 SYSTEMPATH\Database\BaseBuilder.php(2345): CodeIgniter\Database\BaseConnection->query('INSERT INTO `service_applications` (`plan_holder_id`, `service_list_id`, `status`, `deceased_name`, `deceased_date_of_death`, `deceased_address`, `relationship_to_deceased`, `beneficiary_name`, `beneficiary_contact`, `application_notes`) VALUES (:plan_holder_id:, :service_list_id:, :status:, :deceased_name:, :deceased_date_of_death:, :deceased_address:, :relationship_to_deceased:, :beneficiary_name:, :beneficiary_contact:, :application_notes:)', [...], false)
 5 APPPATH\Controllers\Client\ClientServiceController.php(368): CodeIgniter\Database\BaseBuilder->insert([...])
 6 SYSTEMPATH\CodeIgniter.php(951): App\Controllers\Client\ClientServiceController->submitServiceApplication(2)
 7 SYSTEMPATH\CodeIgniter.php(497): CodeIgniter\CodeIgniter->runController(Object(App\Controllers\Client\ClientServiceController))
 8 SYSTEMPATH\CodeIgniter.php(340): CodeIgniter\CodeIgniter->handleRequest(null, Object(Config\Cache), false)
 9 SYSTEMPATH\Boot.php(417): CodeIgniter\CodeIgniter->run()
10 SYSTEMPATH\Boot.php(68): CodeIgniter\Boot::runCodeIgniter(Object(CodeIgniter\CodeIgniter))
11 FCPATH\index.php(59): CodeIgniter\Boot::bootWeb(Object(Config\Paths))
ERROR - 2026-06-03 11:48:55 --> Table 'kaagapay_db.service_application_documents' doesn't exist
in SYSTEMPATH\Database\MySQLi\Connection.php on line 300.
 1 SYSTEMPATH\Database\MySQLi\Connection.php(300): mysqli->query('INSERT INTO `service_application_documents` (`application_id`, `filename`, `original_name`, `mime_type`, `path`, `uploaded_by`) VALUES (0, \'1780487335_18ed613566d0192adb73.jpg\', \'dfd LEVEL 0.jpg\', \'image/jpeg\', \'uploads/service_applications/0/1780487335_18ed613566d0192adb73.jpg\', 17)', 0)
 2 SYSTEMPATH\Database\BaseConnection.php(910): CodeIgniter\Database\MySQLi\Connection->execute('INSERT INTO `service_application_documents` (`application_id`, `filename`, `original_name`, `mime_type`, `path`, `uploaded_by`) VALUES (0, \'1780487335_18ed613566d0192adb73.jpg\', \'dfd LEVEL 0.jpg\', \'image/jpeg\', \'uploads/service_applications/0/1780487335_18ed613566d0192adb73.jpg\', 17)')
 3 SYSTEMPATH\Database\BaseConnection.php(827): CodeIgniter\Database\BaseConnection->simpleQuery('INSERT INTO `service_application_documents` (`application_id`, `filename`, `original_name`, `mime_type`, `path`, `uploaded_by`) VALUES (0, \'1780487335_18ed613566d0192adb73.jpg\', \'dfd LEVEL 0.jpg\', \'image/jpeg\', \'uploads/service_applications/0/1780487335_18ed613566d0192adb73.jpg\', 17)')
 4 SYSTEMPATH\Database\BaseBuilder.php(2345): CodeIgniter\Database\BaseConnection->query('INSERT INTO `service_application_documents` (`application_id`, `filename`, `original_name`, `mime_type`, `path`, `uploaded_by`) VALUES (:application_id:, :filename:, :original_name:, :mime_type:, :path:, :uploaded_by:)', [...], false)
 5 SYSTEMPATH\Model.php(355): CodeIgniter\Database\BaseBuilder->insert()
 6 SYSTEMPATH\BaseModel.php(899): CodeIgniter\Model->doInsert([...])
 7 SYSTEMPATH\Model.php(668): CodeIgniter\BaseModel->insert([...], true)
 8 APPPATH\Controllers\Client\ClientServiceController.php(388): CodeIgniter\Model->insert([...])
 9 SYSTEMPATH\CodeIgniter.php(951): App\Controllers\Client\ClientServiceController->submitServiceApplication(2)
10 SYSTEMPATH\CodeIgniter.php(497): CodeIgniter\CodeIgniter->runController(Object(App\Controllers\Client\ClientServiceController))
11 SYSTEMPATH\CodeIgniter.php(340): CodeIgniter\CodeIgniter->handleRequest(null, Object(Config\Cache), false)
12 SYSTEMPATH\Boot.php(417): CodeIgniter\CodeIgniter->run()
13 SYSTEMPATH\Boot.php(68): CodeIgniter\Boot::runCodeIgniter(Object(CodeIgniter\CodeIgniter))
14 FCPATH\index.php(59): CodeIgniter\Boot::bootWeb(Object(Config\Paths))
ERROR - 2026-06-03 11:48:55 --> Service application DB transaction failed: {"code":0,"message":""}
DEBUG - 2026-06-03 11:48:55 --> Session: Class initialized using 'CodeIgniter\Session\Handlers\FileHandler' driver.
DEBUG - 2026-06-03 11:50:37 --> Session: Class initialized using 'CodeIgniter\Session\Handlers\FileHandler' driver.
DEBUG - 2026-06-03 11:51:09 --> Session: Class initialized using 'CodeIgniter\Session\Handlers\FileHandler' driver.
ERROR - 2026-06-03 11:51:09 --> Unknown column 'deceased_name' in 'field list'
in SYSTEMPATH\Database\MySQLi\Connection.php on line 300.
 1 SYSTEMPATH\Database\MySQLi\Connection.php(300): mysqli->query('INSERT INTO `service_applications` (`plan_holder_id`, `service_list_id`, `status`, `deceased_name`, `deceased_date_of_death`, `deceased_address`, `relationship_to_deceased`, `beneficiary_name`, `beneficiary_contact`, `application_notes`) VALUES (12, 2, \'pending\', \'Angelica Marie Garcia\', \'2026-03-05\', \'88-B, JP Rizal Street, San Vicente Central, Calapan City\', \'Daughter\', \'Maria Lourdes Garcia\', \'12345678910\', NULL)', 0)
 2 SYSTEMPATH\Database\BaseConnection.php(910): CodeIgniter\Database\MySQLi\Connection->execute('INSERT INTO `service_applications` (`plan_holder_id`, `service_list_id`, `status`, `deceased_name`, `deceased_date_of_death`, `deceased_address`, `relationship_to_deceased`, `beneficiary_name`, `beneficiary_contact`, `application_notes`) VALUES (12, 2, \'pending\', \'Angelica Marie Garcia\', \'2026-03-05\', \'88-B, JP Rizal Street, San Vicente Central, Calapan City\', \'Daughter\', \'Maria Lourdes Garcia\', \'12345678910\', NULL)')
 3 SYSTEMPATH\Database\BaseConnection.php(827): CodeIgniter\Database\BaseConnection->simpleQuery('INSERT INTO `service_applications` (`plan_holder_id`, `service_list_id`, `status`, `deceased_name`, `deceased_date_of_death`, `deceased_address`, `relationship_to_deceased`, `beneficiary_name`, `beneficiary_contact`, `application_notes`) VALUES (12, 2, \'pending\', \'Angelica Marie Garcia\', \'2026-03-05\', \'88-B, JP Rizal Street, San Vicente Central, Calapan City\', \'Daughter\', \'Maria Lourdes Garcia\', \'12345678910\', NULL)')
 4 SYSTEMPATH\Database\BaseBuilder.php(2345): CodeIgniter\Database\BaseConnection->query('INSERT INTO `service_applications` (`plan_holder_id`, `service_list_id`, `status`, `deceased_name`, `deceased_date_of_death`, `deceased_address`, `relationship_to_deceased`, `beneficiary_name`, `beneficiary_contact`, `application_notes`) VALUES (:plan_holder_id:, :service_list_id:, :status:, :deceased_name:, :deceased_date_of_death:, :deceased_address:, :relationship_to_deceased:, :beneficiary_name:, :beneficiary_contact:, :application_notes:)', [...], false)
 5 APPPATH\Controllers\Client\ClientServiceController.php(369): CodeIgniter\Database\BaseBuilder->insert([...])
 6 SYSTEMPATH\CodeIgniter.php(951): App\Controllers\Client\ClientServiceController->submitServiceApplication(2)
 7 SYSTEMPATH\CodeIgniter.php(497): CodeIgniter\CodeIgniter->runController(Object(App\Controllers\Client\ClientServiceController))
 8 SYSTEMPATH\CodeIgniter.php(340): CodeIgniter\CodeIgniter->handleRequest(null, Object(Config\Cache), false)
 9 SYSTEMPATH\Boot.php(417): CodeIgniter\CodeIgniter->run()
10 SYSTEMPATH\Boot.php(68): CodeIgniter\Boot::runCodeIgniter(Object(CodeIgniter\CodeIgniter))
11 FCPATH\index.php(59): CodeIgniter\Boot::bootWeb(Object(Config\Paths))
ERROR - 2026-06-03 11:51:09 --> Failed inserting service application: {"code":1054,"message":"Unknown column 'deceased_name' in 'field list'"}
DEBUG - 2026-06-03 11:51:09 --> Session: Class initialized using 'CodeIgniter\Session\Handlers\FileHandler' driver.
ERROR - 2026-06-03 11:52:18 --> Table 'cash_payment_records' already exists
in SYSTEMPATH\Database\MySQLi\Connection.php on line 300.
 1 SYSTEMPATH\Database\MySQLi\Connection.php(300): mysqli->query('CREATE TABLE `cash_payment_records` (
	`cash_record_id` INT(11) UNSIGNED NOT NULL AUTO_INCREMENT,
	`branch_id` INT(11) UNSIGNED NOT NULL,
	`client_name` VARCHAR(255) NOT NULL,
	`months_covered` INT(3) NOT NULL DEFAULT 1,
	`amount` DECIMAL(10,2) NOT NULL,
	`receipt_number` VARCHAR(50) NOT NULL UNIQUE,
	`recorded_by` INT(11) UNSIGNED NULL,
	`recorded_date` DATE NOT NULL,
	`verified` TINYINT(1) NOT NULL DEFAULT 0,
	`verified_date` DATETIME NULL,
	`created_at` DATETIME NOT NULL,
	`updated_at` DATETIME NULL,
	CONSTRAINT `pk_cash_payment_records` PRIMARY KEY(`cash_record_id`),
	KEY `branch_id` (`branch_id`),
	KEY `receipt_number` (`receipt_number`),
	KEY `verified` (`verified`)
) DEFAULT CHARACTER SET = utf8mb4 COLLATE = utf8mb4_general_ci', 0)
 2 SYSTEMPATH\Database\BaseConnection.php(910): CodeIgniter\Database\MySQLi\Connection->execute('CREATE TABLE `cash_payment_records` (
	`cash_record_id` INT(11) UNSIGNED NOT NULL AUTO_INCREMENT,
	`branch_id` INT(11) UNSIGNED NOT NULL,
	`client_name` VARCHAR(255) NOT NULL,
	`months_covered` INT(3) NOT NULL DEFAULT 1,
	`amount` DECIMAL(10,2) NOT NULL,
	`receipt_number` VARCHAR(50) NOT NULL UNIQUE,
	`recorded_by` INT(11) UNSIGNED NULL,
	`recorded_date` DATE NOT NULL,
	`verified` TINYINT(1) NOT NULL DEFAULT 0,
	`verified_date` DATETIME NULL,
	`created_at` DATETIME NOT NULL,
	`updated_at` DATETIME NULL,
	CONSTRAINT `pk_cash_payment_records` PRIMARY KEY(`cash_record_id`),
	KEY `branch_id` (`branch_id`),
	KEY `receipt_number` (`receipt_number`),
	KEY `verified` (`verified`)
) DEFAULT CHARACTER SET = utf8mb4 COLLATE = utf8mb4_general_ci')
 3 SYSTEMPATH\Database\BaseConnection.php(827): CodeIgniter\Database\BaseConnection->simpleQuery('CREATE TABLE `cash_payment_records` (
	`cash_record_id` INT(11) UNSIGNED NOT NULL AUTO_INCREMENT,
	`branch_id` INT(11) UNSIGNED NOT NULL,
	`client_name` VARCHAR(255) NOT NULL,
	`months_covered` INT(3) NOT NULL DEFAULT 1,
	`amount` DECIMAL(10,2) NOT NULL,
	`receipt_number` VARCHAR(50) NOT NULL UNIQUE,
	`recorded_by` INT(11) UNSIGNED NULL,
	`recorded_date` DATE NOT NULL,
	`verified` TINYINT(1) NOT NULL DEFAULT 0,
	`verified_date` DATETIME NULL,
	`created_at` DATETIME NOT NULL,
	`updated_at` DATETIME NULL,
	CONSTRAINT `pk_cash_payment_records` PRIMARY KEY(`cash_record_id`),
	KEY `branch_id` (`branch_id`),
	KEY `receipt_number` (`receipt_number`),
	KEY `verified` (`verified`)
) DEFAULT CHARACTER SET = utf8mb4 COLLATE = utf8mb4_general_ci')
 4 SYSTEMPATH\Database\Forge.php(570): CodeIgniter\Database\BaseConnection->query('CREATE TABLE `cash_payment_records` (
	`cash_record_id` INT(11) UNSIGNED NOT NULL AUTO_INCREMENT,
	`branch_id` INT(11) UNSIGNED NOT NULL,
	`client_name` VARCHAR(255) NOT NULL,
	`months_covered` INT(3) NOT NULL DEFAULT 1,
	`amount` DECIMAL(10,2) NOT NULL,
	`receipt_number` VARCHAR(50) NOT NULL UNIQUE,
	`recorded_by` INT(11) UNSIGNED NULL,
	`recorded_date` DATE NOT NULL,
	`verified` TINYINT(1) NOT NULL DEFAULT 0,
	`verified_date` DATETIME NULL,
	`created_at` DATETIME NOT NULL,
	`updated_at` DATETIME NULL,
	CONSTRAINT `pk_cash_payment_records` PRIMARY KEY(`cash_record_id`),
	KEY `branch_id` (`branch_id`),
	KEY `receipt_number` (`receipt_number`),
	KEY `verified` (`verified`)
) DEFAULT CHARACTER SET = utf8mb4 COLLATE = utf8mb4_general_ci')
 5 APPPATH\Database\Migrations\2026-05-12-000001_CreateCashPaymentRecords.php(72): CodeIgniter\Database\Forge->createTable('cash_payment_records')
 6 SYSTEMPATH\Database\MigrationRunner.php(1014): App\Database\Migrations\CreateCashPaymentRecords->up()
 7 SYSTEMPATH\Database\MigrationRunner.php(202): CodeIgniter\Database\MigrationRunner->migrate('up', Object(stdClass))
 8 SYSTEMPATH\Commands\Database\Migrate.php(89): CodeIgniter\Database\MigrationRunner->latest(null)
 9 SYSTEMPATH\CLI\SignalTrait.php(245): CodeIgniter\Commands\Database\Migrate::CodeIgniter\Commands\Database\{closure}()
10 SYSTEMPATH\Commands\Database\Migrate.php(88): CodeIgniter\Commands\Database\Migrate->withSignalsBlocked(Object(Closure))
11 SYSTEMPATH\CLI\Commands.php(74): CodeIgniter\Commands\Database\Migrate->run([])
12 SYSTEMPATH\CLI\Console.php(47): CodeIgniter\CLI\Commands->run('migrate', [])
13 SYSTEMPATH\Boot.php(442): CodeIgniter\CLI\Console->run()
14 SYSTEMPATH\Boot.php(166): CodeIgniter\Boot::runCommand(Object(CodeIgniter\CLI\Console))
15 ROOTPATH\spark(87): CodeIgniter\Boot::bootSpark(Object(Config\Paths))
DEBUG - 2026-06-03 12:05:20 --> Session: Class initialized using 'CodeIgniter\Session\Handlers\FileHandler' driver.
DEBUG - 2026-06-03 12:05:37 --> Session: Class initialized using 'CodeIgniter\Session\Handlers\FileHandler' driver.
DEBUG - 2026-06-03 12:05:37 --> Session: Class initialized using 'CodeIgniter\Session\Handlers\FileHandler' driver.
DEBUG - 2026-06-03 12:05:38 --> Session: Class initialized using 'CodeIgniter\Session\Handlers\FileHandler' driver.
DEBUG - 2026-06-03 12:05:38 --> Session: Class initialized using 'CodeIgniter\Session\Handlers\FileHandler' driver.
DEBUG - 2026-06-03 12:06:33 --> Session: Class initialized using 'CodeIgniter\Session\Handlers\FileHandler' driver.
DEBUG - 2026-06-03 12:06:34 --> Session: Class initialized using 'CodeIgniter\Session\Handlers\FileHandler' driver.
DEBUG - 2026-06-03 12:06:34 --> Session: Class initialized using 'CodeIgniter\Session\Handlers\FileHandler' driver.
DEBUG - 2026-06-03 12:06:35 --> Session: Class initialized using 'CodeIgniter\Session\Handlers\FileHandler' driver.
DEBUG - 2026-06-03 12:06:35 --> Session: Class initialized using 'CodeIgniter\Session\Handlers\FileHandler' driver.
DEBUG - 2026-06-03 12:06:36 --> Session: Class initialized using 'CodeIgniter\Session\Handlers\FileHandler' driver.
DEBUG - 2026-06-03 12:06:36 --> Session: Class initialized using 'CodeIgniter\Session\Handlers\FileHandler' driver.
DEBUG - 2026-06-03 12:08:45 --> Session: Class initialized using 'CodeIgniter\Session\Handlers\FileHandler' driver.
DEBUG - 2026-06-03 12:09:50 --> Session: Class initialized using 'CodeIgniter\Session\Handlers\FileHandler' driver.
DEBUG - 2026-06-03 12:09:50 --> Session: Class initialized using 'CodeIgniter\Session\Handlers\FileHandler' driver.
DEBUG - 2026-06-03 12:11:13 --> Session: Class initialized using 'CodeIgniter\Session\Handlers\FileHandler' driver.
DEBUG - 2026-06-03 12:11:18 --> Session: Class initialized using 'CodeIgniter\Session\Handlers\FileHandler' driver.
DEBUG - 2026-06-03 12:11:19 --> Session: Class initialized using 'CodeIgniter\Session\Handlers\FileHandler' driver.
DEBUG - 2026-06-03 13:19:07 --> Session: Class initialized using 'CodeIgniter\Session\Handlers\FileHandler' driver.
DEBUG - 2026-06-03 13:19:07 --> Session: Class initialized using 'CodeIgniter\Session\Handlers\FileHandler' driver.
DEBUG - 2026-06-03 13:19:14 --> Session: Class initialized using 'CodeIgniter\Session\Handlers\FileHandler' driver.
DEBUG - 2026-06-03 13:19:16 --> Session: Class initialized using 'CodeIgniter\Session\Handlers\FileHandler' driver.
DEBUG - 2026-06-03 13:24:57 --> Session: Class initialized using 'CodeIgniter\Session\Handlers\FileHandler' driver.
ERROR - 2026-06-03 13:24:57 --> Unknown column 'service_list_id' in 'field list'
in SYSTEMPATH\Database\MySQLi\Connection.php on line 300.
 1 SYSTEMPATH\Database\MySQLi\Connection.php(300): mysqli->query('INSERT INTO `services` (`plan_holder_id`, `branch_id`, `service_list_id`, `package_id`, `total_cost`, `service_date`, `service_time`, `burial_location`, `assigned_staff`, `notes`, `status`) VALUES (12, 1, 2, NULL, \'3000.00\', \'2026-06-03\', NULL, NULL, NULL, \'Created from approved service request.\', \'pending\')', 0)
 2 SYSTEMPATH\Database\BaseConnection.php(910): CodeIgniter\Database\MySQLi\Connection->execute('INSERT INTO `services` (`plan_holder_id`, `branch_id`, `service_list_id`, `package_id`, `total_cost`, `service_date`, `service_time`, `burial_location`, `assigned_staff`, `notes`, `status`) VALUES (12, 1, 2, NULL, \'3000.00\', \'2026-06-03\', NULL, NULL, NULL, \'Created from approved service request.\', \'pending\')')
 3 SYSTEMPATH\Database\BaseConnection.php(827): CodeIgniter\Database\BaseConnection->simpleQuery('INSERT INTO `services` (`plan_holder_id`, `branch_id`, `service_list_id`, `package_id`, `total_cost`, `service_date`, `service_time`, `burial_location`, `assigned_staff`, `notes`, `status`) VALUES (12, 1, 2, NULL, \'3000.00\', \'2026-06-03\', NULL, NULL, NULL, \'Created from approved service request.\', \'pending\')')
 4 SYSTEMPATH\Database\BaseBuilder.php(2345): CodeIgniter\Database\BaseConnection->query('INSERT INTO `services` (`plan_holder_id`, `branch_id`, `service_list_id`, `package_id`, `total_cost`, `service_date`, `service_time`, `burial_location`, `assigned_staff`, `notes`, `status`) VALUES (:plan_holder_id:, :branch_id:, :service_list_id:, :package_id:, :total_cost:, :service_date:, :service_time:, :burial_location:, :assigned_staff:, :notes:, :status:)', [...], false)
 5 SYSTEMPATH\Model.php(355): CodeIgniter\Database\BaseBuilder->insert()
 6 SYSTEMPATH\BaseModel.php(899): CodeIgniter\Model->doInsert([...])
 7 SYSTEMPATH\Model.php(668): CodeIgniter\BaseModel->insert([...], true)
 8 APPPATH\Controllers\BranchAdmin\ServiceApplicationController.php(81): CodeIgniter\Model->insert([...])
 9 SYSTEMPATH\CodeIgniter.php(951): App\Controllers\BranchAdmin\ServiceApplicationController->approve(1)
10 SYSTEMPATH\CodeIgniter.php(497): CodeIgniter\CodeIgniter->runController(Object(App\Controllers\BranchAdmin\ServiceApplicationController))
11 SYSTEMPATH\CodeIgniter.php(340): CodeIgniter\CodeIgniter->handleRequest(null, Object(Config\Cache), false)
12 SYSTEMPATH\Boot.php(417): CodeIgniter\CodeIgniter->run()
13 SYSTEMPATH\Boot.php(68): CodeIgniter\Boot::runCodeIgniter(Object(CodeIgniter\CodeIgniter))
14 FCPATH\index.php(59): CodeIgniter\Boot::bootWeb(Object(Config\Paths))
ERROR - 2026-06-03 13:24:57 --> Table 'kaagapay_db.service_balances' doesn't exist
in SYSTEMPATH\Database\MySQLi\Connection.php on line 300.
 1 SYSTEMPATH\Database\MySQLi\Connection.php(300): mysqli->query('INSERT INTO `service_balances` (`application_id`, `service_id`, `plan_holder_id`, `branch_id`, `service_type`, `service_name`, `package_name`, `package_cost`, `monthly_fee`, `months_paid`, `total_contributions`, `assistance_amount`, `remaining_balance`, `installment_amount`, `due_date`, `next_due_date`, `beneficiary_user_id`, `beneficiary_name`, `beneficiary_relationship`, `status`) VALUES (1, NULL, 12, 1, \'service\', \'Burial Service\', NULL, 3000, 240, 3, 720, 3000, 0, 0, NULL, NULL, NULL, \'Carlos Miguel Garcia\', \'Husband\', \'completed\')', 0)
 2 SYSTEMPATH\Database\BaseConnection.php(910): CodeIgniter\Database\MySQLi\Connection->execute('INSERT INTO `service_balances` (`application_id`, `service_id`, `plan_holder_id`, `branch_id`, `service_type`, `service_name`, `package_name`, `package_cost`, `monthly_fee`, `months_paid`, `total_contributions`, `assistance_amount`, `remaining_balance`, `installment_amount`, `due_date`, `next_due_date`, `beneficiary_user_id`, `beneficiary_name`, `beneficiary_relationship`, `status`) VALUES (1, NULL, 12, 1, \'service\', \'Burial Service\', NULL, 3000, 240, 3, 720, 3000, 0, 0, NULL, NULL, NULL, \'Carlos Miguel Garcia\', \'Husband\', \'completed\')')
 3 SYSTEMPATH\Database\BaseConnection.php(827): CodeIgniter\Database\BaseConnection->simpleQuery('INSERT INTO `service_balances` (`application_id`, `service_id`, `plan_holder_id`, `branch_id`, `service_type`, `service_name`, `package_name`, `package_cost`, `monthly_fee`, `months_paid`, `total_contributions`, `assistance_amount`, `remaining_balance`, `installment_amount`, `due_date`, `next_due_date`, `beneficiary_user_id`, `beneficiary_name`, `beneficiary_relationship`, `status`) VALUES (1, NULL, 12, 1, \'service\', \'Burial Service\', NULL, 3000, 240, 3, 720, 3000, 0, 0, NULL, NULL, NULL, \'Carlos Miguel Garcia\', \'Husband\', \'completed\')')
 4 SYSTEMPATH\Database\BaseBuilder.php(2345): CodeIgniter\Database\BaseConnection->query('INSERT INTO `service_balances` (`application_id`, `service_id`, `plan_holder_id`, `branch_id`, `service_type`, `service_name`, `package_name`, `package_cost`, `monthly_fee`, `months_paid`, `total_contributions`, `assistance_amount`, `remaining_balance`, `installment_amount`, `due_date`, `next_due_date`, `beneficiary_user_id`, `beneficiary_name`, `beneficiary_relationship`, `status`) VALUES (:application_id:, :service_id:, :plan_holder_id:, :branch_id:, :service_type:, :service_name:, :package_name:, :package_cost:, :monthly_fee:, :months_paid:, :total_contributions:, :assistance_amount:, :remaining_balance:, :installment_amount:, :due_date:, :next_due_date:, :beneficiary_user_id:, :beneficiary_name:, :beneficiary_relationship:, :status:)', [...], false)
 5 SYSTEMPATH\Model.php(355): CodeIgniter\Database\BaseBuilder->insert()
 6 SYSTEMPATH\BaseModel.php(899): CodeIgniter\Model->doInsert([...])
 7 SYSTEMPATH\Model.php(668): CodeIgniter\BaseModel->insert([...], true)
 8 APPPATH\Services\ServiceBalanceService.php(136): CodeIgniter\Model->insert([...])
 9 APPPATH\Controllers\BranchAdmin\ServiceApplicationController.php(96): App\Services\ServiceBalanceService->createBalanceRecord([...], [...])
10 SYSTEMPATH\CodeIgniter.php(951): App\Controllers\BranchAdmin\ServiceApplicationController->approve(1)
11 SYSTEMPATH\CodeIgniter.php(497): CodeIgniter\CodeIgniter->runController(Object(App\Controllers\BranchAdmin\ServiceApplicationController))
12 SYSTEMPATH\CodeIgniter.php(340): CodeIgniter\CodeIgniter->handleRequest(null, Object(Config\Cache), false)
13 SYSTEMPATH\Boot.php(417): CodeIgniter\CodeIgniter->run()
14 SYSTEMPATH\Boot.php(68): CodeIgniter\Boot::runCodeIgniter(Object(CodeIgniter\CodeIgniter))
15 FCPATH\index.php(59): CodeIgniter\Boot::bootWeb(Object(Config\Paths))
DEBUG - 2026-06-03 13:24:58 --> Session: Class initialized using 'CodeIgniter\Session\Handlers\FileHandler' driver.
DEBUG - 2026-06-03 13:45:40 --> Session: Class initialized using 'CodeIgniter\Session\Handlers\FileHandler' driver.
DEBUG - 2026-06-03 13:45:41 --> Session: Class initialized using 'CodeIgniter\Session\Handlers\FileHandler' driver.
