DEBUG - 2026-05-14 04:18:21 --> Session: Class initialized using 'CodeIgniter\Session\Handlers\FileHandler' driver.
DEBUG - 2026-05-14 04:19:20 --> Session: Class initialized using 'CodeIgniter\Session\Handlers\FileHandler' driver.
DEBUG - 2026-05-14 04:19:20 --> Session: Class initialized using 'CodeIgniter\Session\Handlers\FileHandler' driver.
DEBUG - 2026-05-14 04:19:25 --> Session: Class initialized using 'CodeIgniter\Session\Handlers\FileHandler' driver.
ERROR - 2026-05-14 04:19:25 --> Unknown column 'is_primary' in 'field list'
in SYSTEMPATH\Database\MySQLi\Connection.php on line 300.
 1 SYSTEMPATH\Database\MySQLi\Connection.php(300): mysqli->query('SELECT `beneficiary_id`, `first_name`, `middle_name`, `last_name`, `relationship`, `is_primary`, `name_extension`, `date_of_birth`
FROM `beneficiaries`
WHERE `plan_holder_id` = 10
ORDER BY `is_primary` DESC, `first_name` ASC', 0)
 2 SYSTEMPATH\Database\BaseConnection.php(910): CodeIgniter\Database\MySQLi\Connection->execute('SELECT `beneficiary_id`, `first_name`, `middle_name`, `last_name`, `relationship`, `is_primary`, `name_extension`, `date_of_birth`
FROM `beneficiaries`
WHERE `plan_holder_id` = 10
ORDER BY `is_primary` DESC, `first_name` ASC')
 3 SYSTEMPATH\Database\BaseConnection.php(827): CodeIgniter\Database\BaseConnection->simpleQuery('SELECT `beneficiary_id`, `first_name`, `middle_name`, `last_name`, `relationship`, `is_primary`, `name_extension`, `date_of_birth`
FROM `beneficiaries`
WHERE `plan_holder_id` = 10
ORDER BY `is_primary` DESC, `first_name` ASC')
 4 SYSTEMPATH\Database\BaseBuilder.php(1649): CodeIgniter\Database\BaseConnection->query('SELECT `beneficiary_id`, `first_name`, `middle_name`, `last_name`, `relationship`, `is_primary`, `name_extension`, `date_of_birth`
FROM `beneficiaries`
WHERE `plan_holder_id` = :plan_holder_id:
ORDER BY `is_primary` DESC, `first_name` ASC', [...], false)
 5 APPPATH\Controllers\Client\ClientMembershipController.php(58): CodeIgniter\Database\BaseBuilder->get()
 6 SYSTEMPATH\CodeIgniter.php(951): App\Controllers\Client\ClientMembershipController->membership()
 7 SYSTEMPATH\CodeIgniter.php(497): CodeIgniter\CodeIgniter->runController(Object(App\Controllers\Client\ClientMembershipController))
 8 SYSTEMPATH\CodeIgniter.php(340): CodeIgniter\CodeIgniter->handleRequest(null, Object(Config\Cache), false)
 9 SYSTEMPATH\Boot.php(417): CodeIgniter\CodeIgniter->run()
10 SYSTEMPATH\Boot.php(68): CodeIgniter\Boot::runCodeIgniter(Object(CodeIgniter\CodeIgniter))
11 FCPATH\index.php(59): CodeIgniter\Boot::bootWeb(Object(Config\Paths))
CRITICAL - 2026-05-14 04:19:25 --> CodeIgniter\Database\Exceptions\DatabaseException: Unknown column 'is_primary' in 'field list'
[Method: GET, Route: client/membership]
in SYSTEMPATH\Database\BaseConnection.php on line 865.
 1 SYSTEMPATH\Database\BaseBuilder.php(1649): CodeIgniter\Database\BaseConnection->query('SELECT `beneficiary_id`, `first_name`, `middle_name`, `last_name`, `relationship`, `is_primary`, `name_extension`, `date_of_birth`
FROM `beneficiaries`
WHERE `plan_holder_id` = :plan_holder_id:
ORDER BY `is_primary` DESC, `first_name` ASC', [...], false)
 2 APPPATH\Controllers\Client\ClientMembershipController.php(58): CodeIgniter\Database\BaseBuilder->get()
 3 SYSTEMPATH\CodeIgniter.php(951): App\Controllers\Client\ClientMembershipController->membership()
 4 SYSTEMPATH\CodeIgniter.php(497): CodeIgniter\CodeIgniter->runController(Object(App\Controllers\Client\ClientMembershipController))
 5 SYSTEMPATH\CodeIgniter.php(340): CodeIgniter\CodeIgniter->handleRequest(null, Object(Config\Cache), false)
 6 SYSTEMPATH\Boot.php(417): CodeIgniter\CodeIgniter->run()
 7 SYSTEMPATH\Boot.php(68): CodeIgniter\Boot::runCodeIgniter(Object(CodeIgniter\CodeIgniter))
 8 FCPATH\index.php(59): CodeIgniter\Boot::bootWeb(Object(Config\Paths))
CRITICAL - 2026-05-14 04:19:25 --> [Caused by] CodeIgniter\Database\Exceptions\DatabaseException: Unknown column 'is_primary' in 'field list'
in SYSTEMPATH\Database\MySQLi\Connection.php on line 310.
 1 SYSTEMPATH\Database\BaseConnection.php(910): CodeIgniter\Database\MySQLi\Connection->execute('SELECT `beneficiary_id`, `first_name`, `middle_name`, `last_name`, `relationship`, `is_primary`, `name_extension`, `date_of_birth`
FROM `beneficiaries`
WHERE `plan_holder_id` = 10
ORDER BY `is_primary` DESC, `first_name` ASC')
 2 SYSTEMPATH\Database\BaseConnection.php(827): CodeIgniter\Database\BaseConnection->simpleQuery('SELECT `beneficiary_id`, `first_name`, `middle_name`, `last_name`, `relationship`, `is_primary`, `name_extension`, `date_of_birth`
FROM `beneficiaries`
WHERE `plan_holder_id` = 10
ORDER BY `is_primary` DESC, `first_name` ASC')
 3 SYSTEMPATH\Database\BaseBuilder.php(1649): CodeIgniter\Database\BaseConnection->query('SELECT `beneficiary_id`, `first_name`, `middle_name`, `last_name`, `relationship`, `is_primary`, `name_extension`, `date_of_birth`
FROM `beneficiaries`
WHERE `plan_holder_id` = :plan_holder_id:
ORDER BY `is_primary` DESC, `first_name` ASC', [...], false)
 4 APPPATH\Controllers\Client\ClientMembershipController.php(58): CodeIgniter\Database\BaseBuilder->get()
 5 SYSTEMPATH\CodeIgniter.php(951): App\Controllers\Client\ClientMembershipController->membership()
 6 SYSTEMPATH\CodeIgniter.php(497): CodeIgniter\CodeIgniter->runController(Object(App\Controllers\Client\ClientMembershipController))
 7 SYSTEMPATH\CodeIgniter.php(340): CodeIgniter\CodeIgniter->handleRequest(null, Object(Config\Cache), false)
 8 SYSTEMPATH\Boot.php(417): CodeIgniter\CodeIgniter->run()
 9 SYSTEMPATH\Boot.php(68): CodeIgniter\Boot::runCodeIgniter(Object(CodeIgniter\CodeIgniter))
10 FCPATH\index.php(59): CodeIgniter\Boot::bootWeb(Object(Config\Paths))
CRITICAL - 2026-05-14 04:19:25 --> [Caused by] mysqli_sql_exception: Unknown column 'is_primary' in 'field list'
in SYSTEMPATH\Database\MySQLi\Connection.php on line 300.
 1 SYSTEMPATH\Database\MySQLi\Connection.php(300): mysqli->query('SELECT `beneficiary_id`, `first_name`, `middle_name`, `last_name`, `relationship`, `is_primary`, `name_extension`, `date_of_birth`
FROM `beneficiaries`
WHERE `plan_holder_id` = 10
ORDER BY `is_primary` DESC, `first_name` ASC', 0)
 2 SYSTEMPATH\Database\BaseConnection.php(910): CodeIgniter\Database\MySQLi\Connection->execute('SELECT `beneficiary_id`, `first_name`, `middle_name`, `last_name`, `relationship`, `is_primary`, `name_extension`, `date_of_birth`
FROM `beneficiaries`
WHERE `plan_holder_id` = 10
ORDER BY `is_primary` DESC, `first_name` ASC')
 3 SYSTEMPATH\Database\BaseConnection.php(827): CodeIgniter\Database\BaseConnection->simpleQuery('SELECT `beneficiary_id`, `first_name`, `middle_name`, `last_name`, `relationship`, `is_primary`, `name_extension`, `date_of_birth`
FROM `beneficiaries`
WHERE `plan_holder_id` = 10
ORDER BY `is_primary` DESC, `first_name` ASC')
 4 SYSTEMPATH\Database\BaseBuilder.php(1649): CodeIgniter\Database\BaseConnection->query('SELECT `beneficiary_id`, `first_name`, `middle_name`, `last_name`, `relationship`, `is_primary`, `name_extension`, `date_of_birth`
FROM `beneficiaries`
WHERE `plan_holder_id` = :plan_holder_id:
ORDER BY `is_primary` DESC, `first_name` ASC', [...], false)
 5 APPPATH\Controllers\Client\ClientMembershipController.php(58): CodeIgniter\Database\BaseBuilder->get()
 6 SYSTEMPATH\CodeIgniter.php(951): App\Controllers\Client\ClientMembershipController->membership()
 7 SYSTEMPATH\CodeIgniter.php(497): CodeIgniter\CodeIgniter->runController(Object(App\Controllers\Client\ClientMembershipController))
 8 SYSTEMPATH\CodeIgniter.php(340): CodeIgniter\CodeIgniter->handleRequest(null, Object(Config\Cache), false)
 9 SYSTEMPATH\Boot.php(417): CodeIgniter\CodeIgniter->run()
10 SYSTEMPATH\Boot.php(68): CodeIgniter\Boot::runCodeIgniter(Object(CodeIgniter\CodeIgniter))
11 FCPATH\index.php(59): CodeIgniter\Boot::bootWeb(Object(Config\Paths))
DEBUG - 2026-05-14 04:22:37 --> Session: Class initialized using 'CodeIgniter\Session\Handlers\FileHandler' driver.
DEBUG - 2026-05-14 04:22:38 --> Session: Class initialized using 'CodeIgniter\Session\Handlers\FileHandler' driver.
DEBUG - 2026-05-14 04:22:41 --> Session: Class initialized using 'CodeIgniter\Session\Handlers\FileHandler' driver.
DEBUG - 2026-05-14 04:22:43 --> Session: Class initialized using 'CodeIgniter\Session\Handlers\FileHandler' driver.
DEBUG - 2026-05-14 04:22:45 --> Session: Class initialized using 'CodeIgniter\Session\Handlers\FileHandler' driver.
DEBUG - 2026-05-14 04:22:46 --> Session: Class initialized using 'CodeIgniter\Session\Handlers\FileHandler' driver.
ERROR - 2026-05-14 04:22:46 --> Unknown column 'is_primary' in 'field list'
in SYSTEMPATH\Database\MySQLi\Connection.php on line 300.
 1 SYSTEMPATH\Database\MySQLi\Connection.php(300): mysqli->query('SELECT `beneficiary_id`, `first_name`, `middle_name`, `last_name`, `relationship`, `is_primary`, `name_extension`, `date_of_birth`
FROM `beneficiaries`
WHERE `plan_holder_id` = 10
ORDER BY `is_primary` DESC, `first_name` ASC', 0)
 2 SYSTEMPATH\Database\BaseConnection.php(910): CodeIgniter\Database\MySQLi\Connection->execute('SELECT `beneficiary_id`, `first_name`, `middle_name`, `last_name`, `relationship`, `is_primary`, `name_extension`, `date_of_birth`
FROM `beneficiaries`
WHERE `plan_holder_id` = 10
ORDER BY `is_primary` DESC, `first_name` ASC')
 3 SYSTEMPATH\Database\BaseConnection.php(827): CodeIgniter\Database\BaseConnection->simpleQuery('SELECT `beneficiary_id`, `first_name`, `middle_name`, `last_name`, `relationship`, `is_primary`, `name_extension`, `date_of_birth`
FROM `beneficiaries`
WHERE `plan_holder_id` = 10
ORDER BY `is_primary` DESC, `first_name` ASC')
 4 SYSTEMPATH\Database\BaseBuilder.php(1649): CodeIgniter\Database\BaseConnection->query('SELECT `beneficiary_id`, `first_name`, `middle_name`, `last_name`, `relationship`, `is_primary`, `name_extension`, `date_of_birth`
FROM `beneficiaries`
WHERE `plan_holder_id` = :plan_holder_id:
ORDER BY `is_primary` DESC, `first_name` ASC', [...], false)
 5 APPPATH\Controllers\Client\ClientMembershipController.php(58): CodeIgniter\Database\BaseBuilder->get()
 6 SYSTEMPATH\CodeIgniter.php(951): App\Controllers\Client\ClientMembershipController->membership()
 7 SYSTEMPATH\CodeIgniter.php(497): CodeIgniter\CodeIgniter->runController(Object(App\Controllers\Client\ClientMembershipController))
 8 SYSTEMPATH\CodeIgniter.php(340): CodeIgniter\CodeIgniter->handleRequest(null, Object(Config\Cache), false)
 9 SYSTEMPATH\Boot.php(417): CodeIgniter\CodeIgniter->run()
10 SYSTEMPATH\Boot.php(68): CodeIgniter\Boot::runCodeIgniter(Object(CodeIgniter\CodeIgniter))
11 FCPATH\index.php(59): CodeIgniter\Boot::bootWeb(Object(Config\Paths))
CRITICAL - 2026-05-14 04:22:46 --> CodeIgniter\Database\Exceptions\DatabaseException: Unknown column 'is_primary' in 'field list'
[Method: GET, Route: client/membership]
in SYSTEMPATH\Database\BaseConnection.php on line 865.
 1 SYSTEMPATH\Database\BaseBuilder.php(1649): CodeIgniter\Database\BaseConnection->query('SELECT `beneficiary_id`, `first_name`, `middle_name`, `last_name`, `relationship`, `is_primary`, `name_extension`, `date_of_birth`
FROM `beneficiaries`
WHERE `plan_holder_id` = :plan_holder_id:
ORDER BY `is_primary` DESC, `first_name` ASC', [...], false)
 2 APPPATH\Controllers\Client\ClientMembershipController.php(58): CodeIgniter\Database\BaseBuilder->get()
 3 SYSTEMPATH\CodeIgniter.php(951): App\Controllers\Client\ClientMembershipController->membership()
 4 SYSTEMPATH\CodeIgniter.php(497): CodeIgniter\CodeIgniter->runController(Object(App\Controllers\Client\ClientMembershipController))
 5 SYSTEMPATH\CodeIgniter.php(340): CodeIgniter\CodeIgniter->handleRequest(null, Object(Config\Cache), false)
 6 SYSTEMPATH\Boot.php(417): CodeIgniter\CodeIgniter->run()
 7 SYSTEMPATH\Boot.php(68): CodeIgniter\Boot::runCodeIgniter(Object(CodeIgniter\CodeIgniter))
 8 FCPATH\index.php(59): CodeIgniter\Boot::bootWeb(Object(Config\Paths))
CRITICAL - 2026-05-14 04:22:46 --> [Caused by] CodeIgniter\Database\Exceptions\DatabaseException: Unknown column 'is_primary' in 'field list'
in SYSTEMPATH\Database\MySQLi\Connection.php on line 310.
 1 SYSTEMPATH\Database\BaseConnection.php(910): CodeIgniter\Database\MySQLi\Connection->execute('SELECT `beneficiary_id`, `first_name`, `middle_name`, `last_name`, `relationship`, `is_primary`, `name_extension`, `date_of_birth`
FROM `beneficiaries`
WHERE `plan_holder_id` = 10
ORDER BY `is_primary` DESC, `first_name` ASC')
 2 SYSTEMPATH\Database\BaseConnection.php(827): CodeIgniter\Database\BaseConnection->simpleQuery('SELECT `beneficiary_id`, `first_name`, `middle_name`, `last_name`, `relationship`, `is_primary`, `name_extension`, `date_of_birth`
FROM `beneficiaries`
WHERE `plan_holder_id` = 10
ORDER BY `is_primary` DESC, `first_name` ASC')
 3 SYSTEMPATH\Database\BaseBuilder.php(1649): CodeIgniter\Database\BaseConnection->query('SELECT `beneficiary_id`, `first_name`, `middle_name`, `last_name`, `relationship`, `is_primary`, `name_extension`, `date_of_birth`
FROM `beneficiaries`
WHERE `plan_holder_id` = :plan_holder_id:
ORDER BY `is_primary` DESC, `first_name` ASC', [...], false)
 4 APPPATH\Controllers\Client\ClientMembershipController.php(58): CodeIgniter\Database\BaseBuilder->get()
 5 SYSTEMPATH\CodeIgniter.php(951): App\Controllers\Client\ClientMembershipController->membership()
 6 SYSTEMPATH\CodeIgniter.php(497): CodeIgniter\CodeIgniter->runController(Object(App\Controllers\Client\ClientMembershipController))
 7 SYSTEMPATH\CodeIgniter.php(340): CodeIgniter\CodeIgniter->handleRequest(null, Object(Config\Cache), false)
 8 SYSTEMPATH\Boot.php(417): CodeIgniter\CodeIgniter->run()
 9 SYSTEMPATH\Boot.php(68): CodeIgniter\Boot::runCodeIgniter(Object(CodeIgniter\CodeIgniter))
10 FCPATH\index.php(59): CodeIgniter\Boot::bootWeb(Object(Config\Paths))
CRITICAL - 2026-05-14 04:22:46 --> [Caused by] mysqli_sql_exception: Unknown column 'is_primary' in 'field list'
in SYSTEMPATH\Database\MySQLi\Connection.php on line 300.
 1 SYSTEMPATH\Database\MySQLi\Connection.php(300): mysqli->query('SELECT `beneficiary_id`, `first_name`, `middle_name`, `last_name`, `relationship`, `is_primary`, `name_extension`, `date_of_birth`
FROM `beneficiaries`
WHERE `plan_holder_id` = 10
ORDER BY `is_primary` DESC, `first_name` ASC', 0)
 2 SYSTEMPATH\Database\BaseConnection.php(910): CodeIgniter\Database\MySQLi\Connection->execute('SELECT `beneficiary_id`, `first_name`, `middle_name`, `last_name`, `relationship`, `is_primary`, `name_extension`, `date_of_birth`
FROM `beneficiaries`
WHERE `plan_holder_id` = 10
ORDER BY `is_primary` DESC, `first_name` ASC')
 3 SYSTEMPATH\Database\BaseConnection.php(827): CodeIgniter\Database\BaseConnection->simpleQuery('SELECT `beneficiary_id`, `first_name`, `middle_name`, `last_name`, `relationship`, `is_primary`, `name_extension`, `date_of_birth`
FROM `beneficiaries`
WHERE `plan_holder_id` = 10
ORDER BY `is_primary` DESC, `first_name` ASC')
 4 SYSTEMPATH\Database\BaseBuilder.php(1649): CodeIgniter\Database\BaseConnection->query('SELECT `beneficiary_id`, `first_name`, `middle_name`, `last_name`, `relationship`, `is_primary`, `name_extension`, `date_of_birth`
FROM `beneficiaries`
WHERE `plan_holder_id` = :plan_holder_id:
ORDER BY `is_primary` DESC, `first_name` ASC', [...], false)
 5 APPPATH\Controllers\Client\ClientMembershipController.php(58): CodeIgniter\Database\BaseBuilder->get()
 6 SYSTEMPATH\CodeIgniter.php(951): App\Controllers\Client\ClientMembershipController->membership()
 7 SYSTEMPATH\CodeIgniter.php(497): CodeIgniter\CodeIgniter->runController(Object(App\Controllers\Client\ClientMembershipController))
 8 SYSTEMPATH\CodeIgniter.php(340): CodeIgniter\CodeIgniter->handleRequest(null, Object(Config\Cache), false)
 9 SYSTEMPATH\Boot.php(417): CodeIgniter\CodeIgniter->run()
10 SYSTEMPATH\Boot.php(68): CodeIgniter\Boot::runCodeIgniter(Object(CodeIgniter\CodeIgniter))
11 FCPATH\index.php(59): CodeIgniter\Boot::bootWeb(Object(Config\Paths))
DEBUG - 2026-05-14 04:37:17 --> Session: Class initialized using 'CodeIgniter\Session\Handlers\FileHandler' driver.
DEBUG - 2026-05-14 04:48:43 --> Session: Class initialized using 'CodeIgniter\Session\Handlers\FileHandler' driver.
DEBUG - 2026-05-14 04:48:49 --> Session: Class initialized using 'CodeIgniter\Session\Handlers\FileHandler' driver.
DEBUG - 2026-05-14 04:48:51 --> Session: Class initialized using 'CodeIgniter\Session\Handlers\FileHandler' driver.
DEBUG - 2026-05-14 04:48:52 --> Session: Class initialized using 'CodeIgniter\Session\Handlers\FileHandler' driver.
DEBUG - 2026-05-14 04:50:48 --> Session: Class initialized using 'CodeIgniter\Session\Handlers\FileHandler' driver.
DEBUG - 2026-05-14 04:54:10 --> Session: Class initialized using 'CodeIgniter\Session\Handlers\FileHandler' driver.
DEBUG - 2026-05-14 04:54:11 --> Session: Class initialized using 'CodeIgniter\Session\Handlers\FileHandler' driver.
