DEBUG - 2026-06-02 23:53:42 --> Session: Class initialized using 'CodeIgniter\Session\Handlers\FileHandler' driver.
DEBUG - 2026-06-02 23:54:44 --> Session: Class initialized using 'CodeIgniter\Session\Handlers\FileHandler' driver.
DEBUG - 2026-06-02 23:54:45 --> Session: Class initialized using 'CodeIgniter\Session\Handlers\FileHandler' driver.
DEBUG - 2026-06-02 23:55:06 --> Session: Class initialized using 'CodeIgniter\Session\Handlers\FileHandler' driver.
DEBUG - 2026-06-02 23:55:09 --> Session: Class initialized using 'CodeIgniter\Session\Handlers\FileHandler' driver.
DEBUG - 2026-06-02 23:55:26 --> Session: Class initialized using 'CodeIgniter\Session\Handlers\FileHandler' driver.
DEBUG - 2026-06-02 23:55:27 --> Session: Class initialized using 'CodeIgniter\Session\Handlers\FileHandler' driver.
DEBUG - 2026-06-02 23:55:56 --> Session: Class initialized using 'CodeIgniter\Session\Handlers\FileHandler' driver.
DEBUG - 2026-06-02 23:55:58 --> Session: Class initialized using 'CodeIgniter\Session\Handlers\FileHandler' driver.
DEBUG - 2026-06-02 23:56:10 --> Session: Class initialized using 'CodeIgniter\Session\Handlers\FileHandler' driver.
DEBUG - 2026-06-02 23:56:15 --> Session: Class initialized using 'CodeIgniter\Session\Handlers\FileHandler' driver.
DEBUG - 2026-06-02 23:56:21 --> Session: Class initialized using 'CodeIgniter\Session\Handlers\FileHandler' driver.
DEBUG - 2026-06-02 23:56:25 --> Session: Class initialized using 'CodeIgniter\Session\Handlers\FileHandler' driver.
ERROR - 2026-06-02 23:56:25 --> Unknown column 's.service_list_id' in 'on clause'
in SYSTEMPATH\Database\MySQLi\Connection.php on line 300.
 1 SYSTEMPATH\Database\MySQLi\Connection.php(300): mysqli->query('SELECT s.service_id, COALESCE(sl.service_name, \'-\') AS service_type, s.status, s.total_cost, s.service_date, b.branch_name, u.first_name, u.last_name
             FROM services s
             LEFT JOIN service_list sl ON sl.service_list_id = s.service_list_id
             INNER JOIN branches b ON b.branch_id = s.branch_id
             INNER JOIN plan_holders ph ON ph.plan_holder_id = s.plan_holder_id
             INNER JOIN users u ON u.user_id = ph.user_id ORDER BY s.service_id DESC LIMIT 25', 0)
 2 SYSTEMPATH\Database\BaseConnection.php(910): CodeIgniter\Database\MySQLi\Connection->execute('SELECT s.service_id, COALESCE(sl.service_name, \'-\') AS service_type, s.status, s.total_cost, s.service_date, b.branch_name, u.first_name, u.last_name
             FROM services s
             LEFT JOIN service_list sl ON sl.service_list_id = s.service_list_id
             INNER JOIN branches b ON b.branch_id = s.branch_id
             INNER JOIN plan_holders ph ON ph.plan_holder_id = s.plan_holder_id
             INNER JOIN users u ON u.user_id = ph.user_id ORDER BY s.service_id DESC LIMIT 25')
 3 SYSTEMPATH\Database\BaseConnection.php(827): CodeIgniter\Database\BaseConnection->simpleQuery('SELECT s.service_id, COALESCE(sl.service_name, \'-\') AS service_type, s.status, s.total_cost, s.service_date, b.branch_name, u.first_name, u.last_name
             FROM services s
             LEFT JOIN service_list sl ON sl.service_list_id = s.service_list_id
             INNER JOIN branches b ON b.branch_id = s.branch_id
             INNER JOIN plan_holders ph ON ph.plan_holder_id = s.plan_holder_id
             INNER JOIN users u ON u.user_id = ph.user_id ORDER BY s.service_id DESC LIMIT 25')
 4 APPPATH\Controllers\Reports.php(91): CodeIgniter\Database\BaseConnection->query('SELECT s.service_id, COALESCE(sl.service_name, \'-\') AS service_type, s.status, s.total_cost, s.service_date, b.branch_name, u.first_name, u.last_name
             FROM services s
             LEFT JOIN service_list sl ON sl.service_list_id = s.service_list_id
             INNER JOIN branches b ON b.branch_id = s.branch_id
             INNER JOIN plan_holders ph ON ph.plan_holder_id = s.plan_holder_id
             INNER JOIN users u ON u.user_id = ph.user_id ORDER BY s.service_id DESC LIMIT 25')
 5 APPPATH\Controllers\Reports.php(23): App\Controllers\Reports->buildServiceSummary(0, 1)
 6 SYSTEMPATH\CodeIgniter.php(951): App\Controllers\Reports->index()
 7 SYSTEMPATH\CodeIgniter.php(497): CodeIgniter\CodeIgniter->runController(Object(App\Controllers\Reports))
 8 SYSTEMPATH\CodeIgniter.php(340): CodeIgniter\CodeIgniter->handleRequest(null, Object(Config\Cache), false)
 9 SYSTEMPATH\Boot.php(417): CodeIgniter\CodeIgniter->run()
10 SYSTEMPATH\Boot.php(68): CodeIgniter\Boot::runCodeIgniter(Object(CodeIgniter\CodeIgniter))
11 FCPATH\index.php(59): CodeIgniter\Boot::bootWeb(Object(Config\Paths))
CRITICAL - 2026-06-02 23:56:25 --> CodeIgniter\Database\Exceptions\DatabaseException: Unknown column 's.service_list_id' in 'on clause'
[Method: GET, Route: admin/reports]
in SYSTEMPATH\Database\BaseConnection.php on line 865.
 1 APPPATH\Controllers\Reports.php(91): CodeIgniter\Database\BaseConnection->query('SELECT s.service_id, COALESCE(sl.service_name, \'-\') AS service_type, s.status, s.total_cost, s.service_date, b.branch_name, u.first_name, u.last_name
             FROM services s
             LEFT JOIN service_list sl ON sl.service_list_id = s.service_list_id
             INNER JOIN branches b ON b.branch_id = s.branch_id
             INNER JOIN plan_holders ph ON ph.plan_holder_id = s.plan_holder_id
             INNER JOIN users u ON u.user_id = ph.user_id ORDER BY s.service_id DESC LIMIT 25')
 2 APPPATH\Controllers\Reports.php(23): App\Controllers\Reports->buildServiceSummary(0, 1)
 3 SYSTEMPATH\CodeIgniter.php(951): App\Controllers\Reports->index()
 4 SYSTEMPATH\CodeIgniter.php(497): CodeIgniter\CodeIgniter->runController(Object(App\Controllers\Reports))
 5 SYSTEMPATH\CodeIgniter.php(340): CodeIgniter\CodeIgniter->handleRequest(null, Object(Config\Cache), false)
 6 SYSTEMPATH\Boot.php(417): CodeIgniter\CodeIgniter->run()
 7 SYSTEMPATH\Boot.php(68): CodeIgniter\Boot::runCodeIgniter(Object(CodeIgniter\CodeIgniter))
 8 FCPATH\index.php(59): CodeIgniter\Boot::bootWeb(Object(Config\Paths))
CRITICAL - 2026-06-02 23:56:25 --> [Caused by] CodeIgniter\Database\Exceptions\DatabaseException: Unknown column 's.service_list_id' in 'on clause'
in SYSTEMPATH\Database\MySQLi\Connection.php on line 310.
 1 SYSTEMPATH\Database\BaseConnection.php(910): CodeIgniter\Database\MySQLi\Connection->execute('SELECT s.service_id, COALESCE(sl.service_name, \'-\') AS service_type, s.status, s.total_cost, s.service_date, b.branch_name, u.first_name, u.last_name
             FROM services s
             LEFT JOIN service_list sl ON sl.service_list_id = s.service_list_id
             INNER JOIN branches b ON b.branch_id = s.branch_id
             INNER JOIN plan_holders ph ON ph.plan_holder_id = s.plan_holder_id
             INNER JOIN users u ON u.user_id = ph.user_id ORDER BY s.service_id DESC LIMIT 25')
 2 SYSTEMPATH\Database\BaseConnection.php(827): CodeIgniter\Database\BaseConnection->simpleQuery('SELECT s.service_id, COALESCE(sl.service_name, \'-\') AS service_type, s.status, s.total_cost, s.service_date, b.branch_name, u.first_name, u.last_name
             FROM services s
             LEFT JOIN service_list sl ON sl.service_list_id = s.service_list_id
             INNER JOIN branches b ON b.branch_id = s.branch_id
             INNER JOIN plan_holders ph ON ph.plan_holder_id = s.plan_holder_id
             INNER JOIN users u ON u.user_id = ph.user_id ORDER BY s.service_id DESC LIMIT 25')
 3 APPPATH\Controllers\Reports.php(91): CodeIgniter\Database\BaseConnection->query('SELECT s.service_id, COALESCE(sl.service_name, \'-\') AS service_type, s.status, s.total_cost, s.service_date, b.branch_name, u.first_name, u.last_name
             FROM services s
             LEFT JOIN service_list sl ON sl.service_list_id = s.service_list_id
             INNER JOIN branches b ON b.branch_id = s.branch_id
             INNER JOIN plan_holders ph ON ph.plan_holder_id = s.plan_holder_id
             INNER JOIN users u ON u.user_id = ph.user_id ORDER BY s.service_id DESC LIMIT 25')
 4 APPPATH\Controllers\Reports.php(23): App\Controllers\Reports->buildServiceSummary(0, 1)
 5 SYSTEMPATH\CodeIgniter.php(951): App\Controllers\Reports->index()
 6 SYSTEMPATH\CodeIgniter.php(497): CodeIgniter\CodeIgniter->runController(Object(App\Controllers\Reports))
 7 SYSTEMPATH\CodeIgniter.php(340): CodeIgniter\CodeIgniter->handleRequest(null, Object(Config\Cache), false)
 8 SYSTEMPATH\Boot.php(417): CodeIgniter\CodeIgniter->run()
 9 SYSTEMPATH\Boot.php(68): CodeIgniter\Boot::runCodeIgniter(Object(CodeIgniter\CodeIgniter))
10 FCPATH\index.php(59): CodeIgniter\Boot::bootWeb(Object(Config\Paths))
CRITICAL - 2026-06-02 23:56:25 --> [Caused by] mysqli_sql_exception: Unknown column 's.service_list_id' in 'on clause'
in SYSTEMPATH\Database\MySQLi\Connection.php on line 300.
 1 SYSTEMPATH\Database\MySQLi\Connection.php(300): mysqli->query('SELECT s.service_id, COALESCE(sl.service_name, \'-\') AS service_type, s.status, s.total_cost, s.service_date, b.branch_name, u.first_name, u.last_name
             FROM services s
             LEFT JOIN service_list sl ON sl.service_list_id = s.service_list_id
             INNER JOIN branches b ON b.branch_id = s.branch_id
             INNER JOIN plan_holders ph ON ph.plan_holder_id = s.plan_holder_id
             INNER JOIN users u ON u.user_id = ph.user_id ORDER BY s.service_id DESC LIMIT 25', 0)
 2 SYSTEMPATH\Database\BaseConnection.php(910): CodeIgniter\Database\MySQLi\Connection->execute('SELECT s.service_id, COALESCE(sl.service_name, \'-\') AS service_type, s.status, s.total_cost, s.service_date, b.branch_name, u.first_name, u.last_name
             FROM services s
             LEFT JOIN service_list sl ON sl.service_list_id = s.service_list_id
             INNER JOIN branches b ON b.branch_id = s.branch_id
             INNER JOIN plan_holders ph ON ph.plan_holder_id = s.plan_holder_id
             INNER JOIN users u ON u.user_id = ph.user_id ORDER BY s.service_id DESC LIMIT 25')
 3 SYSTEMPATH\Database\BaseConnection.php(827): CodeIgniter\Database\BaseConnection->simpleQuery('SELECT s.service_id, COALESCE(sl.service_name, \'-\') AS service_type, s.status, s.total_cost, s.service_date, b.branch_name, u.first_name, u.last_name
             FROM services s
             LEFT JOIN service_list sl ON sl.service_list_id = s.service_list_id
             INNER JOIN branches b ON b.branch_id = s.branch_id
             INNER JOIN plan_holders ph ON ph.plan_holder_id = s.plan_holder_id
             INNER JOIN users u ON u.user_id = ph.user_id ORDER BY s.service_id DESC LIMIT 25')
 4 APPPATH\Controllers\Reports.php(91): CodeIgniter\Database\BaseConnection->query('SELECT s.service_id, COALESCE(sl.service_name, \'-\') AS service_type, s.status, s.total_cost, s.service_date, b.branch_name, u.first_name, u.last_name
             FROM services s
             LEFT JOIN service_list sl ON sl.service_list_id = s.service_list_id
             INNER JOIN branches b ON b.branch_id = s.branch_id
             INNER JOIN plan_holders ph ON ph.plan_holder_id = s.plan_holder_id
             INNER JOIN users u ON u.user_id = ph.user_id ORDER BY s.service_id DESC LIMIT 25')
 5 APPPATH\Controllers\Reports.php(23): App\Controllers\Reports->buildServiceSummary(0, 1)
 6 SYSTEMPATH\CodeIgniter.php(951): App\Controllers\Reports->index()
 7 SYSTEMPATH\CodeIgniter.php(497): CodeIgniter\CodeIgniter->runController(Object(App\Controllers\Reports))
 8 SYSTEMPATH\CodeIgniter.php(340): CodeIgniter\CodeIgniter->handleRequest(null, Object(Config\Cache), false)
 9 SYSTEMPATH\Boot.php(417): CodeIgniter\CodeIgniter->run()
10 SYSTEMPATH\Boot.php(68): CodeIgniter\Boot::runCodeIgniter(Object(CodeIgniter\CodeIgniter))
11 FCPATH\index.php(59): CodeIgniter\Boot::bootWeb(Object(Config\Paths))
DEBUG - 2026-06-02 23:56:27 --> Session: Class initialized using 'CodeIgniter\Session\Handlers\FileHandler' driver.
DEBUG - 2026-06-02 23:56:41 --> Session: Class initialized using 'CodeIgniter\Session\Handlers\FileHandler' driver.
DEBUG - 2026-06-02 23:56:46 --> Session: Class initialized using 'CodeIgniter\Session\Handlers\FileHandler' driver.
DEBUG - 2026-06-02 23:56:50 --> Session: Class initialized using 'CodeIgniter\Session\Handlers\FileHandler' driver.
DEBUG - 2026-06-02 23:56:52 --> Session: Class initialized using 'CodeIgniter\Session\Handlers\FileHandler' driver.
