DEBUG - 2026-06-04 04:50:23 --> Session: Class initialized using 'CodeIgniter\Session\Handlers\FileHandler' driver.
DEBUG - 2026-06-04 04:52:27 --> Session: Class initialized using 'CodeIgniter\Session\Handlers\FileHandler' driver.
DEBUG - 2026-06-04 04:52:32 --> Session: Class initialized using 'CodeIgniter\Session\Handlers\FileHandler' driver.
DEBUG - 2026-06-04 04:52:32 --> Session: Class initialized using 'CodeIgniter\Session\Handlers\FileHandler' driver.
DEBUG - 2026-06-04 04:53:41 --> Session: Class initialized using 'CodeIgniter\Session\Handlers\FileHandler' driver.
DEBUG - 2026-06-04 04:53:42 --> Session: Class initialized using 'CodeIgniter\Session\Handlers\FileHandler' driver.
DEBUG - 2026-06-04 04:53:46 --> Session: Class initialized using 'CodeIgniter\Session\Handlers\FileHandler' driver.
DEBUG - 2026-06-04 04:53:49 --> Session: Class initialized using 'CodeIgniter\Session\Handlers\FileHandler' driver.
ERROR - 2026-06-04 04:53:49 --> Unknown column 'service_list_id' in 'field list'
in SYSTEMPATH\Database\MySQLi\Connection.php on line 300.
 1 SYSTEMPATH\Database\MySQLi\Connection.php(300): mysqli->query('INSERT INTO `services` (`plan_holder_id`, `branch_id`, `service_list_id`, `package_id`, `total_cost`, `service_date`, `service_time`, `burial_location`, `assigned_staff`, `notes`, `status`) VALUES (12, 1, 2, NULL, \'3000.00\', \'2026-06-04\', NULL, NULL, NULL, \'Created from approved service request.\', \'pending\')', 0)
 2 SYSTEMPATH\Database\BaseConnection.php(910): CodeIgniter\Database\MySQLi\Connection->execute('INSERT INTO `services` (`plan_holder_id`, `branch_id`, `service_list_id`, `package_id`, `total_cost`, `service_date`, `service_time`, `burial_location`, `assigned_staff`, `notes`, `status`) VALUES (12, 1, 2, NULL, \'3000.00\', \'2026-06-04\', NULL, NULL, NULL, \'Created from approved service request.\', \'pending\')')
 3 SYSTEMPATH\Database\BaseConnection.php(827): CodeIgniter\Database\BaseConnection->simpleQuery('INSERT INTO `services` (`plan_holder_id`, `branch_id`, `service_list_id`, `package_id`, `total_cost`, `service_date`, `service_time`, `burial_location`, `assigned_staff`, `notes`, `status`) VALUES (12, 1, 2, NULL, \'3000.00\', \'2026-06-04\', NULL, NULL, NULL, \'Created from approved service request.\', \'pending\')')
 4 SYSTEMPATH\Database\BaseBuilder.php(2345): CodeIgniter\Database\BaseConnection->query('INSERT INTO `services` (`plan_holder_id`, `branch_id`, `service_list_id`, `package_id`, `total_cost`, `service_date`, `service_time`, `burial_location`, `assigned_staff`, `notes`, `status`) VALUES (:plan_holder_id:, :branch_id:, :service_list_id:, :package_id:, :total_cost:, :service_date:, :service_time:, :burial_location:, :assigned_staff:, :notes:, :status:)', [...], false)
 5 SYSTEMPATH\Model.php(355): CodeIgniter\Database\BaseBuilder->insert()
 6 SYSTEMPATH\BaseModel.php(899): CodeIgniter\Model->doInsert([...])
 7 SYSTEMPATH\Model.php(668): CodeIgniter\BaseModel->insert([...], true)
 8 APPPATH\Controllers\BranchAdmin\ServiceApplicationController.php(81): CodeIgniter\Model->insert([...])
 9 SYSTEMPATH\CodeIgniter.php(951): App\Controllers\BranchAdmin\ServiceApplicationController->approve(1)
10 SYSTEMPATH\CodeIgniter.php(497): CodeIgniter\CodeIgniter->runController(Object(App\Controllers\BranchAdmin\ServiceApplicationController))
11 SYSTEMPATH\CodeIgniter.php(340): CodeIgniter\CodeIgniter->handleRequest(null, Object(Config\Cache), false)
12 SYSTEMPATH\Boot.php(417): CodeIgniter\CodeIgniter->run()
13 SYSTEMPATH\Boot.php(68): CodeIgniter\Boot::runCodeIgniter(Object(CodeIgniter\CodeIgniter))
14 FCPATH\index.php(59): CodeIgniter\Boot::bootWeb(Object(Config\Paths))
ERROR - 2026-06-04 04:53:50 --> Table 'kaagapay_db.service_balances' doesn't exist
in SYSTEMPATH\Database\MySQLi\Connection.php on line 300.
 1 SYSTEMPATH\Database\MySQLi\Connection.php(300): mysqli->query('INSERT INTO `service_balances` (`application_id`, `service_id`, `plan_holder_id`, `branch_id`, `service_type`, `service_name`, `package_name`, `package_cost`, `monthly_fee`, `months_paid`, `total_contributions`, `assistance_amount`, `remaining_balance`, `installment_amount`, `due_date`, `next_due_date`, `beneficiary_user_id`, `beneficiary_name`, `beneficiary_relationship`, `status`) VALUES (1, NULL, 12, 1, \'service\', \'Burial Service\', NULL, 3000, 240, 3, 720, 3000, 0, 0, NULL, NULL, NULL, \'Carlos Miguel Garcia\', \'Husband\', \'completed\')', 0)
 2 SYSTEMPATH\Database\BaseConnection.php(910): CodeIgniter\Database\MySQLi\Connection->execute('INSERT INTO `service_balances` (`application_id`, `service_id`, `plan_holder_id`, `branch_id`, `service_type`, `service_name`, `package_name`, `package_cost`, `monthly_fee`, `months_paid`, `total_contributions`, `assistance_amount`, `remaining_balance`, `installment_amount`, `due_date`, `next_due_date`, `beneficiary_user_id`, `beneficiary_name`, `beneficiary_relationship`, `status`) VALUES (1, NULL, 12, 1, \'service\', \'Burial Service\', NULL, 3000, 240, 3, 720, 3000, 0, 0, NULL, NULL, NULL, \'Carlos Miguel Garcia\', \'Husband\', \'completed\')')
 3 SYSTEMPATH\Database\BaseConnection.php(827): CodeIgniter\Database\BaseConnection->simpleQuery('INSERT INTO `service_balances` (`application_id`, `service_id`, `plan_holder_id`, `branch_id`, `service_type`, `service_name`, `package_name`, `package_cost`, `monthly_fee`, `months_paid`, `total_contributions`, `assistance_amount`, `remaining_balance`, `installment_amount`, `due_date`, `next_due_date`, `beneficiary_user_id`, `beneficiary_name`, `beneficiary_relationship`, `status`) VALUES (1, NULL, 12, 1, \'service\', \'Burial Service\', NULL, 3000, 240, 3, 720, 3000, 0, 0, NULL, NULL, NULL, \'Carlos Miguel Garcia\', \'Husband\', \'completed\')')
 4 SYSTEMPATH\Database\BaseBuilder.php(2345): CodeIgniter\Database\BaseConnection->query('INSERT INTO `service_balances` (`application_id`, `service_id`, `plan_holder_id`, `branch_id`, `service_type`, `service_name`, `package_name`, `package_cost`, `monthly_fee`, `months_paid`, `total_contributions`, `assistance_amount`, `remaining_balance`, `installment_amount`, `due_date`, `next_due_date`, `beneficiary_user_id`, `beneficiary_name`, `beneficiary_relationship`, `status`) VALUES (:application_id:, :service_id:, :plan_holder_id:, :branch_id:, :service_type:, :service_name:, :package_name:, :package_cost:, :monthly_fee:, :months_paid:, :total_contributions:, :assistance_amount:, :remaining_balance:, :installment_amount:, :due_date:, :next_due_date:, :beneficiary_user_id:, :beneficiary_name:, :beneficiary_relationship:, :status:)', [...], false)
 5 SYSTEMPATH\Model.php(355): CodeIgniter\Database\BaseBuilder->insert()
 6 SYSTEMPATH\BaseModel.php(899): CodeIgniter\Model->doInsert([...])
 7 SYSTEMPATH\Model.php(668): CodeIgniter\BaseModel->insert([...], true)
 8 APPPATH\Services\ServiceBalanceService.php(136): CodeIgniter\Model->insert([...])
 9 APPPATH\Controllers\BranchAdmin\ServiceApplicationController.php(96): App\Services\ServiceBalanceService->createBalanceRecord([...], [...])
10 SYSTEMPATH\CodeIgniter.php(951): App\Controllers\BranchAdmin\ServiceApplicationController->approve(1)
11 SYSTEMPATH\CodeIgniter.php(497): CodeIgniter\CodeIgniter->runController(Object(App\Controllers\BranchAdmin\ServiceApplicationController))
12 SYSTEMPATH\CodeIgniter.php(340): CodeIgniter\CodeIgniter->handleRequest(null, Object(Config\Cache), false)
13 SYSTEMPATH\Boot.php(417): CodeIgniter\CodeIgniter->run()
14 SYSTEMPATH\Boot.php(68): CodeIgniter\Boot::runCodeIgniter(Object(CodeIgniter\CodeIgniter))
15 FCPATH\index.php(59): CodeIgniter\Boot::bootWeb(Object(Config\Paths))
DEBUG - 2026-06-04 04:53:51 --> Session: Class initialized using 'CodeIgniter\Session\Handlers\FileHandler' driver.
DEBUG - 2026-06-04 05:32:54 --> Session: Class initialized using 'CodeIgniter\Session\Handlers\FileHandler' driver.
DEBUG - 2026-06-04 05:32:54 --> Session: Class initialized using 'CodeIgniter\Session\Handlers\FileHandler' driver.
DEBUG - 2026-06-04 05:32:55 --> Session: Class initialized using 'CodeIgniter\Session\Handlers\FileHandler' driver.
DEBUG - 2026-06-04 05:32:55 --> Session: Class initialized using 'CodeIgniter\Session\Handlers\FileHandler' driver.
ERROR - 2026-06-04 05:32:55 --> Unknown column 's.service_list_id' in 'field list'
in SYSTEMPATH\Database\MySQLi\Connection.php on line 300.
 1 SYSTEMPATH\Database\MySQLi\Connection.php(300): mysqli->query('SELECT `s`.`service_id`, `s`.`plan_holder_id`, `s`.`service_list_id`, `s`.`package_id`, `s`.`service_date`, `s`.`status`, `s`.`assigned_staff`, `u`.`first_name`, `u`.`last_name`, `p`.`package_name`, `sl`.`service_name`, `st`.`first_name` AS `staff_first_name`, `st`.`last_name` AS `staff_last_name`
FROM `services` `s`
INNER JOIN `plan_holders` `ph` ON `ph`.`plan_holder_id` = `s`.`plan_holder_id`
INNER JOIN `users` `u` ON `u`.`user_id` = `ph`.`user_id`
LEFT JOIN `packages` `p` ON `p`.`package_id` = `s`.`package_id`
LEFT JOIN `service_list` `sl` ON `sl`.`service_list_id` = `s`.`service_list_id`
LEFT JOIN `users` `st` ON `st`.`user_id` = `s`.`assigned_staff`
WHERE `s`.`branch_id` = 1
ORDER BY `s`.`service_date` DESC, `s`.`service_id` DESC', 0)
 2 SYSTEMPATH\Database\BaseConnection.php(910): CodeIgniter\Database\MySQLi\Connection->execute('SELECT `s`.`service_id`, `s`.`plan_holder_id`, `s`.`service_list_id`, `s`.`package_id`, `s`.`service_date`, `s`.`status`, `s`.`assigned_staff`, `u`.`first_name`, `u`.`last_name`, `p`.`package_name`, `sl`.`service_name`, `st`.`first_name` AS `staff_first_name`, `st`.`last_name` AS `staff_last_name`
FROM `services` `s`
INNER JOIN `plan_holders` `ph` ON `ph`.`plan_holder_id` = `s`.`plan_holder_id`
INNER JOIN `users` `u` ON `u`.`user_id` = `ph`.`user_id`
LEFT JOIN `packages` `p` ON `p`.`package_id` = `s`.`package_id`
LEFT JOIN `service_list` `sl` ON `sl`.`service_list_id` = `s`.`service_list_id`
LEFT JOIN `users` `st` ON `st`.`user_id` = `s`.`assigned_staff`
WHERE `s`.`branch_id` = 1
ORDER BY `s`.`service_date` DESC, `s`.`service_id` DESC')
 3 SYSTEMPATH\Database\BaseConnection.php(827): CodeIgniter\Database\BaseConnection->simpleQuery('SELECT `s`.`service_id`, `s`.`plan_holder_id`, `s`.`service_list_id`, `s`.`package_id`, `s`.`service_date`, `s`.`status`, `s`.`assigned_staff`, `u`.`first_name`, `u`.`last_name`, `p`.`package_name`, `sl`.`service_name`, `st`.`first_name` AS `staff_first_name`, `st`.`last_name` AS `staff_last_name`
FROM `services` `s`
INNER JOIN `plan_holders` `ph` ON `ph`.`plan_holder_id` = `s`.`plan_holder_id`
INNER JOIN `users` `u` ON `u`.`user_id` = `ph`.`user_id`
LEFT JOIN `packages` `p` ON `p`.`package_id` = `s`.`package_id`
LEFT JOIN `service_list` `sl` ON `sl`.`service_list_id` = `s`.`service_list_id`
LEFT JOIN `users` `st` ON `st`.`user_id` = `s`.`assigned_staff`
WHERE `s`.`branch_id` = 1
ORDER BY `s`.`service_date` DESC, `s`.`service_id` DESC')
 4 SYSTEMPATH\Database\BaseBuilder.php(1649): CodeIgniter\Database\BaseConnection->query('SELECT `s`.`service_id`, `s`.`plan_holder_id`, `s`.`service_list_id`, `s`.`package_id`, `s`.`service_date`, `s`.`status`, `s`.`assigned_staff`, `u`.`first_name`, `u`.`last_name`, `p`.`package_name`, `sl`.`service_name`, `st`.`first_name` AS `staff_first_name`, `st`.`last_name` AS `staff_last_name`
FROM `services` `s`
INNER JOIN `plan_holders` `ph` ON `ph`.`plan_holder_id` = `s`.`plan_holder_id`
INNER JOIN `users` `u` ON `u`.`user_id` = `ph`.`user_id`
LEFT JOIN `packages` `p` ON `p`.`package_id` = `s`.`package_id`
LEFT JOIN `service_list` `sl` ON `sl`.`service_list_id` = `s`.`service_list_id`
LEFT JOIN `users` `st` ON `st`.`user_id` = `s`.`assigned_staff`
WHERE `s`.`branch_id` = :s.branch_id:
ORDER BY `s`.`service_date` DESC, `s`.`service_id` DESC', [...], false)
 5 APPPATH\Controllers\BranchAdmin\ServiceController.php(35): CodeIgniter\Database\BaseBuilder->get()
 6 SYSTEMPATH\CodeIgniter.php(951): App\Controllers\BranchAdmin\ServiceController->index()
 7 SYSTEMPATH\CodeIgniter.php(497): CodeIgniter\CodeIgniter->runController(Object(App\Controllers\BranchAdmin\ServiceController))
 8 SYSTEMPATH\CodeIgniter.php(340): CodeIgniter\CodeIgniter->handleRequest(null, Object(Config\Cache), false)
 9 SYSTEMPATH\Boot.php(417): CodeIgniter\CodeIgniter->run()
10 SYSTEMPATH\Boot.php(68): CodeIgniter\Boot::runCodeIgniter(Object(CodeIgniter\CodeIgniter))
11 FCPATH\index.php(59): CodeIgniter\Boot::bootWeb(Object(Config\Paths))
CRITICAL - 2026-06-04 05:32:55 --> CodeIgniter\Database\Exceptions\DatabaseException: Unknown column 's.service_list_id' in 'field list'
[Method: GET, Route: branch-admin/service-package/ongoing]
in SYSTEMPATH\Database\BaseConnection.php on line 865.
 1 SYSTEMPATH\Database\BaseBuilder.php(1649): CodeIgniter\Database\BaseConnection->query('SELECT `s`.`service_id`, `s`.`plan_holder_id`, `s`.`service_list_id`, `s`.`package_id`, `s`.`service_date`, `s`.`status`, `s`.`assigned_staff`, `u`.`first_name`, `u`.`last_name`, `p`.`package_name`, `sl`.`service_name`, `st`.`first_name` AS `staff_first_name`, `st`.`last_name` AS `staff_last_name`
FROM `services` `s`
INNER JOIN `plan_holders` `ph` ON `ph`.`plan_holder_id` = `s`.`plan_holder_id`
INNER JOIN `users` `u` ON `u`.`user_id` = `ph`.`user_id`
LEFT JOIN `packages` `p` ON `p`.`package_id` = `s`.`package_id`
LEFT JOIN `service_list` `sl` ON `sl`.`service_list_id` = `s`.`service_list_id`
LEFT JOIN `users` `st` ON `st`.`user_id` = `s`.`assigned_staff`
WHERE `s`.`branch_id` = :s.branch_id:
ORDER BY `s`.`service_date` DESC, `s`.`service_id` DESC', [...], false)
 2 APPPATH\Controllers\BranchAdmin\ServiceController.php(35): CodeIgniter\Database\BaseBuilder->get()
 3 SYSTEMPATH\CodeIgniter.php(951): App\Controllers\BranchAdmin\ServiceController->index()
 4 SYSTEMPATH\CodeIgniter.php(497): CodeIgniter\CodeIgniter->runController(Object(App\Controllers\BranchAdmin\ServiceController))
 5 SYSTEMPATH\CodeIgniter.php(340): CodeIgniter\CodeIgniter->handleRequest(null, Object(Config\Cache), false)
 6 SYSTEMPATH\Boot.php(417): CodeIgniter\CodeIgniter->run()
 7 SYSTEMPATH\Boot.php(68): CodeIgniter\Boot::runCodeIgniter(Object(CodeIgniter\CodeIgniter))
 8 FCPATH\index.php(59): CodeIgniter\Boot::bootWeb(Object(Config\Paths))
CRITICAL - 2026-06-04 05:32:55 --> [Caused by] CodeIgniter\Database\Exceptions\DatabaseException: Unknown column 's.service_list_id' in 'field list'
in SYSTEMPATH\Database\MySQLi\Connection.php on line 310.
 1 SYSTEMPATH\Database\BaseConnection.php(910): CodeIgniter\Database\MySQLi\Connection->execute('SELECT `s`.`service_id`, `s`.`plan_holder_id`, `s`.`service_list_id`, `s`.`package_id`, `s`.`service_date`, `s`.`status`, `s`.`assigned_staff`, `u`.`first_name`, `u`.`last_name`, `p`.`package_name`, `sl`.`service_name`, `st`.`first_name` AS `staff_first_name`, `st`.`last_name` AS `staff_last_name`
FROM `services` `s`
INNER JOIN `plan_holders` `ph` ON `ph`.`plan_holder_id` = `s`.`plan_holder_id`
INNER JOIN `users` `u` ON `u`.`user_id` = `ph`.`user_id`
LEFT JOIN `packages` `p` ON `p`.`package_id` = `s`.`package_id`
LEFT JOIN `service_list` `sl` ON `sl`.`service_list_id` = `s`.`service_list_id`
LEFT JOIN `users` `st` ON `st`.`user_id` = `s`.`assigned_staff`
WHERE `s`.`branch_id` = 1
ORDER BY `s`.`service_date` DESC, `s`.`service_id` DESC')
 2 SYSTEMPATH\Database\BaseConnection.php(827): CodeIgniter\Database\BaseConnection->simpleQuery('SELECT `s`.`service_id`, `s`.`plan_holder_id`, `s`.`service_list_id`, `s`.`package_id`, `s`.`service_date`, `s`.`status`, `s`.`assigned_staff`, `u`.`first_name`, `u`.`last_name`, `p`.`package_name`, `sl`.`service_name`, `st`.`first_name` AS `staff_first_name`, `st`.`last_name` AS `staff_last_name`
FROM `services` `s`
INNER JOIN `plan_holders` `ph` ON `ph`.`plan_holder_id` = `s`.`plan_holder_id`
INNER JOIN `users` `u` ON `u`.`user_id` = `ph`.`user_id`
LEFT JOIN `packages` `p` ON `p`.`package_id` = `s`.`package_id`
LEFT JOIN `service_list` `sl` ON `sl`.`service_list_id` = `s`.`service_list_id`
LEFT JOIN `users` `st` ON `st`.`user_id` = `s`.`assigned_staff`
WHERE `s`.`branch_id` = 1
ORDER BY `s`.`service_date` DESC, `s`.`service_id` DESC')
 3 SYSTEMPATH\Database\BaseBuilder.php(1649): CodeIgniter\Database\BaseConnection->query('SELECT `s`.`service_id`, `s`.`plan_holder_id`, `s`.`service_list_id`, `s`.`package_id`, `s`.`service_date`, `s`.`status`, `s`.`assigned_staff`, `u`.`first_name`, `u`.`last_name`, `p`.`package_name`, `sl`.`service_name`, `st`.`first_name` AS `staff_first_name`, `st`.`last_name` AS `staff_last_name`
FROM `services` `s`
INNER JOIN `plan_holders` `ph` ON `ph`.`plan_holder_id` = `s`.`plan_holder_id`
INNER JOIN `users` `u` ON `u`.`user_id` = `ph`.`user_id`
LEFT JOIN `packages` `p` ON `p`.`package_id` = `s`.`package_id`
LEFT JOIN `service_list` `sl` ON `sl`.`service_list_id` = `s`.`service_list_id`
LEFT JOIN `users` `st` ON `st`.`user_id` = `s`.`assigned_staff`
WHERE `s`.`branch_id` = :s.branch_id:
ORDER BY `s`.`service_date` DESC, `s`.`service_id` DESC', [...], false)
 4 APPPATH\Controllers\BranchAdmin\ServiceController.php(35): CodeIgniter\Database\BaseBuilder->get()
 5 SYSTEMPATH\CodeIgniter.php(951): App\Controllers\BranchAdmin\ServiceController->index()
 6 SYSTEMPATH\CodeIgniter.php(497): CodeIgniter\CodeIgniter->runController(Object(App\Controllers\BranchAdmin\ServiceController))
 7 SYSTEMPATH\CodeIgniter.php(340): CodeIgniter\CodeIgniter->handleRequest(null, Object(Config\Cache), false)
 8 SYSTEMPATH\Boot.php(417): CodeIgniter\CodeIgniter->run()
 9 SYSTEMPATH\Boot.php(68): CodeIgniter\Boot::runCodeIgniter(Object(CodeIgniter\CodeIgniter))
10 FCPATH\index.php(59): CodeIgniter\Boot::bootWeb(Object(Config\Paths))
CRITICAL - 2026-06-04 05:32:55 --> [Caused by] mysqli_sql_exception: Unknown column 's.service_list_id' in 'field list'
in SYSTEMPATH\Database\MySQLi\Connection.php on line 300.
 1 SYSTEMPATH\Database\MySQLi\Connection.php(300): mysqli->query('SELECT `s`.`service_id`, `s`.`plan_holder_id`, `s`.`service_list_id`, `s`.`package_id`, `s`.`service_date`, `s`.`status`, `s`.`assigned_staff`, `u`.`first_name`, `u`.`last_name`, `p`.`package_name`, `sl`.`service_name`, `st`.`first_name` AS `staff_first_name`, `st`.`last_name` AS `staff_last_name`
FROM `services` `s`
INNER JOIN `plan_holders` `ph` ON `ph`.`plan_holder_id` = `s`.`plan_holder_id`
INNER JOIN `users` `u` ON `u`.`user_id` = `ph`.`user_id`
LEFT JOIN `packages` `p` ON `p`.`package_id` = `s`.`package_id`
LEFT JOIN `service_list` `sl` ON `sl`.`service_list_id` = `s`.`service_list_id`
LEFT JOIN `users` `st` ON `st`.`user_id` = `s`.`assigned_staff`
WHERE `s`.`branch_id` = 1
ORDER BY `s`.`service_date` DESC, `s`.`service_id` DESC', 0)
 2 SYSTEMPATH\Database\BaseConnection.php(910): CodeIgniter\Database\MySQLi\Connection->execute('SELECT `s`.`service_id`, `s`.`plan_holder_id`, `s`.`service_list_id`, `s`.`package_id`, `s`.`service_date`, `s`.`status`, `s`.`assigned_staff`, `u`.`first_name`, `u`.`last_name`, `p`.`package_name`, `sl`.`service_name`, `st`.`first_name` AS `staff_first_name`, `st`.`last_name` AS `staff_last_name`
FROM `services` `s`
INNER JOIN `plan_holders` `ph` ON `ph`.`plan_holder_id` = `s`.`plan_holder_id`
INNER JOIN `users` `u` ON `u`.`user_id` = `ph`.`user_id`
LEFT JOIN `packages` `p` ON `p`.`package_id` = `s`.`package_id`
LEFT JOIN `service_list` `sl` ON `sl`.`service_list_id` = `s`.`service_list_id`
LEFT JOIN `users` `st` ON `st`.`user_id` = `s`.`assigned_staff`
WHERE `s`.`branch_id` = 1
ORDER BY `s`.`service_date` DESC, `s`.`service_id` DESC')
 3 SYSTEMPATH\Database\BaseConnection.php(827): CodeIgniter\Database\BaseConnection->simpleQuery('SELECT `s`.`service_id`, `s`.`plan_holder_id`, `s`.`service_list_id`, `s`.`package_id`, `s`.`service_date`, `s`.`status`, `s`.`assigned_staff`, `u`.`first_name`, `u`.`last_name`, `p`.`package_name`, `sl`.`service_name`, `st`.`first_name` AS `staff_first_name`, `st`.`last_name` AS `staff_last_name`
FROM `services` `s`
INNER JOIN `plan_holders` `ph` ON `ph`.`plan_holder_id` = `s`.`plan_holder_id`
INNER JOIN `users` `u` ON `u`.`user_id` = `ph`.`user_id`
LEFT JOIN `packages` `p` ON `p`.`package_id` = `s`.`package_id`
LEFT JOIN `service_list` `sl` ON `sl`.`service_list_id` = `s`.`service_list_id`
LEFT JOIN `users` `st` ON `st`.`user_id` = `s`.`assigned_staff`
WHERE `s`.`branch_id` = 1
ORDER BY `s`.`service_date` DESC, `s`.`service_id` DESC')
 4 SYSTEMPATH\Database\BaseBuilder.php(1649): CodeIgniter\Database\BaseConnection->query('SELECT `s`.`service_id`, `s`.`plan_holder_id`, `s`.`service_list_id`, `s`.`package_id`, `s`.`service_date`, `s`.`status`, `s`.`assigned_staff`, `u`.`first_name`, `u`.`last_name`, `p`.`package_name`, `sl`.`service_name`, `st`.`first_name` AS `staff_first_name`, `st`.`last_name` AS `staff_last_name`
FROM `services` `s`
INNER JOIN `plan_holders` `ph` ON `ph`.`plan_holder_id` = `s`.`plan_holder_id`
INNER JOIN `users` `u` ON `u`.`user_id` = `ph`.`user_id`
LEFT JOIN `packages` `p` ON `p`.`package_id` = `s`.`package_id`
LEFT JOIN `service_list` `sl` ON `sl`.`service_list_id` = `s`.`service_list_id`
LEFT JOIN `users` `st` ON `st`.`user_id` = `s`.`assigned_staff`
WHERE `s`.`branch_id` = :s.branch_id:
ORDER BY `s`.`service_date` DESC, `s`.`service_id` DESC', [...], false)
 5 APPPATH\Controllers\BranchAdmin\ServiceController.php(35): CodeIgniter\Database\BaseBuilder->get()
 6 SYSTEMPATH\CodeIgniter.php(951): App\Controllers\BranchAdmin\ServiceController->index()
 7 SYSTEMPATH\CodeIgniter.php(497): CodeIgniter\CodeIgniter->runController(Object(App\Controllers\BranchAdmin\ServiceController))
 8 SYSTEMPATH\CodeIgniter.php(340): CodeIgniter\CodeIgniter->handleRequest(null, Object(Config\Cache), false)
 9 SYSTEMPATH\Boot.php(417): CodeIgniter\CodeIgniter->run()
10 SYSTEMPATH\Boot.php(68): CodeIgniter\Boot::runCodeIgniter(Object(CodeIgniter\CodeIgniter))
11 FCPATH\index.php(59): CodeIgniter\Boot::bootWeb(Object(Config\Paths))
DEBUG - 2026-06-04 05:32:56 --> Session: Class initialized using 'CodeIgniter\Session\Handlers\FileHandler' driver.
DEBUG - 2026-06-04 05:32:56 --> Session: Class initialized using 'CodeIgniter\Session\Handlers\FileHandler' driver.
ERROR - 2026-06-04 05:32:56 --> Unknown column 's.service_list_id' in 'field list'
in SYSTEMPATH\Database\MySQLi\Connection.php on line 300.
 1 SYSTEMPATH\Database\MySQLi\Connection.php(300): mysqli->query('SELECT `s`.`service_id`, `s`.`plan_holder_id`, `s`.`service_list_id`, `s`.`package_id`, `s`.`service_date`, `s`.`status`, `s`.`assigned_staff`, `u`.`first_name`, `u`.`last_name`, `p`.`package_name`, `sl`.`service_name`, `st`.`first_name` AS `staff_first_name`, `st`.`last_name` AS `staff_last_name`
FROM `services` `s`
INNER JOIN `plan_holders` `ph` ON `ph`.`plan_holder_id` = `s`.`plan_holder_id`
INNER JOIN `users` `u` ON `u`.`user_id` = `ph`.`user_id`
LEFT JOIN `packages` `p` ON `p`.`package_id` = `s`.`package_id`
LEFT JOIN `service_list` `sl` ON `sl`.`service_list_id` = `s`.`service_list_id`
LEFT JOIN `users` `st` ON `st`.`user_id` = `s`.`assigned_staff`
WHERE `s`.`branch_id` = 1
ORDER BY `s`.`service_date` DESC, `s`.`service_id` DESC', 0)
 2 SYSTEMPATH\Database\BaseConnection.php(910): CodeIgniter\Database\MySQLi\Connection->execute('SELECT `s`.`service_id`, `s`.`plan_holder_id`, `s`.`service_list_id`, `s`.`package_id`, `s`.`service_date`, `s`.`status`, `s`.`assigned_staff`, `u`.`first_name`, `u`.`last_name`, `p`.`package_name`, `sl`.`service_name`, `st`.`first_name` AS `staff_first_name`, `st`.`last_name` AS `staff_last_name`
FROM `services` `s`
INNER JOIN `plan_holders` `ph` ON `ph`.`plan_holder_id` = `s`.`plan_holder_id`
INNER JOIN `users` `u` ON `u`.`user_id` = `ph`.`user_id`
LEFT JOIN `packages` `p` ON `p`.`package_id` = `s`.`package_id`
LEFT JOIN `service_list` `sl` ON `sl`.`service_list_id` = `s`.`service_list_id`
LEFT JOIN `users` `st` ON `st`.`user_id` = `s`.`assigned_staff`
WHERE `s`.`branch_id` = 1
ORDER BY `s`.`service_date` DESC, `s`.`service_id` DESC')
 3 SYSTEMPATH\Database\BaseConnection.php(827): CodeIgniter\Database\BaseConnection->simpleQuery('SELECT `s`.`service_id`, `s`.`plan_holder_id`, `s`.`service_list_id`, `s`.`package_id`, `s`.`service_date`, `s`.`status`, `s`.`assigned_staff`, `u`.`first_name`, `u`.`last_name`, `p`.`package_name`, `sl`.`service_name`, `st`.`first_name` AS `staff_first_name`, `st`.`last_name` AS `staff_last_name`
FROM `services` `s`
INNER JOIN `plan_holders` `ph` ON `ph`.`plan_holder_id` = `s`.`plan_holder_id`
INNER JOIN `users` `u` ON `u`.`user_id` = `ph`.`user_id`
LEFT JOIN `packages` `p` ON `p`.`package_id` = `s`.`package_id`
LEFT JOIN `service_list` `sl` ON `sl`.`service_list_id` = `s`.`service_list_id`
LEFT JOIN `users` `st` ON `st`.`user_id` = `s`.`assigned_staff`
WHERE `s`.`branch_id` = 1
ORDER BY `s`.`service_date` DESC, `s`.`service_id` DESC')
 4 SYSTEMPATH\Database\BaseBuilder.php(1649): CodeIgniter\Database\BaseConnection->query('SELECT `s`.`service_id`, `s`.`plan_holder_id`, `s`.`service_list_id`, `s`.`package_id`, `s`.`service_date`, `s`.`status`, `s`.`assigned_staff`, `u`.`first_name`, `u`.`last_name`, `p`.`package_name`, `sl`.`service_name`, `st`.`first_name` AS `staff_first_name`, `st`.`last_name` AS `staff_last_name`
FROM `services` `s`
INNER JOIN `plan_holders` `ph` ON `ph`.`plan_holder_id` = `s`.`plan_holder_id`
INNER JOIN `users` `u` ON `u`.`user_id` = `ph`.`user_id`
LEFT JOIN `packages` `p` ON `p`.`package_id` = `s`.`package_id`
LEFT JOIN `service_list` `sl` ON `sl`.`service_list_id` = `s`.`service_list_id`
LEFT JOIN `users` `st` ON `st`.`user_id` = `s`.`assigned_staff`
WHERE `s`.`branch_id` = :s.branch_id:
ORDER BY `s`.`service_date` DESC, `s`.`service_id` DESC', [...], false)
 5 APPPATH\Controllers\BranchAdmin\ServiceController.php(35): CodeIgniter\Database\BaseBuilder->get()
 6 SYSTEMPATH\CodeIgniter.php(951): App\Controllers\BranchAdmin\ServiceController->index()
 7 SYSTEMPATH\CodeIgniter.php(497): CodeIgniter\CodeIgniter->runController(Object(App\Controllers\BranchAdmin\ServiceController))
 8 SYSTEMPATH\CodeIgniter.php(340): CodeIgniter\CodeIgniter->handleRequest(null, Object(Config\Cache), false)
 9 SYSTEMPATH\Boot.php(417): CodeIgniter\CodeIgniter->run()
10 SYSTEMPATH\Boot.php(68): CodeIgniter\Boot::runCodeIgniter(Object(CodeIgniter\CodeIgniter))
11 FCPATH\index.php(59): CodeIgniter\Boot::bootWeb(Object(Config\Paths))
CRITICAL - 2026-06-04 05:32:56 --> CodeIgniter\Database\Exceptions\DatabaseException: Unknown column 's.service_list_id' in 'field list'
[Method: GET, Route: branch-admin/service-package/ongoing]
in SYSTEMPATH\Database\BaseConnection.php on line 865.
 1 SYSTEMPATH\Database\BaseBuilder.php(1649): CodeIgniter\Database\BaseConnection->query('SELECT `s`.`service_id`, `s`.`plan_holder_id`, `s`.`service_list_id`, `s`.`package_id`, `s`.`service_date`, `s`.`status`, `s`.`assigned_staff`, `u`.`first_name`, `u`.`last_name`, `p`.`package_name`, `sl`.`service_name`, `st`.`first_name` AS `staff_first_name`, `st`.`last_name` AS `staff_last_name`
FROM `services` `s`
INNER JOIN `plan_holders` `ph` ON `ph`.`plan_holder_id` = `s`.`plan_holder_id`
INNER JOIN `users` `u` ON `u`.`user_id` = `ph`.`user_id`
LEFT JOIN `packages` `p` ON `p`.`package_id` = `s`.`package_id`
LEFT JOIN `service_list` `sl` ON `sl`.`service_list_id` = `s`.`service_list_id`
LEFT JOIN `users` `st` ON `st`.`user_id` = `s`.`assigned_staff`
WHERE `s`.`branch_id` = :s.branch_id:
ORDER BY `s`.`service_date` DESC, `s`.`service_id` DESC', [...], false)
 2 APPPATH\Controllers\BranchAdmin\ServiceController.php(35): CodeIgniter\Database\BaseBuilder->get()
 3 SYSTEMPATH\CodeIgniter.php(951): App\Controllers\BranchAdmin\ServiceController->index()
 4 SYSTEMPATH\CodeIgniter.php(497): CodeIgniter\CodeIgniter->runController(Object(App\Controllers\BranchAdmin\ServiceController))
 5 SYSTEMPATH\CodeIgniter.php(340): CodeIgniter\CodeIgniter->handleRequest(null, Object(Config\Cache), false)
 6 SYSTEMPATH\Boot.php(417): CodeIgniter\CodeIgniter->run()
 7 SYSTEMPATH\Boot.php(68): CodeIgniter\Boot::runCodeIgniter(Object(CodeIgniter\CodeIgniter))
 8 FCPATH\index.php(59): CodeIgniter\Boot::bootWeb(Object(Config\Paths))
CRITICAL - 2026-06-04 05:32:56 --> [Caused by] CodeIgniter\Database\Exceptions\DatabaseException: Unknown column 's.service_list_id' in 'field list'
in SYSTEMPATH\Database\MySQLi\Connection.php on line 310.
 1 SYSTEMPATH\Database\BaseConnection.php(910): CodeIgniter\Database\MySQLi\Connection->execute('SELECT `s`.`service_id`, `s`.`plan_holder_id`, `s`.`service_list_id`, `s`.`package_id`, `s`.`service_date`, `s`.`status`, `s`.`assigned_staff`, `u`.`first_name`, `u`.`last_name`, `p`.`package_name`, `sl`.`service_name`, `st`.`first_name` AS `staff_first_name`, `st`.`last_name` AS `staff_last_name`
FROM `services` `s`
INNER JOIN `plan_holders` `ph` ON `ph`.`plan_holder_id` = `s`.`plan_holder_id`
INNER JOIN `users` `u` ON `u`.`user_id` = `ph`.`user_id`
LEFT JOIN `packages` `p` ON `p`.`package_id` = `s`.`package_id`
LEFT JOIN `service_list` `sl` ON `sl`.`service_list_id` = `s`.`service_list_id`
LEFT JOIN `users` `st` ON `st`.`user_id` = `s`.`assigned_staff`
WHERE `s`.`branch_id` = 1
ORDER BY `s`.`service_date` DESC, `s`.`service_id` DESC')
 2 SYSTEMPATH\Database\BaseConnection.php(827): CodeIgniter\Database\BaseConnection->simpleQuery('SELECT `s`.`service_id`, `s`.`plan_holder_id`, `s`.`service_list_id`, `s`.`package_id`, `s`.`service_date`, `s`.`status`, `s`.`assigned_staff`, `u`.`first_name`, `u`.`last_name`, `p`.`package_name`, `sl`.`service_name`, `st`.`first_name` AS `staff_first_name`, `st`.`last_name` AS `staff_last_name`
FROM `services` `s`
INNER JOIN `plan_holders` `ph` ON `ph`.`plan_holder_id` = `s`.`plan_holder_id`
INNER JOIN `users` `u` ON `u`.`user_id` = `ph`.`user_id`
LEFT JOIN `packages` `p` ON `p`.`package_id` = `s`.`package_id`
LEFT JOIN `service_list` `sl` ON `sl`.`service_list_id` = `s`.`service_list_id`
LEFT JOIN `users` `st` ON `st`.`user_id` = `s`.`assigned_staff`
WHERE `s`.`branch_id` = 1
ORDER BY `s`.`service_date` DESC, `s`.`service_id` DESC')
 3 SYSTEMPATH\Database\BaseBuilder.php(1649): CodeIgniter\Database\BaseConnection->query('SELECT `s`.`service_id`, `s`.`plan_holder_id`, `s`.`service_list_id`, `s`.`package_id`, `s`.`service_date`, `s`.`status`, `s`.`assigned_staff`, `u`.`first_name`, `u`.`last_name`, `p`.`package_name`, `sl`.`service_name`, `st`.`first_name` AS `staff_first_name`, `st`.`last_name` AS `staff_last_name`
FROM `services` `s`
INNER JOIN `plan_holders` `ph` ON `ph`.`plan_holder_id` = `s`.`plan_holder_id`
INNER JOIN `users` `u` ON `u`.`user_id` = `ph`.`user_id`
LEFT JOIN `packages` `p` ON `p`.`package_id` = `s`.`package_id`
LEFT JOIN `service_list` `sl` ON `sl`.`service_list_id` = `s`.`service_list_id`
LEFT JOIN `users` `st` ON `st`.`user_id` = `s`.`assigned_staff`
WHERE `s`.`branch_id` = :s.branch_id:
ORDER BY `s`.`service_date` DESC, `s`.`service_id` DESC', [...], false)
 4 APPPATH\Controllers\BranchAdmin\ServiceController.php(35): CodeIgniter\Database\BaseBuilder->get()
 5 SYSTEMPATH\CodeIgniter.php(951): App\Controllers\BranchAdmin\ServiceController->index()
 6 SYSTEMPATH\CodeIgniter.php(497): CodeIgniter\CodeIgniter->runController(Object(App\Controllers\BranchAdmin\ServiceController))
 7 SYSTEMPATH\CodeIgniter.php(340): CodeIgniter\CodeIgniter->handleRequest(null, Object(Config\Cache), false)
 8 SYSTEMPATH\Boot.php(417): CodeIgniter\CodeIgniter->run()
 9 SYSTEMPATH\Boot.php(68): CodeIgniter\Boot::runCodeIgniter(Object(CodeIgniter\CodeIgniter))
10 FCPATH\index.php(59): CodeIgniter\Boot::bootWeb(Object(Config\Paths))
CRITICAL - 2026-06-04 05:32:56 --> [Caused by] mysqli_sql_exception: Unknown column 's.service_list_id' in 'field list'
in SYSTEMPATH\Database\MySQLi\Connection.php on line 300.
 1 SYSTEMPATH\Database\MySQLi\Connection.php(300): mysqli->query('SELECT `s`.`service_id`, `s`.`plan_holder_id`, `s`.`service_list_id`, `s`.`package_id`, `s`.`service_date`, `s`.`status`, `s`.`assigned_staff`, `u`.`first_name`, `u`.`last_name`, `p`.`package_name`, `sl`.`service_name`, `st`.`first_name` AS `staff_first_name`, `st`.`last_name` AS `staff_last_name`
FROM `services` `s`
INNER JOIN `plan_holders` `ph` ON `ph`.`plan_holder_id` = `s`.`plan_holder_id`
INNER JOIN `users` `u` ON `u`.`user_id` = `ph`.`user_id`
LEFT JOIN `packages` `p` ON `p`.`package_id` = `s`.`package_id`
LEFT JOIN `service_list` `sl` ON `sl`.`service_list_id` = `s`.`service_list_id`
LEFT JOIN `users` `st` ON `st`.`user_id` = `s`.`assigned_staff`
WHERE `s`.`branch_id` = 1
ORDER BY `s`.`service_date` DESC, `s`.`service_id` DESC', 0)
 2 SYSTEMPATH\Database\BaseConnection.php(910): CodeIgniter\Database\MySQLi\Connection->execute('SELECT `s`.`service_id`, `s`.`plan_holder_id`, `s`.`service_list_id`, `s`.`package_id`, `s`.`service_date`, `s`.`status`, `s`.`assigned_staff`, `u`.`first_name`, `u`.`last_name`, `p`.`package_name`, `sl`.`service_name`, `st`.`first_name` AS `staff_first_name`, `st`.`last_name` AS `staff_last_name`
FROM `services` `s`
INNER JOIN `plan_holders` `ph` ON `ph`.`plan_holder_id` = `s`.`plan_holder_id`
INNER JOIN `users` `u` ON `u`.`user_id` = `ph`.`user_id`
LEFT JOIN `packages` `p` ON `p`.`package_id` = `s`.`package_id`
LEFT JOIN `service_list` `sl` ON `sl`.`service_list_id` = `s`.`service_list_id`
LEFT JOIN `users` `st` ON `st`.`user_id` = `s`.`assigned_staff`
WHERE `s`.`branch_id` = 1
ORDER BY `s`.`service_date` DESC, `s`.`service_id` DESC')
 3 SYSTEMPATH\Database\BaseConnection.php(827): CodeIgniter\Database\BaseConnection->simpleQuery('SELECT `s`.`service_id`, `s`.`plan_holder_id`, `s`.`service_list_id`, `s`.`package_id`, `s`.`service_date`, `s`.`status`, `s`.`assigned_staff`, `u`.`first_name`, `u`.`last_name`, `p`.`package_name`, `sl`.`service_name`, `st`.`first_name` AS `staff_first_name`, `st`.`last_name` AS `staff_last_name`
FROM `services` `s`
INNER JOIN `plan_holders` `ph` ON `ph`.`plan_holder_id` = `s`.`plan_holder_id`
INNER JOIN `users` `u` ON `u`.`user_id` = `ph`.`user_id`
LEFT JOIN `packages` `p` ON `p`.`package_id` = `s`.`package_id`
LEFT JOIN `service_list` `sl` ON `sl`.`service_list_id` = `s`.`service_list_id`
LEFT JOIN `users` `st` ON `st`.`user_id` = `s`.`assigned_staff`
WHERE `s`.`branch_id` = 1
ORDER BY `s`.`service_date` DESC, `s`.`service_id` DESC')
 4 SYSTEMPATH\Database\BaseBuilder.php(1649): CodeIgniter\Database\BaseConnection->query('SELECT `s`.`service_id`, `s`.`plan_holder_id`, `s`.`service_list_id`, `s`.`package_id`, `s`.`service_date`, `s`.`status`, `s`.`assigned_staff`, `u`.`first_name`, `u`.`last_name`, `p`.`package_name`, `sl`.`service_name`, `st`.`first_name` AS `staff_first_name`, `st`.`last_name` AS `staff_last_name`
FROM `services` `s`
INNER JOIN `plan_holders` `ph` ON `ph`.`plan_holder_id` = `s`.`plan_holder_id`
INNER JOIN `users` `u` ON `u`.`user_id` = `ph`.`user_id`
LEFT JOIN `packages` `p` ON `p`.`package_id` = `s`.`package_id`
LEFT JOIN `service_list` `sl` ON `sl`.`service_list_id` = `s`.`service_list_id`
LEFT JOIN `users` `st` ON `st`.`user_id` = `s`.`assigned_staff`
WHERE `s`.`branch_id` = :s.branch_id:
ORDER BY `s`.`service_date` DESC, `s`.`service_id` DESC', [...], false)
 5 APPPATH\Controllers\BranchAdmin\ServiceController.php(35): CodeIgniter\Database\BaseBuilder->get()
 6 SYSTEMPATH\CodeIgniter.php(951): App\Controllers\BranchAdmin\ServiceController->index()
 7 SYSTEMPATH\CodeIgniter.php(497): CodeIgniter\CodeIgniter->runController(Object(App\Controllers\BranchAdmin\ServiceController))
 8 SYSTEMPATH\CodeIgniter.php(340): CodeIgniter\CodeIgniter->handleRequest(null, Object(Config\Cache), false)
 9 SYSTEMPATH\Boot.php(417): CodeIgniter\CodeIgniter->run()
10 SYSTEMPATH\Boot.php(68): CodeIgniter\Boot::runCodeIgniter(Object(CodeIgniter\CodeIgniter))
11 FCPATH\index.php(59): CodeIgniter\Boot::bootWeb(Object(Config\Paths))
DEBUG - 2026-06-04 05:32:56 --> Session: Class initialized using 'CodeIgniter\Session\Handlers\FileHandler' driver.
DEBUG - 2026-06-04 05:41:21 --> Session: Class initialized using 'CodeIgniter\Session\Handlers\FileHandler' driver.
DEBUG - 2026-06-04 06:06:26 --> Session: Class initialized using 'CodeIgniter\Session\Handlers\FileHandler' driver.
DEBUG - 2026-06-04 06:06:29 --> Session: Class initialized using 'CodeIgniter\Session\Handlers\FileHandler' driver.
DEBUG - 2026-06-04 06:06:32 --> Session: Class initialized using 'CodeIgniter\Session\Handlers\FileHandler' driver.
DEBUG - 2026-06-04 06:06:35 --> Session: Class initialized using 'CodeIgniter\Session\Handlers\FileHandler' driver.
DEBUG - 2026-06-04 06:11:56 --> Session: Class initialized using 'CodeIgniter\Session\Handlers\FileHandler' driver.
DEBUG - 2026-06-04 06:12:23 --> Session: Class initialized using 'CodeIgniter\Session\Handlers\FileHandler' driver.
ERROR - 2026-06-04 06:12:23 --> Unknown column 'service_list_id' in 'field list'
in SYSTEMPATH\Database\MySQLi\Connection.php on line 300.
 1 SYSTEMPATH\Database\MySQLi\Connection.php(300): mysqli->query('INSERT INTO `services` (`plan_holder_id`, `branch_id`, `service_list_id`, `package_id`, `total_cost`, `service_date`, `service_time`, `burial_location`, `assigned_staff`, `notes`, `status`) VALUES (13, 1, NULL, 1, \'15000.00\', \'2026-06-04\', \'15:12\', \'Maidlang 2\', NULL, NULL, \'pending\')', 0)
 2 SYSTEMPATH\Database\BaseConnection.php(910): CodeIgniter\Database\MySQLi\Connection->execute('INSERT INTO `services` (`plan_holder_id`, `branch_id`, `service_list_id`, `package_id`, `total_cost`, `service_date`, `service_time`, `burial_location`, `assigned_staff`, `notes`, `status`) VALUES (13, 1, NULL, 1, \'15000.00\', \'2026-06-04\', \'15:12\', \'Maidlang 2\', NULL, NULL, \'pending\')')
 3 SYSTEMPATH\Database\BaseConnection.php(827): CodeIgniter\Database\BaseConnection->simpleQuery('INSERT INTO `services` (`plan_holder_id`, `branch_id`, `service_list_id`, `package_id`, `total_cost`, `service_date`, `service_time`, `burial_location`, `assigned_staff`, `notes`, `status`) VALUES (13, 1, NULL, 1, \'15000.00\', \'2026-06-04\', \'15:12\', \'Maidlang 2\', NULL, NULL, \'pending\')')
 4 SYSTEMPATH\Database\BaseBuilder.php(2345): CodeIgniter\Database\BaseConnection->query('INSERT INTO `services` (`plan_holder_id`, `branch_id`, `service_list_id`, `package_id`, `total_cost`, `service_date`, `service_time`, `burial_location`, `assigned_staff`, `notes`, `status`) VALUES (:plan_holder_id:, :branch_id:, :service_list_id:, :package_id:, :total_cost:, :service_date:, :service_time:, :burial_location:, :assigned_staff:, :notes:, :status:)', [...], false)
 5 SYSTEMPATH\Model.php(355): CodeIgniter\Database\BaseBuilder->insert()
 6 SYSTEMPATH\BaseModel.php(899): CodeIgniter\Model->doInsert([...])
 7 SYSTEMPATH\Model.php(668): CodeIgniter\BaseModel->insert([...], true)
 8 APPPATH\Controllers\BranchAdmin\ServiceController.php(201): CodeIgniter\Model->insert([...])
 9 SYSTEMPATH\CodeIgniter.php(951): App\Controllers\BranchAdmin\ServiceController->store()
10 SYSTEMPATH\CodeIgniter.php(497): CodeIgniter\CodeIgniter->runController(Object(App\Controllers\BranchAdmin\ServiceController))
11 SYSTEMPATH\CodeIgniter.php(340): CodeIgniter\CodeIgniter->handleRequest(null, Object(Config\Cache), false)
12 SYSTEMPATH\Boot.php(417): CodeIgniter\CodeIgniter->run()
13 SYSTEMPATH\Boot.php(68): CodeIgniter\Boot::runCodeIgniter(Object(CodeIgniter\CodeIgniter))
14 FCPATH\index.php(59): CodeIgniter\Boot::bootWeb(Object(Config\Paths))
CRITICAL - 2026-06-04 06:12:23 --> CodeIgniter\Database\Exceptions\DatabaseException: Unknown column 'service_list_id' in 'field list'
[Method: POST, Route: branch-admin/service-package/schedule/store]
in SYSTEMPATH\Database\BaseConnection.php on line 865.
 1 SYSTEMPATH\Database\BaseBuilder.php(2345): CodeIgniter\Database\BaseConnection->query('INSERT INTO `services` (`plan_holder_id`, `branch_id`, `service_list_id`, `package_id`, `total_cost`, `service_date`, `service_time`, `burial_location`, `assigned_staff`, `notes`, `status`) VALUES (:plan_holder_id:, :branch_id:, :service_list_id:, :package_id:, :total_cost:, :service_date:, :service_time:, :burial_location:, :assigned_staff:, :notes:, :status:)', [...], false)
 2 SYSTEMPATH\Model.php(355): CodeIgniter\Database\BaseBuilder->insert()
 3 SYSTEMPATH\BaseModel.php(899): CodeIgniter\Model->doInsert([...])
 4 SYSTEMPATH\Model.php(668): CodeIgniter\BaseModel->insert([...], true)
 5 APPPATH\Controllers\BranchAdmin\ServiceController.php(201): CodeIgniter\Model->insert([...])
 6 SYSTEMPATH\CodeIgniter.php(951): App\Controllers\BranchAdmin\ServiceController->store()
 7 SYSTEMPATH\CodeIgniter.php(497): CodeIgniter\CodeIgniter->runController(Object(App\Controllers\BranchAdmin\ServiceController))
 8 SYSTEMPATH\CodeIgniter.php(340): CodeIgniter\CodeIgniter->handleRequest(null, Object(Config\Cache), false)
 9 SYSTEMPATH\Boot.php(417): CodeIgniter\CodeIgniter->run()
10 SYSTEMPATH\Boot.php(68): CodeIgniter\Boot::runCodeIgniter(Object(CodeIgniter\CodeIgniter))
11 FCPATH\index.php(59): CodeIgniter\Boot::bootWeb(Object(Config\Paths))
CRITICAL - 2026-06-04 06:12:23 --> [Caused by] CodeIgniter\Database\Exceptions\DatabaseException: Unknown column 'service_list_id' in 'field list'
in SYSTEMPATH\Database\MySQLi\Connection.php on line 310.
 1 SYSTEMPATH\Database\BaseConnection.php(910): CodeIgniter\Database\MySQLi\Connection->execute('INSERT INTO `services` (`plan_holder_id`, `branch_id`, `service_list_id`, `package_id`, `total_cost`, `service_date`, `service_time`, `burial_location`, `assigned_staff`, `notes`, `status`) VALUES (13, 1, NULL, 1, \'15000.00\', \'2026-06-04\', \'15:12\', \'Maidlang 2\', NULL, NULL, \'pending\')')
 2 SYSTEMPATH\Database\BaseConnection.php(827): CodeIgniter\Database\BaseConnection->simpleQuery('INSERT INTO `services` (`plan_holder_id`, `branch_id`, `service_list_id`, `package_id`, `total_cost`, `service_date`, `service_time`, `burial_location`, `assigned_staff`, `notes`, `status`) VALUES (13, 1, NULL, 1, \'15000.00\', \'2026-06-04\', \'15:12\', \'Maidlang 2\', NULL, NULL, \'pending\')')
 3 SYSTEMPATH\Database\BaseBuilder.php(2345): CodeIgniter\Database\BaseConnection->query('INSERT INTO `services` (`plan_holder_id`, `branch_id`, `service_list_id`, `package_id`, `total_cost`, `service_date`, `service_time`, `burial_location`, `assigned_staff`, `notes`, `status`) VALUES (:plan_holder_id:, :branch_id:, :service_list_id:, :package_id:, :total_cost:, :service_date:, :service_time:, :burial_location:, :assigned_staff:, :notes:, :status:)', [...], false)
 4 SYSTEMPATH\Model.php(355): CodeIgniter\Database\BaseBuilder->insert()
 5 SYSTEMPATH\BaseModel.php(899): CodeIgniter\Model->doInsert([...])
 6 SYSTEMPATH\Model.php(668): CodeIgniter\BaseModel->insert([...], true)
 7 APPPATH\Controllers\BranchAdmin\ServiceController.php(201): CodeIgniter\Model->insert([...])
 8 SYSTEMPATH\CodeIgniter.php(951): App\Controllers\BranchAdmin\ServiceController->store()
 9 SYSTEMPATH\CodeIgniter.php(497): CodeIgniter\CodeIgniter->runController(Object(App\Controllers\BranchAdmin\ServiceController))
10 SYSTEMPATH\CodeIgniter.php(340): CodeIgniter\CodeIgniter->handleRequest(null, Object(Config\Cache), false)
11 SYSTEMPATH\Boot.php(417): CodeIgniter\CodeIgniter->run()
12 SYSTEMPATH\Boot.php(68): CodeIgniter\Boot::runCodeIgniter(Object(CodeIgniter\CodeIgniter))
13 FCPATH\index.php(59): CodeIgniter\Boot::bootWeb(Object(Config\Paths))
CRITICAL - 2026-06-04 06:12:23 --> [Caused by] mysqli_sql_exception: Unknown column 'service_list_id' in 'field list'
in SYSTEMPATH\Database\MySQLi\Connection.php on line 300.
 1 SYSTEMPATH\Database\MySQLi\Connection.php(300): mysqli->query('INSERT INTO `services` (`plan_holder_id`, `branch_id`, `service_list_id`, `package_id`, `total_cost`, `service_date`, `service_time`, `burial_location`, `assigned_staff`, `notes`, `status`) VALUES (13, 1, NULL, 1, \'15000.00\', \'2026-06-04\', \'15:12\', \'Maidlang 2\', NULL, NULL, \'pending\')', 0)
 2 SYSTEMPATH\Database\BaseConnection.php(910): CodeIgniter\Database\MySQLi\Connection->execute('INSERT INTO `services` (`plan_holder_id`, `branch_id`, `service_list_id`, `package_id`, `total_cost`, `service_date`, `service_time`, `burial_location`, `assigned_staff`, `notes`, `status`) VALUES (13, 1, NULL, 1, \'15000.00\', \'2026-06-04\', \'15:12\', \'Maidlang 2\', NULL, NULL, \'pending\')')
 3 SYSTEMPATH\Database\BaseConnection.php(827): CodeIgniter\Database\BaseConnection->simpleQuery('INSERT INTO `services` (`plan_holder_id`, `branch_id`, `service_list_id`, `package_id`, `total_cost`, `service_date`, `service_time`, `burial_location`, `assigned_staff`, `notes`, `status`) VALUES (13, 1, NULL, 1, \'15000.00\', \'2026-06-04\', \'15:12\', \'Maidlang 2\', NULL, NULL, \'pending\')')
 4 SYSTEMPATH\Database\BaseBuilder.php(2345): CodeIgniter\Database\BaseConnection->query('INSERT INTO `services` (`plan_holder_id`, `branch_id`, `service_list_id`, `package_id`, `total_cost`, `service_date`, `service_time`, `burial_location`, `assigned_staff`, `notes`, `status`) VALUES (:plan_holder_id:, :branch_id:, :service_list_id:, :package_id:, :total_cost:, :service_date:, :service_time:, :burial_location:, :assigned_staff:, :notes:, :status:)', [...], false)
 5 SYSTEMPATH\Model.php(355): CodeIgniter\Database\BaseBuilder->insert()
 6 SYSTEMPATH\BaseModel.php(899): CodeIgniter\Model->doInsert([...])
 7 SYSTEMPATH\Model.php(668): CodeIgniter\BaseModel->insert([...], true)
 8 APPPATH\Controllers\BranchAdmin\ServiceController.php(201): CodeIgniter\Model->insert([...])
 9 SYSTEMPATH\CodeIgniter.php(951): App\Controllers\BranchAdmin\ServiceController->store()
10 SYSTEMPATH\CodeIgniter.php(497): CodeIgniter\CodeIgniter->runController(Object(App\Controllers\BranchAdmin\ServiceController))
11 SYSTEMPATH\CodeIgniter.php(340): CodeIgniter\CodeIgniter->handleRequest(null, Object(Config\Cache), false)
12 SYSTEMPATH\Boot.php(417): CodeIgniter\CodeIgniter->run()
13 SYSTEMPATH\Boot.php(68): CodeIgniter\Boot::runCodeIgniter(Object(CodeIgniter\CodeIgniter))
14 FCPATH\index.php(59): CodeIgniter\Boot::bootWeb(Object(Config\Paths))
DEBUG - 2026-06-04 06:14:49 --> Session: Class initialized using 'CodeIgniter\Session\Handlers\FileHandler' driver.
ERROR - 2026-06-04 06:14:49 --> Unknown column 'service_list_id' in 'field list'
in SYSTEMPATH\Database\MySQLi\Connection.php on line 300.
 1 SYSTEMPATH\Database\MySQLi\Connection.php(300): mysqli->query('INSERT INTO `services` (`plan_holder_id`, `branch_id`, `service_list_id`, `package_id`, `total_cost`, `service_date`, `service_time`, `burial_location`, `assigned_staff`, `notes`, `status`) VALUES (13, 1, NULL, 1, \'15000.00\', \'2026-06-04\', \'15:12\', \'Maidlang 2\', NULL, NULL, \'pending\')', 0)
 2 SYSTEMPATH\Database\BaseConnection.php(910): CodeIgniter\Database\MySQLi\Connection->execute('INSERT INTO `services` (`plan_holder_id`, `branch_id`, `service_list_id`, `package_id`, `total_cost`, `service_date`, `service_time`, `burial_location`, `assigned_staff`, `notes`, `status`) VALUES (13, 1, NULL, 1, \'15000.00\', \'2026-06-04\', \'15:12\', \'Maidlang 2\', NULL, NULL, \'pending\')')
 3 SYSTEMPATH\Database\BaseConnection.php(827): CodeIgniter\Database\BaseConnection->simpleQuery('INSERT INTO `services` (`plan_holder_id`, `branch_id`, `service_list_id`, `package_id`, `total_cost`, `service_date`, `service_time`, `burial_location`, `assigned_staff`, `notes`, `status`) VALUES (13, 1, NULL, 1, \'15000.00\', \'2026-06-04\', \'15:12\', \'Maidlang 2\', NULL, NULL, \'pending\')')
 4 SYSTEMPATH\Database\BaseBuilder.php(2345): CodeIgniter\Database\BaseConnection->query('INSERT INTO `services` (`plan_holder_id`, `branch_id`, `service_list_id`, `package_id`, `total_cost`, `service_date`, `service_time`, `burial_location`, `assigned_staff`, `notes`, `status`) VALUES (:plan_holder_id:, :branch_id:, :service_list_id:, :package_id:, :total_cost:, :service_date:, :service_time:, :burial_location:, :assigned_staff:, :notes:, :status:)', [...], false)
 5 SYSTEMPATH\Model.php(355): CodeIgniter\Database\BaseBuilder->insert()
 6 SYSTEMPATH\BaseModel.php(899): CodeIgniter\Model->doInsert([...])
 7 SYSTEMPATH\Model.php(668): CodeIgniter\BaseModel->insert([...], true)
 8 APPPATH\Controllers\BranchAdmin\ServiceController.php(201): CodeIgniter\Model->insert([...])
 9 SYSTEMPATH\CodeIgniter.php(951): App\Controllers\BranchAdmin\ServiceController->store()
10 SYSTEMPATH\CodeIgniter.php(497): CodeIgniter\CodeIgniter->runController(Object(App\Controllers\BranchAdmin\ServiceController))
11 SYSTEMPATH\CodeIgniter.php(340): CodeIgniter\CodeIgniter->handleRequest(null, Object(Config\Cache), false)
12 SYSTEMPATH\Boot.php(417): CodeIgniter\CodeIgniter->run()
13 SYSTEMPATH\Boot.php(68): CodeIgniter\Boot::runCodeIgniter(Object(CodeIgniter\CodeIgniter))
14 FCPATH\index.php(59): CodeIgniter\Boot::bootWeb(Object(Config\Paths))
CRITICAL - 2026-06-04 06:14:49 --> CodeIgniter\Database\Exceptions\DatabaseException: Unknown column 'service_list_id' in 'field list'
[Method: POST, Route: branch-admin/service-package/schedule/store]
in SYSTEMPATH\Database\BaseConnection.php on line 865.
 1 SYSTEMPATH\Database\BaseBuilder.php(2345): CodeIgniter\Database\BaseConnection->query('INSERT INTO `services` (`plan_holder_id`, `branch_id`, `service_list_id`, `package_id`, `total_cost`, `service_date`, `service_time`, `burial_location`, `assigned_staff`, `notes`, `status`) VALUES (:plan_holder_id:, :branch_id:, :service_list_id:, :package_id:, :total_cost:, :service_date:, :service_time:, :burial_location:, :assigned_staff:, :notes:, :status:)', [...], false)
 2 SYSTEMPATH\Model.php(355): CodeIgniter\Database\BaseBuilder->insert()
 3 SYSTEMPATH\BaseModel.php(899): CodeIgniter\Model->doInsert([...])
 4 SYSTEMPATH\Model.php(668): CodeIgniter\BaseModel->insert([...], true)
 5 APPPATH\Controllers\BranchAdmin\ServiceController.php(201): CodeIgniter\Model->insert([...])
 6 SYSTEMPATH\CodeIgniter.php(951): App\Controllers\BranchAdmin\ServiceController->store()
 7 SYSTEMPATH\CodeIgniter.php(497): CodeIgniter\CodeIgniter->runController(Object(App\Controllers\BranchAdmin\ServiceController))
 8 SYSTEMPATH\CodeIgniter.php(340): CodeIgniter\CodeIgniter->handleRequest(null, Object(Config\Cache), false)
 9 SYSTEMPATH\Boot.php(417): CodeIgniter\CodeIgniter->run()
10 SYSTEMPATH\Boot.php(68): CodeIgniter\Boot::runCodeIgniter(Object(CodeIgniter\CodeIgniter))
11 FCPATH\index.php(59): CodeIgniter\Boot::bootWeb(Object(Config\Paths))
CRITICAL - 2026-06-04 06:14:49 --> [Caused by] CodeIgniter\Database\Exceptions\DatabaseException: Unknown column 'service_list_id' in 'field list'
in SYSTEMPATH\Database\MySQLi\Connection.php on line 310.
 1 SYSTEMPATH\Database\BaseConnection.php(910): CodeIgniter\Database\MySQLi\Connection->execute('INSERT INTO `services` (`plan_holder_id`, `branch_id`, `service_list_id`, `package_id`, `total_cost`, `service_date`, `service_time`, `burial_location`, `assigned_staff`, `notes`, `status`) VALUES (13, 1, NULL, 1, \'15000.00\', \'2026-06-04\', \'15:12\', \'Maidlang 2\', NULL, NULL, \'pending\')')
 2 SYSTEMPATH\Database\BaseConnection.php(827): CodeIgniter\Database\BaseConnection->simpleQuery('INSERT INTO `services` (`plan_holder_id`, `branch_id`, `service_list_id`, `package_id`, `total_cost`, `service_date`, `service_time`, `burial_location`, `assigned_staff`, `notes`, `status`) VALUES (13, 1, NULL, 1, \'15000.00\', \'2026-06-04\', \'15:12\', \'Maidlang 2\', NULL, NULL, \'pending\')')
 3 SYSTEMPATH\Database\BaseBuilder.php(2345): CodeIgniter\Database\BaseConnection->query('INSERT INTO `services` (`plan_holder_id`, `branch_id`, `service_list_id`, `package_id`, `total_cost`, `service_date`, `service_time`, `burial_location`, `assigned_staff`, `notes`, `status`) VALUES (:plan_holder_id:, :branch_id:, :service_list_id:, :package_id:, :total_cost:, :service_date:, :service_time:, :burial_location:, :assigned_staff:, :notes:, :status:)', [...], false)
 4 SYSTEMPATH\Model.php(355): CodeIgniter\Database\BaseBuilder->insert()
 5 SYSTEMPATH\BaseModel.php(899): CodeIgniter\Model->doInsert([...])
 6 SYSTEMPATH\Model.php(668): CodeIgniter\BaseModel->insert([...], true)
 7 APPPATH\Controllers\BranchAdmin\ServiceController.php(201): CodeIgniter\Model->insert([...])
 8 SYSTEMPATH\CodeIgniter.php(951): App\Controllers\BranchAdmin\ServiceController->store()
 9 SYSTEMPATH\CodeIgniter.php(497): CodeIgniter\CodeIgniter->runController(Object(App\Controllers\BranchAdmin\ServiceController))
10 SYSTEMPATH\CodeIgniter.php(340): CodeIgniter\CodeIgniter->handleRequest(null, Object(Config\Cache), false)
11 SYSTEMPATH\Boot.php(417): CodeIgniter\CodeIgniter->run()
12 SYSTEMPATH\Boot.php(68): CodeIgniter\Boot::runCodeIgniter(Object(CodeIgniter\CodeIgniter))
13 FCPATH\index.php(59): CodeIgniter\Boot::bootWeb(Object(Config\Paths))
CRITICAL - 2026-06-04 06:14:49 --> [Caused by] mysqli_sql_exception: Unknown column 'service_list_id' in 'field list'
in SYSTEMPATH\Database\MySQLi\Connection.php on line 300.
 1 SYSTEMPATH\Database\MySQLi\Connection.php(300): mysqli->query('INSERT INTO `services` (`plan_holder_id`, `branch_id`, `service_list_id`, `package_id`, `total_cost`, `service_date`, `service_time`, `burial_location`, `assigned_staff`, `notes`, `status`) VALUES (13, 1, NULL, 1, \'15000.00\', \'2026-06-04\', \'15:12\', \'Maidlang 2\', NULL, NULL, \'pending\')', 0)
 2 SYSTEMPATH\Database\BaseConnection.php(910): CodeIgniter\Database\MySQLi\Connection->execute('INSERT INTO `services` (`plan_holder_id`, `branch_id`, `service_list_id`, `package_id`, `total_cost`, `service_date`, `service_time`, `burial_location`, `assigned_staff`, `notes`, `status`) VALUES (13, 1, NULL, 1, \'15000.00\', \'2026-06-04\', \'15:12\', \'Maidlang 2\', NULL, NULL, \'pending\')')
 3 SYSTEMPATH\Database\BaseConnection.php(827): CodeIgniter\Database\BaseConnection->simpleQuery('INSERT INTO `services` (`plan_holder_id`, `branch_id`, `service_list_id`, `package_id`, `total_cost`, `service_date`, `service_time`, `burial_location`, `assigned_staff`, `notes`, `status`) VALUES (13, 1, NULL, 1, \'15000.00\', \'2026-06-04\', \'15:12\', \'Maidlang 2\', NULL, NULL, \'pending\')')
 4 SYSTEMPATH\Database\BaseBuilder.php(2345): CodeIgniter\Database\BaseConnection->query('INSERT INTO `services` (`plan_holder_id`, `branch_id`, `service_list_id`, `package_id`, `total_cost`, `service_date`, `service_time`, `burial_location`, `assigned_staff`, `notes`, `status`) VALUES (:plan_holder_id:, :branch_id:, :service_list_id:, :package_id:, :total_cost:, :service_date:, :service_time:, :burial_location:, :assigned_staff:, :notes:, :status:)', [...], false)
 5 SYSTEMPATH\Model.php(355): CodeIgniter\Database\BaseBuilder->insert()
 6 SYSTEMPATH\BaseModel.php(899): CodeIgniter\Model->doInsert([...])
 7 SYSTEMPATH\Model.php(668): CodeIgniter\BaseModel->insert([...], true)
 8 APPPATH\Controllers\BranchAdmin\ServiceController.php(201): CodeIgniter\Model->insert([...])
 9 SYSTEMPATH\CodeIgniter.php(951): App\Controllers\BranchAdmin\ServiceController->store()
10 SYSTEMPATH\CodeIgniter.php(497): CodeIgniter\CodeIgniter->runController(Object(App\Controllers\BranchAdmin\ServiceController))
11 SYSTEMPATH\CodeIgniter.php(340): CodeIgniter\CodeIgniter->handleRequest(null, Object(Config\Cache), false)
12 SYSTEMPATH\Boot.php(417): CodeIgniter\CodeIgniter->run()
13 SYSTEMPATH\Boot.php(68): CodeIgniter\Boot::runCodeIgniter(Object(CodeIgniter\CodeIgniter))
14 FCPATH\index.php(59): CodeIgniter\Boot::bootWeb(Object(Config\Paths))
ERROR - 2026-06-04 06:16:21 --> Table 'cash_payment_records' already exists
in SYSTEMPATH\Database\MySQLi\Connection.php on line 300.
 1 SYSTEMPATH\Database\MySQLi\Connection.php(300): mysqli->query('CREATE TABLE `cash_payment_records` (
	`cash_record_id` INT(11) UNSIGNED NOT NULL AUTO_INCREMENT,
	`branch_id` INT(11) UNSIGNED NOT NULL,
	`client_name` VARCHAR(255) NOT NULL,
	`months_covered` INT(3) NOT NULL DEFAULT 1,
	`amount` DECIMAL(10,2) NOT NULL,
	`receipt_number` VARCHAR(50) NOT NULL UNIQUE,
	`recorded_by` INT(11) UNSIGNED NULL,
	`recorded_date` DATE NOT NULL,
	`verified` TINYINT(1) NOT NULL DEFAULT 0,
	`verified_date` DATETIME NULL,
	`created_at` DATETIME NOT NULL,
	`updated_at` DATETIME NULL,
	CONSTRAINT `pk_cash_payment_records` PRIMARY KEY(`cash_record_id`),
	KEY `branch_id` (`branch_id`),
	KEY `receipt_number` (`receipt_number`),
	KEY `verified` (`verified`)
) DEFAULT CHARACTER SET = utf8mb4 COLLATE = utf8mb4_general_ci', 0)
 2 SYSTEMPATH\Database\BaseConnection.php(910): CodeIgniter\Database\MySQLi\Connection->execute('CREATE TABLE `cash_payment_records` (
	`cash_record_id` INT(11) UNSIGNED NOT NULL AUTO_INCREMENT,
	`branch_id` INT(11) UNSIGNED NOT NULL,
	`client_name` VARCHAR(255) NOT NULL,
	`months_covered` INT(3) NOT NULL DEFAULT 1,
	`amount` DECIMAL(10,2) NOT NULL,
	`receipt_number` VARCHAR(50) NOT NULL UNIQUE,
	`recorded_by` INT(11) UNSIGNED NULL,
	`recorded_date` DATE NOT NULL,
	`verified` TINYINT(1) NOT NULL DEFAULT 0,
	`verified_date` DATETIME NULL,
	`created_at` DATETIME NOT NULL,
	`updated_at` DATETIME NULL,
	CONSTRAINT `pk_cash_payment_records` PRIMARY KEY(`cash_record_id`),
	KEY `branch_id` (`branch_id`),
	KEY `receipt_number` (`receipt_number`),
	KEY `verified` (`verified`)
) DEFAULT CHARACTER SET = utf8mb4 COLLATE = utf8mb4_general_ci')
 3 SYSTEMPATH\Database\BaseConnection.php(827): CodeIgniter\Database\BaseConnection->simpleQuery('CREATE TABLE `cash_payment_records` (
	`cash_record_id` INT(11) UNSIGNED NOT NULL AUTO_INCREMENT,
	`branch_id` INT(11) UNSIGNED NOT NULL,
	`client_name` VARCHAR(255) NOT NULL,
	`months_covered` INT(3) NOT NULL DEFAULT 1,
	`amount` DECIMAL(10,2) NOT NULL,
	`receipt_number` VARCHAR(50) NOT NULL UNIQUE,
	`recorded_by` INT(11) UNSIGNED NULL,
	`recorded_date` DATE NOT NULL,
	`verified` TINYINT(1) NOT NULL DEFAULT 0,
	`verified_date` DATETIME NULL,
	`created_at` DATETIME NOT NULL,
	`updated_at` DATETIME NULL,
	CONSTRAINT `pk_cash_payment_records` PRIMARY KEY(`cash_record_id`),
	KEY `branch_id` (`branch_id`),
	KEY `receipt_number` (`receipt_number`),
	KEY `verified` (`verified`)
) DEFAULT CHARACTER SET = utf8mb4 COLLATE = utf8mb4_general_ci')
 4 SYSTEMPATH\Database\Forge.php(570): CodeIgniter\Database\BaseConnection->query('CREATE TABLE `cash_payment_records` (
	`cash_record_id` INT(11) UNSIGNED NOT NULL AUTO_INCREMENT,
	`branch_id` INT(11) UNSIGNED NOT NULL,
	`client_name` VARCHAR(255) NOT NULL,
	`months_covered` INT(3) NOT NULL DEFAULT 1,
	`amount` DECIMAL(10,2) NOT NULL,
	`receipt_number` VARCHAR(50) NOT NULL UNIQUE,
	`recorded_by` INT(11) UNSIGNED NULL,
	`recorded_date` DATE NOT NULL,
	`verified` TINYINT(1) NOT NULL DEFAULT 0,
	`verified_date` DATETIME NULL,
	`created_at` DATETIME NOT NULL,
	`updated_at` DATETIME NULL,
	CONSTRAINT `pk_cash_payment_records` PRIMARY KEY(`cash_record_id`),
	KEY `branch_id` (`branch_id`),
	KEY `receipt_number` (`receipt_number`),
	KEY `verified` (`verified`)
) DEFAULT CHARACTER SET = utf8mb4 COLLATE = utf8mb4_general_ci')
 5 APPPATH\Database\Migrations\2026-05-12-000001_CreateCashPaymentRecords.php(72): CodeIgniter\Database\Forge->createTable('cash_payment_records')
 6 SYSTEMPATH\Database\MigrationRunner.php(1014): App\Database\Migrations\CreateCashPaymentRecords->up()
 7 SYSTEMPATH\Database\MigrationRunner.php(202): CodeIgniter\Database\MigrationRunner->migrate('up', Object(stdClass))
 8 SYSTEMPATH\Commands\Database\Migrate.php(89): CodeIgniter\Database\MigrationRunner->latest(null)
 9 SYSTEMPATH\CLI\SignalTrait.php(245): CodeIgniter\Commands\Database\Migrate::CodeIgniter\Commands\Database\{closure}()
10 SYSTEMPATH\Commands\Database\Migrate.php(88): CodeIgniter\Commands\Database\Migrate->withSignalsBlocked(Object(Closure))
11 SYSTEMPATH\CLI\Commands.php(74): CodeIgniter\Commands\Database\Migrate->run([])
12 SYSTEMPATH\CLI\Console.php(47): CodeIgniter\CLI\Commands->run('migrate', [])
13 SYSTEMPATH\Boot.php(442): CodeIgniter\CLI\Console->run()
14 SYSTEMPATH\Boot.php(166): CodeIgniter\Boot::runCommand(Object(CodeIgniter\CLI\Console))
15 ROOTPATH\spark(87): CodeIgniter\Boot::bootSpark(Object(Config\Paths))
DEBUG - 2026-06-04 06:20:25 --> Session: Class initialized using 'CodeIgniter\Session\Handlers\FileHandler' driver.
DEBUG - 2026-06-04 06:20:26 --> Session: Class initialized using 'CodeIgniter\Session\Handlers\FileHandler' driver.
DEBUG - 2026-06-04 06:20:32 --> Session: Class initialized using 'CodeIgniter\Session\Handlers\FileHandler' driver.
DEBUG - 2026-06-04 06:21:29 --> Session: Class initialized using 'CodeIgniter\Session\Handlers\FileHandler' driver.
DEBUG - 2026-06-04 06:21:45 --> Session: Class initialized using 'CodeIgniter\Session\Handlers\FileHandler' driver.
DEBUG - 2026-06-04 06:21:49 --> Session: Class initialized using 'CodeIgniter\Session\Handlers\FileHandler' driver.
DEBUG - 2026-06-04 06:21:49 --> Session: Class initialized using 'CodeIgniter\Session\Handlers\FileHandler' driver.
DEBUG - 2026-06-04 06:21:50 --> Session: Class initialized using 'CodeIgniter\Session\Handlers\FileHandler' driver.
ERROR - 2026-06-04 06:21:50 --> Unknown column 'is_active' in 'where clause'
in SYSTEMPATH\Database\MySQLi\Connection.php on line 300.
 1 SYSTEMPATH\Database\MySQLi\Connection.php(300): mysqli->query('SELECT COUNT(*) AS `numrows`
FROM `branches`
WHERE `is_active` = 1', 0)
 2 SYSTEMPATH\Database\BaseConnection.php(910): CodeIgniter\Database\MySQLi\Connection->execute('SELECT COUNT(*) AS `numrows`
FROM `branches`
WHERE `is_active` = 1')
 3 SYSTEMPATH\Database\BaseConnection.php(827): CodeIgniter\Database\BaseConnection->simpleQuery('SELECT COUNT(*) AS `numrows`
FROM `branches`
WHERE `is_active` = 1')
 4 SYSTEMPATH\Database\BaseBuilder.php(1733): CodeIgniter\Database\BaseConnection->query('SELECT COUNT(*) AS `numrows`
FROM `branches`
WHERE `is_active` = :is_active:', [...], false)
 5 APPPATH\Controllers\Dashboard.php(74): CodeIgniter\Database\BaseBuilder->countAllResults()
 6 APPPATH\Controllers\Dashboard.php(49): App\Controllers\Dashboard->buildAdminDashboardData()
 7 SYSTEMPATH\CodeIgniter.php(951): App\Controllers\Dashboard->adminData()
 8 SYSTEMPATH\CodeIgniter.php(497): CodeIgniter\CodeIgniter->runController(Object(App\Controllers\Dashboard))
 9 SYSTEMPATH\CodeIgniter.php(340): CodeIgniter\CodeIgniter->handleRequest(null, Object(Config\Cache), false)
10 SYSTEMPATH\Boot.php(417): CodeIgniter\CodeIgniter->run()
11 SYSTEMPATH\Boot.php(68): CodeIgniter\Boot::runCodeIgniter(Object(CodeIgniter\CodeIgniter))
12 FCPATH\index.php(59): CodeIgniter\Boot::bootWeb(Object(Config\Paths))
CRITICAL - 2026-06-04 06:21:50 --> CodeIgniter\Database\Exceptions\DatabaseException: Unknown column 'is_active' in 'where clause'
[Method: GET, Route: admin/dashboard/data]
in SYSTEMPATH\Database\BaseConnection.php on line 865.
 1 SYSTEMPATH\Database\BaseBuilder.php(1733): CodeIgniter\Database\BaseConnection->query('SELECT COUNT(*) AS `numrows`
FROM `branches`
WHERE `is_active` = :is_active:', [...], false)
 2 APPPATH\Controllers\Dashboard.php(74): CodeIgniter\Database\BaseBuilder->countAllResults()
 3 APPPATH\Controllers\Dashboard.php(49): App\Controllers\Dashboard->buildAdminDashboardData()
 4 SYSTEMPATH\CodeIgniter.php(951): App\Controllers\Dashboard->adminData()
 5 SYSTEMPATH\CodeIgniter.php(497): CodeIgniter\CodeIgniter->runController(Object(App\Controllers\Dashboard))
 6 SYSTEMPATH\CodeIgniter.php(340): CodeIgniter\CodeIgniter->handleRequest(null, Object(Config\Cache), false)
 7 SYSTEMPATH\Boot.php(417): CodeIgniter\CodeIgniter->run()
 8 SYSTEMPATH\Boot.php(68): CodeIgniter\Boot::runCodeIgniter(Object(CodeIgniter\CodeIgniter))
 9 FCPATH\index.php(59): CodeIgniter\Boot::bootWeb(Object(Config\Paths))
CRITICAL - 2026-06-04 06:21:50 --> [Caused by] CodeIgniter\Database\Exceptions\DatabaseException: Unknown column 'is_active' in 'where clause'
in SYSTEMPATH\Database\MySQLi\Connection.php on line 310.
 1 SYSTEMPATH\Database\BaseConnection.php(910): CodeIgniter\Database\MySQLi\Connection->execute('SELECT COUNT(*) AS `numrows`
FROM `branches`
WHERE `is_active` = 1')
 2 SYSTEMPATH\Database\BaseConnection.php(827): CodeIgniter\Database\BaseConnection->simpleQuery('SELECT COUNT(*) AS `numrows`
FROM `branches`
WHERE `is_active` = 1')
 3 SYSTEMPATH\Database\BaseBuilder.php(1733): CodeIgniter\Database\BaseConnection->query('SELECT COUNT(*) AS `numrows`
FROM `branches`
WHERE `is_active` = :is_active:', [...], false)
 4 APPPATH\Controllers\Dashboard.php(74): CodeIgniter\Database\BaseBuilder->countAllResults()
 5 APPPATH\Controllers\Dashboard.php(49): App\Controllers\Dashboard->buildAdminDashboardData()
 6 SYSTEMPATH\CodeIgniter.php(951): App\Controllers\Dashboard->adminData()
 7 SYSTEMPATH\CodeIgniter.php(497): CodeIgniter\CodeIgniter->runController(Object(App\Controllers\Dashboard))
 8 SYSTEMPATH\CodeIgniter.php(340): CodeIgniter\CodeIgniter->handleRequest(null, Object(Config\Cache), false)
 9 SYSTEMPATH\Boot.php(417): CodeIgniter\CodeIgniter->run()
10 SYSTEMPATH\Boot.php(68): CodeIgniter\Boot::runCodeIgniter(Object(CodeIgniter\CodeIgniter))
11 FCPATH\index.php(59): CodeIgniter\Boot::bootWeb(Object(Config\Paths))
CRITICAL - 2026-06-04 06:21:50 --> [Caused by] mysqli_sql_exception: Unknown column 'is_active' in 'where clause'
in SYSTEMPATH\Database\MySQLi\Connection.php on line 300.
 1 SYSTEMPATH\Database\MySQLi\Connection.php(300): mysqli->query('SELECT COUNT(*) AS `numrows`
FROM `branches`
WHERE `is_active` = 1', 0)
 2 SYSTEMPATH\Database\BaseConnection.php(910): CodeIgniter\Database\MySQLi\Connection->execute('SELECT COUNT(*) AS `numrows`
FROM `branches`
WHERE `is_active` = 1')
 3 SYSTEMPATH\Database\BaseConnection.php(827): CodeIgniter\Database\BaseConnection->simpleQuery('SELECT COUNT(*) AS `numrows`
FROM `branches`
WHERE `is_active` = 1')
 4 SYSTEMPATH\Database\BaseBuilder.php(1733): CodeIgniter\Database\BaseConnection->query('SELECT COUNT(*) AS `numrows`
FROM `branches`
WHERE `is_active` = :is_active:', [...], false)
 5 APPPATH\Controllers\Dashboard.php(74): CodeIgniter\Database\BaseBuilder->countAllResults()
 6 APPPATH\Controllers\Dashboard.php(49): App\Controllers\Dashboard->buildAdminDashboardData()
 7 SYSTEMPATH\CodeIgniter.php(951): App\Controllers\Dashboard->adminData()
 8 SYSTEMPATH\CodeIgniter.php(497): CodeIgniter\CodeIgniter->runController(Object(App\Controllers\Dashboard))
 9 SYSTEMPATH\CodeIgniter.php(340): CodeIgniter\CodeIgniter->handleRequest(null, Object(Config\Cache), false)
10 SYSTEMPATH\Boot.php(417): CodeIgniter\CodeIgniter->run()
11 SYSTEMPATH\Boot.php(68): CodeIgniter\Boot::runCodeIgniter(Object(CodeIgniter\CodeIgniter))
12 FCPATH\index.php(59): CodeIgniter\Boot::bootWeb(Object(Config\Paths))
DEBUG - 2026-06-04 06:21:55 --> Session: Class initialized using 'CodeIgniter\Session\Handlers\FileHandler' driver.
DEBUG - 2026-06-04 06:21:58 --> Session: Class initialized using 'CodeIgniter\Session\Handlers\FileHandler' driver.
DEBUG - 2026-06-04 06:22:03 --> Session: Class initialized using 'CodeIgniter\Session\Handlers\FileHandler' driver.
DEBUG - 2026-06-04 06:26:13 --> Session: Class initialized using 'CodeIgniter\Session\Handlers\FileHandler' driver.
DEBUG - 2026-06-04 06:26:15 --> Session: Class initialized using 'CodeIgniter\Session\Handlers\FileHandler' driver.
DEBUG - 2026-06-04 06:26:26 --> Session: Class initialized using 'CodeIgniter\Session\Handlers\FileHandler' driver.
DEBUG - 2026-06-04 06:26:27 --> Session: Class initialized using 'CodeIgniter\Session\Handlers\FileHandler' driver.
DEBUG - 2026-06-04 06:26:33 --> Session: Class initialized using 'CodeIgniter\Session\Handlers\FileHandler' driver.
DEBUG - 2026-06-04 06:26:34 --> Session: Class initialized using 'CodeIgniter\Session\Handlers\FileHandler' driver.
DEBUG - 2026-06-04 06:26:52 --> Session: Class initialized using 'CodeIgniter\Session\Handlers\FileHandler' driver.
DEBUG - 2026-06-04 06:26:53 --> Session: Class initialized using 'CodeIgniter\Session\Handlers\FileHandler' driver.
DEBUG - 2026-06-04 06:27:03 --> Session: Class initialized using 'CodeIgniter\Session\Handlers\FileHandler' driver.
DEBUG - 2026-06-04 06:27:19 --> Session: Class initialized using 'CodeIgniter\Session\Handlers\FileHandler' driver.
DEBUG - 2026-06-04 06:27:20 --> Session: Class initialized using 'CodeIgniter\Session\Handlers\FileHandler' driver.
DEBUG - 2026-06-04 06:27:59 --> Session: Class initialized using 'CodeIgniter\Session\Handlers\FileHandler' driver.
DEBUG - 2026-06-04 06:27:59 --> Session: Class initialized using 'CodeIgniter\Session\Handlers\FileHandler' driver.
DEBUG - 2026-06-04 06:28:20 --> Session: Class initialized using 'CodeIgniter\Session\Handlers\FileHandler' driver.
DEBUG - 2026-06-04 06:29:19 --> Session: Class initialized using 'CodeIgniter\Session\Handlers\FileHandler' driver.
DEBUG - 2026-06-04 06:29:19 --> Session: Class initialized using 'CodeIgniter\Session\Handlers\FileHandler' driver.
DEBUG - 2026-06-04 06:29:24 --> Session: Class initialized using 'CodeIgniter\Session\Handlers\FileHandler' driver.
DEBUG - 2026-06-04 06:29:24 --> Session: Class initialized using 'CodeIgniter\Session\Handlers\FileHandler' driver.
DEBUG - 2026-06-04 06:30:04 --> Session: Class initialized using 'CodeIgniter\Session\Handlers\FileHandler' driver.
DEBUG - 2026-06-04 06:30:10 --> Session: Class initialized using 'CodeIgniter\Session\Handlers\FileHandler' driver.
DEBUG - 2026-06-04 06:30:27 --> Session: Class initialized using 'CodeIgniter\Session\Handlers\FileHandler' driver.
DEBUG - 2026-06-04 06:30:34 --> Session: Class initialized using 'CodeIgniter\Session\Handlers\FileHandler' driver.
DEBUG - 2026-06-04 06:30:34 --> Session: Class initialized using 'CodeIgniter\Session\Handlers\FileHandler' driver.
DEBUG - 2026-06-04 06:30:38 --> Session: Class initialized using 'CodeIgniter\Session\Handlers\FileHandler' driver.
DEBUG - 2026-06-04 06:30:38 --> Session: Class initialized using 'CodeIgniter\Session\Handlers\FileHandler' driver.
DEBUG - 2026-06-04 06:30:41 --> Session: Class initialized using 'CodeIgniter\Session\Handlers\FileHandler' driver.
DEBUG - 2026-06-04 06:30:43 --> Session: Class initialized using 'CodeIgniter\Session\Handlers\FileHandler' driver.
DEBUG - 2026-06-04 06:30:45 --> Session: Class initialized using 'CodeIgniter\Session\Handlers\FileHandler' driver.
DEBUG - 2026-06-04 06:30:53 --> Session: Class initialized using 'CodeIgniter\Session\Handlers\FileHandler' driver.
DEBUG - 2026-06-04 06:31:01 --> Session: Class initialized using 'CodeIgniter\Session\Handlers\FileHandler' driver.
DEBUG - 2026-06-04 06:31:01 --> Session: Class initialized using 'CodeIgniter\Session\Handlers\FileHandler' driver.
DEBUG - 2026-06-04 06:31:04 --> Session: Class initialized using 'CodeIgniter\Session\Handlers\FileHandler' driver.
DEBUG - 2026-06-04 06:31:07 --> Session: Class initialized using 'CodeIgniter\Session\Handlers\FileHandler' driver.
DEBUG - 2026-06-04 06:31:08 --> Session: Class initialized using 'CodeIgniter\Session\Handlers\FileHandler' driver.
DEBUG - 2026-06-04 06:31:10 --> Session: Class initialized using 'CodeIgniter\Session\Handlers\FileHandler' driver.
DEBUG - 2026-06-04 06:31:10 --> Session: Class initialized using 'CodeIgniter\Session\Handlers\FileHandler' driver.
DEBUG - 2026-06-04 06:32:42 --> Session: Class initialized using 'CodeIgniter\Session\Handlers\FileHandler' driver.
DEBUG - 2026-06-04 06:32:45 --> Session: Class initialized using 'CodeIgniter\Session\Handlers\FileHandler' driver.
DEBUG - 2026-06-04 09:07:03 --> Session: Class initialized using 'CodeIgniter\Session\Handlers\FileHandler' driver.
DEBUG - 2026-06-04 09:07:04 --> Session: Class initialized using 'CodeIgniter\Session\Handlers\FileHandler' driver.
DEBUG - 2026-06-04 09:07:06 --> Session: Class initialized using 'CodeIgniter\Session\Handlers\FileHandler' driver.
DEBUG - 2026-06-04 09:07:20 --> Session: Class initialized using 'CodeIgniter\Session\Handlers\FileHandler' driver.
DEBUG - 2026-06-04 09:07:24 --> Session: Class initialized using 'CodeIgniter\Session\Handlers\FileHandler' driver.
DEBUG - 2026-06-04 09:07:24 --> Session: Class initialized using 'CodeIgniter\Session\Handlers\FileHandler' driver.
DEBUG - 2026-06-04 09:07:41 --> Session: Class initialized using 'CodeIgniter\Session\Handlers\FileHandler' driver.
DEBUG - 2026-06-04 09:07:41 --> Session: Class initialized using 'CodeIgniter\Session\Handlers\FileHandler' driver.
DEBUG - 2026-06-04 09:07:46 --> Session: Class initialized using 'CodeIgniter\Session\Handlers\FileHandler' driver.
DEBUG - 2026-06-04 09:07:46 --> Session: Class initialized using 'CodeIgniter\Session\Handlers\FileHandler' driver.
DEBUG - 2026-06-04 09:07:52 --> Session: Class initialized using 'CodeIgniter\Session\Handlers\FileHandler' driver.
DEBUG - 2026-06-04 09:07:53 --> Session: Class initialized using 'CodeIgniter\Session\Handlers\FileHandler' driver.
DEBUG - 2026-06-04 09:09:04 --> Session: Class initialized using 'CodeIgniter\Session\Handlers\FileHandler' driver.
DEBUG - 2026-06-04 09:09:05 --> Session: Class initialized using 'CodeIgniter\Session\Handlers\FileHandler' driver.
DEBUG - 2026-06-04 09:11:22 --> Session: Class initialized using 'CodeIgniter\Session\Handlers\FileHandler' driver.
DEBUG - 2026-06-04 09:12:15 --> Session: Class initialized using 'CodeIgniter\Session\Handlers\FileHandler' driver.
DEBUG - 2026-06-04 09:12:16 --> Session: Class initialized using 'CodeIgniter\Session\Handlers\FileHandler' driver.
DEBUG - 2026-06-04 09:12:23 --> Session: Class initialized using 'CodeIgniter\Session\Handlers\FileHandler' driver.
DEBUG - 2026-06-04 09:12:24 --> Session: Class initialized using 'CodeIgniter\Session\Handlers\FileHandler' driver.
DEBUG - 2026-06-04 09:13:23 --> Session: Class initialized using 'CodeIgniter\Session\Handlers\FileHandler' driver.
DEBUG - 2026-06-04 09:13:30 --> Session: Class initialized using 'CodeIgniter\Session\Handlers\FileHandler' driver.
DEBUG - 2026-06-04 09:13:56 --> Session: Class initialized using 'CodeIgniter\Session\Handlers\FileHandler' driver.
DEBUG - 2026-06-04 09:14:02 --> Session: Class initialized using 'CodeIgniter\Session\Handlers\FileHandler' driver.
DEBUG - 2026-06-04 09:14:07 --> Session: Class initialized using 'CodeIgniter\Session\Handlers\FileHandler' driver.
