DEBUG - 2026-05-19 00:55:49 --> Session: Class initialized using 'CodeIgniter\Session\Handlers\FileHandler' driver.
DEBUG - 2026-05-19 00:55:50 --> Session: Class initialized using 'CodeIgniter\Session\Handlers\FileHandler' driver.
DEBUG - 2026-05-19 00:55:59 --> Session: Class initialized using 'CodeIgniter\Session\Handlers\FileHandler' driver.
DEBUG - 2026-05-19 00:56:00 --> Session: Class initialized using 'CodeIgniter\Session\Handlers\FileHandler' driver.
DEBUG - 2026-05-19 00:56:06 --> Session: Class initialized using 'CodeIgniter\Session\Handlers\FileHandler' driver.
DEBUG - 2026-05-19 00:56:12 --> Session: Class initialized using 'CodeIgniter\Session\Handlers\FileHandler' driver.
DEBUG - 2026-05-19 00:56:15 --> Session: Class initialized using 'CodeIgniter\Session\Handlers\FileHandler' driver.
DEBUG - 2026-05-19 00:56:18 --> Session: Class initialized using 'CodeIgniter\Session\Handlers\FileHandler' driver.
DEBUG - 2026-05-19 00:56:25 --> Session: Class initialized using 'CodeIgniter\Session\Handlers\FileHandler' driver.
DEBUG - 2026-05-19 00:56:26 --> Session: Class initialized using 'CodeIgniter\Session\Handlers\FileHandler' driver.
DEBUG - 2026-05-19 00:56:42 --> Session: Class initialized using 'CodeIgniter\Session\Handlers\FileHandler' driver.
DEBUG - 2026-05-19 00:56:42 --> Session: Class initialized using 'CodeIgniter\Session\Handlers\FileHandler' driver.
DEBUG - 2026-05-19 00:56:46 --> Session: Class initialized using 'CodeIgniter\Session\Handlers\FileHandler' driver.
DEBUG - 2026-05-19 00:56:55 --> Session: Class initialized using 'CodeIgniter\Session\Handlers\FileHandler' driver.
DEBUG - 2026-05-19 00:57:06 --> Session: Class initialized using 'CodeIgniter\Session\Handlers\FileHandler' driver.
ERROR - 2026-05-19 00:57:06 --> Unknown column 'deceased_name' in 'field list'
in SYSTEMPATH\Database\MySQLi\Connection.php on line 300.
 1 SYSTEMPATH\Database\MySQLi\Connection.php(300): mysqli->query('INSERT INTO `service_applications` (`plan_holder_id`, `service_list_id`, `status`, `deceased_name`, `deceased_date_of_death`, `deceased_address`, `relationship_to_deceased`, `beneficiary_name`, `beneficiary_contact`, `application_notes`) VALUES (12, 2, \'pending\', \'Anne Collins\', \'2039-04-13\', \'Camansihan\', NULL, \'annecollins\', \'09369111954\', NULL)', 0)
 2 SYSTEMPATH\Database\BaseConnection.php(910): CodeIgniter\Database\MySQLi\Connection->execute('INSERT INTO `service_applications` (`plan_holder_id`, `service_list_id`, `status`, `deceased_name`, `deceased_date_of_death`, `deceased_address`, `relationship_to_deceased`, `beneficiary_name`, `beneficiary_contact`, `application_notes`) VALUES (12, 2, \'pending\', \'Anne Collins\', \'2039-04-13\', \'Camansihan\', NULL, \'annecollins\', \'09369111954\', NULL)')
 3 SYSTEMPATH\Database\BaseConnection.php(827): CodeIgniter\Database\BaseConnection->simpleQuery('INSERT INTO `service_applications` (`plan_holder_id`, `service_list_id`, `status`, `deceased_name`, `deceased_date_of_death`, `deceased_address`, `relationship_to_deceased`, `beneficiary_name`, `beneficiary_contact`, `application_notes`) VALUES (12, 2, \'pending\', \'Anne Collins\', \'2039-04-13\', \'Camansihan\', NULL, \'annecollins\', \'09369111954\', NULL)')
 4 SYSTEMPATH\Database\BaseBuilder.php(2345): CodeIgniter\Database\BaseConnection->query('INSERT INTO `service_applications` (`plan_holder_id`, `service_list_id`, `status`, `deceased_name`, `deceased_date_of_death`, `deceased_address`, `relationship_to_deceased`, `beneficiary_name`, `beneficiary_contact`, `application_notes`) VALUES (:plan_holder_id:, :service_list_id:, :status:, :deceased_name:, :deceased_date_of_death:, :deceased_address:, :relationship_to_deceased:, :beneficiary_name:, :beneficiary_contact:, :application_notes:)', [...], false)
 5 APPPATH\Controllers\Client\ClientServiceController.php(296): CodeIgniter\Database\BaseBuilder->insert([...])
 6 SYSTEMPATH\CodeIgniter.php(951): App\Controllers\Client\ClientServiceController->submitServiceApplication(2)
 7 SYSTEMPATH\CodeIgniter.php(497): CodeIgniter\CodeIgniter->runController(Object(App\Controllers\Client\ClientServiceController))
 8 SYSTEMPATH\CodeIgniter.php(340): CodeIgniter\CodeIgniter->handleRequest(null, Object(Config\Cache), false)
 9 SYSTEMPATH\Boot.php(417): CodeIgniter\CodeIgniter->run()
10 SYSTEMPATH\Boot.php(68): CodeIgniter\Boot::runCodeIgniter(Object(CodeIgniter\CodeIgniter))
11 FCPATH\index.php(59): CodeIgniter\Boot::bootWeb(Object(Config\Paths))
DEBUG - 2026-05-19 00:57:07 --> Session: Class initialized using 'CodeIgniter\Session\Handlers\FileHandler' driver.
DEBUG - 2026-05-19 08:05:25 --> Session: Class initialized using 'CodeIgniter\Session\Handlers\FileHandler' driver.
DEBUG - 2026-05-19 08:05:33 --> Session: Class initialized using 'CodeIgniter\Session\Handlers\FileHandler' driver.
DEBUG - 2026-05-19 08:05:33 --> Session: Class initialized using 'CodeIgniter\Session\Handlers\FileHandler' driver.
DEBUG - 2026-05-19 08:05:55 --> Session: Class initialized using 'CodeIgniter\Session\Handlers\FileHandler' driver.
