ERROR - 2026-04-28 12:40:52 --> Error connecting to the database: mysqli_sql_exception: No connection could be made because the target machine actively refused it in C:\xampp\htdocs\caresync\ci4\system\Database\MySQLi\Connection.php:201
Stack trace:
#0 C:\xampp\htdocs\caresync\ci4\system\Database\MySQLi\Connection.php(201): mysqli->real_connect('localhost', 'root', Object(SensitiveParameterValue), 'kaagapay_db', 3306, '', 0)
#1 C:\xampp\htdocs\caresync\ci4\system\Database\BaseConnection.php(555): CodeIgniter\Database\MySQLi\Connection->connect(false)
#2 C:\xampp\htdocs\caresync\ci4\system\Database\BaseConnection.php(795): CodeIgniter\Database\BaseConnection->initialize()
#3 C:\xampp\htdocs\caresync\ci4\system\Database\BaseConnection.php(1706): CodeIgniter\Database\BaseConnection->query('SHOW TABLES FRO...')
#4 C:\xampp\htdocs\caresync\ci4\system\Database\BaseConnection.php(1726): CodeIgniter\Database\BaseConnection->listTables()
#5 C:\xampp\htdocs\caresync\ci4\system\Database\MigrationRunner.php(821): CodeIgniter\Database\BaseConnection->tableExists('migrations')
#6 C:\xampp\htdocs\caresync\ci4\system\Database\MigrationRunner.php(173): CodeIgniter\Database\MigrationRunner->ensureTable()
#7 C:\xampp\htdocs\caresync\ci4\system\Commands\Database\Migrate.php(89): CodeIgniter\Database\MigrationRunner->latest(NULL)
#8 C:\xampp\htdocs\caresync\ci4\system\CLI\SignalTrait.php(245): CodeIgniter\Commands\Database\Migrate::CodeIgniter\Commands\Database\{closure}()
#9 C:\xampp\htdocs\caresync\ci4\system\Commands\Database\Migrate.php(88): CodeIgniter\Commands\Database\Migrate->withSignalsBlocked(Object(Closure))
#10 C:\xampp\htdocs\caresync\ci4\system\CLI\Commands.php(74): CodeIgniter\Commands\Database\Migrate->run(Array)
#11 C:\xampp\htdocs\caresync\ci4\system\CLI\Console.php(47): CodeIgniter\CLI\Commands->run('migrate', Array)
#12 C:\xampp\htdocs\caresync\ci4\system\Boot.php(442): CodeIgniter\CLI\Console->run()
#13 C:\xampp\htdocs\caresync\ci4\system\Boot.php(166): CodeIgniter\Boot::runCommand(Object(CodeIgniter\CLI\Console))
#14 C:\xampp\htdocs\caresync\ci4\spark(87): CodeIgniter\Boot::bootSpark(Object(Config\Paths))
#15 {main}

Next CodeIgniter\Database\Exceptions\DatabaseException: No connection could be made because the target machine actively refused it in C:\xampp\htdocs\caresync\ci4\system\Database\MySQLi\Connection.php:231
Stack trace:
#0 C:\xampp\htdocs\caresync\ci4\system\Database\BaseConnection.php(555): CodeIgniter\Database\MySQLi\Connection->connect(false)
#1 C:\xampp\htdocs\caresync\ci4\system\Database\BaseConnection.php(795): CodeIgniter\Database\BaseConnection->initialize()
#2 C:\xampp\htdocs\caresync\ci4\system\Database\BaseConnection.php(1706): CodeIgniter\Database\BaseConnection->query('SHOW TABLES FRO...')
#3 C:\xampp\htdocs\caresync\ci4\system\Database\BaseConnection.php(1726): CodeIgniter\Database\BaseConnection->listTables()
#4 C:\xampp\htdocs\caresync\ci4\system\Database\MigrationRunner.php(821): CodeIgniter\Database\BaseConnection->tableExists('migrations')
#5 C:\xampp\htdocs\caresync\ci4\system\Database\MigrationRunner.php(173): CodeIgniter\Database\MigrationRunner->ensureTable()
#6 C:\xampp\htdocs\caresync\ci4\system\Commands\Database\Migrate.php(89): CodeIgniter\Database\MigrationRunner->latest(NULL)
#7 C:\xampp\htdocs\caresync\ci4\system\CLI\SignalTrait.php(245): CodeIgniter\Commands\Database\Migrate::CodeIgniter\Commands\Database\{closure}()
#8 C:\xampp\htdocs\caresync\ci4\system\Commands\Database\Migrate.php(88): CodeIgniter\Commands\Database\Migrate->withSignalsBlocked(Object(Closure))
#9 C:\xampp\htdocs\caresync\ci4\system\CLI\Commands.php(74): CodeIgniter\Commands\Database\Migrate->run(Array)
#10 C:\xampp\htdocs\caresync\ci4\system\CLI\Console.php(47): CodeIgniter\CLI\Commands->run('migrate', Array)
#11 C:\xampp\htdocs\caresync\ci4\system\Boot.php(442): CodeIgniter\CLI\Console->run()
#12 C:\xampp\htdocs\caresync\ci4\system\Boot.php(166): CodeIgniter\Boot::runCommand(Object(CodeIgniter\CLI\Console))
#13 C:\xampp\htdocs\caresync\ci4\spark(87): CodeIgniter\Boot::bootSpark(Object(Config\Paths))
#14 {main}
ERROR - 2026-04-28 12:49:17 --> Duplicate column name 'status'
in SYSTEMPATH\Database\MySQLi\Connection.php on line 300.
 1 SYSTEMPATH\Database\MySQLi\Connection.php(300): mysqli->query('ALTER TABLE `service_list`
	ADD `status` ENUM(\'pending\',\'approved\',\'rejected\',\'inactive\') NOT NULL DEFAULT \'approved\' COMMENT \'Service approval status: pending (awaiting approval), approved (visible), rejected, inactive (unavailable)\'', 0)
 2 SYSTEMPATH\Database\BaseConnection.php(910): CodeIgniter\Database\MySQLi\Connection->execute('ALTER TABLE `service_list`
	ADD `status` ENUM(\'pending\',\'approved\',\'rejected\',\'inactive\') NOT NULL DEFAULT \'approved\' COMMENT \'Service approval status: pending (awaiting approval), approved (visible), rejected, inactive (unavailable)\'')
 3 SYSTEMPATH\Database\BaseConnection.php(827): CodeIgniter\Database\BaseConnection->simpleQuery('ALTER TABLE `service_list`
	ADD `status` ENUM(\'pending\',\'approved\',\'rejected\',\'inactive\') NOT NULL DEFAULT \'approved\' COMMENT \'Service approval status: pending (awaiting approval), approved (visible), rejected, inactive (unavailable)\'')
 4 SYSTEMPATH\Database\Forge.php(772): CodeIgniter\Database\BaseConnection->query('ALTER TABLE `service_list`
	ADD `status` ENUM(\'pending\',\'approved\',\'rejected\',\'inactive\') NOT NULL DEFAULT \'approved\' COMMENT \'Service approval status: pending (awaiting approval), approved (visible), rejected, inactive (unavailable)\'')
 5 APPPATH\Database\Migrations\2026-04-28-100000_NormalizeServiceListStatus.php(15): CodeIgniter\Database\Forge->addColumn('service_list', [...])
 6 SYSTEMPATH\Database\MigrationRunner.php(1014): App\Database\Migrations\NormalizeServiceListStatus->up()
 7 SYSTEMPATH\Database\MigrationRunner.php(202): CodeIgniter\Database\MigrationRunner->migrate('up', Object(stdClass))
 8 SYSTEMPATH\Commands\Database\Migrate.php(89): CodeIgniter\Database\MigrationRunner->latest(null)
 9 SYSTEMPATH\CLI\SignalTrait.php(245): CodeIgniter\Commands\Database\Migrate::CodeIgniter\Commands\Database\{closure}()
10 SYSTEMPATH\Commands\Database\Migrate.php(88): CodeIgniter\Commands\Database\Migrate->withSignalsBlocked(Object(Closure))
11 SYSTEMPATH\CLI\Commands.php(74): CodeIgniter\Commands\Database\Migrate->run([])
12 SYSTEMPATH\CLI\Console.php(47): CodeIgniter\CLI\Commands->run('migrate', [])
13 SYSTEMPATH\Boot.php(442): CodeIgniter\CLI\Console->run()
14 SYSTEMPATH\Boot.php(166): CodeIgniter\Boot::runCommand(Object(CodeIgniter\CLI\Console))
15 ROOTPATH\spark(87): CodeIgniter\Boot::bootSpark(Object(Config\Paths))
DEBUG - 2026-04-28 13:39:35 --> Session: Class initialized using 'CodeIgniter\Session\Handlers\FileHandler' driver.
DEBUG - 2026-04-28 13:39:41 --> Session: Class initialized using 'CodeIgniter\Session\Handlers\FileHandler' driver.
DEBUG - 2026-04-28 13:39:42 --> Session: Class initialized using 'CodeIgniter\Session\Handlers\FileHandler' driver.
DEBUG - 2026-04-28 13:39:45 --> Session: Class initialized using 'CodeIgniter\Session\Handlers\FileHandler' driver.
DEBUG - 2026-04-28 13:39:48 --> Session: Class initialized using 'CodeIgniter\Session\Handlers\FileHandler' driver.
DEBUG - 2026-04-28 14:01:26 --> Session: Class initialized using 'CodeIgniter\Session\Handlers\FileHandler' driver.
DEBUG - 2026-04-28 14:02:03 --> Session: Class initialized using 'CodeIgniter\Session\Handlers\FileHandler' driver.
DEBUG - 2026-04-28 14:08:34 --> Session: Class initialized using 'CodeIgniter\Session\Handlers\FileHandler' driver.
DEBUG - 2026-04-28 14:08:36 --> Session: Class initialized using 'CodeIgniter\Session\Handlers\FileHandler' driver.
DEBUG - 2026-04-28 14:08:39 --> Session: Class initialized using 'CodeIgniter\Session\Handlers\FileHandler' driver.
DEBUG - 2026-04-28 14:08:39 --> Session: Class initialized using 'CodeIgniter\Session\Handlers\FileHandler' driver.
DEBUG - 2026-04-28 14:08:42 --> Session: Class initialized using 'CodeIgniter\Session\Handlers\FileHandler' driver.
DEBUG - 2026-04-28 14:08:42 --> Session: Class initialized using 'CodeIgniter\Session\Handlers\FileHandler' driver.
DEBUG - 2026-04-28 14:08:49 --> Session: Class initialized using 'CodeIgniter\Session\Handlers\FileHandler' driver.
DEBUG - 2026-04-28 14:08:50 --> Session: Class initialized using 'CodeIgniter\Session\Handlers\FileHandler' driver.
DEBUG - 2026-04-28 14:08:52 --> Session: Class initialized using 'CodeIgniter\Session\Handlers\FileHandler' driver.
DEBUG - 2026-04-28 14:08:53 --> Session: Class initialized using 'CodeIgniter\Session\Handlers\FileHandler' driver.
DEBUG - 2026-04-28 14:08:55 --> Session: Class initialized using 'CodeIgniter\Session\Handlers\FileHandler' driver.
DEBUG - 2026-04-28 14:08:58 --> Session: Class initialized using 'CodeIgniter\Session\Handlers\FileHandler' driver.
DEBUG - 2026-04-28 14:09:21 --> Session: Class initialized using 'CodeIgniter\Session\Handlers\FileHandler' driver.
DEBUG - 2026-04-28 14:09:26 --> Session: Class initialized using 'CodeIgniter\Session\Handlers\FileHandler' driver.
DEBUG - 2026-04-28 14:09:26 --> Session: Class initialized using 'CodeIgniter\Session\Handlers\FileHandler' driver.
DEBUG - 2026-04-28 14:09:29 --> Session: Class initialized using 'CodeIgniter\Session\Handlers\FileHandler' driver.
DEBUG - 2026-04-28 14:09:31 --> Session: Class initialized using 'CodeIgniter\Session\Handlers\FileHandler' driver.
DEBUG - 2026-04-28 14:09:51 --> Session: Class initialized using 'CodeIgniter\Session\Handlers\FileHandler' driver.
DEBUG - 2026-04-28 14:09:53 --> Session: Class initialized using 'CodeIgniter\Session\Handlers\FileHandler' driver.
DEBUG - 2026-04-28 14:10:03 --> Session: Class initialized using 'CodeIgniter\Session\Handlers\FileHandler' driver.
DEBUG - 2026-04-28 14:10:04 --> Session: Class initialized using 'CodeIgniter\Session\Handlers\FileHandler' driver.
DEBUG - 2026-04-28 14:10:09 --> Session: Class initialized using 'CodeIgniter\Session\Handlers\FileHandler' driver.
DEBUG - 2026-04-28 14:10:10 --> Session: Class initialized using 'CodeIgniter\Session\Handlers\FileHandler' driver.
DEBUG - 2026-04-28 14:10:15 --> Session: Class initialized using 'CodeIgniter\Session\Handlers\FileHandler' driver.
DEBUG - 2026-04-28 14:10:17 --> Session: Class initialized using 'CodeIgniter\Session\Handlers\FileHandler' driver.
DEBUG - 2026-04-28 14:10:19 --> Session: Class initialized using 'CodeIgniter\Session\Handlers\FileHandler' driver.
DEBUG - 2026-04-28 14:10:38 --> Session: Class initialized using 'CodeIgniter\Session\Handlers\FileHandler' driver.
DEBUG - 2026-04-28 14:10:40 --> Session: Class initialized using 'CodeIgniter\Session\Handlers\FileHandler' driver.
DEBUG - 2026-04-28 14:10:53 --> Session: Class initialized using 'CodeIgniter\Session\Handlers\FileHandler' driver.
DEBUG - 2026-04-28 14:10:54 --> Session: Class initialized using 'CodeIgniter\Session\Handlers\FileHandler' driver.
DEBUG - 2026-04-28 14:11:00 --> Session: Class initialized using 'CodeIgniter\Session\Handlers\FileHandler' driver.
DEBUG - 2026-04-28 14:11:01 --> Session: Class initialized using 'CodeIgniter\Session\Handlers\FileHandler' driver.
DEBUG - 2026-04-28 14:11:14 --> Session: Class initialized using 'CodeIgniter\Session\Handlers\FileHandler' driver.
DEBUG - 2026-04-28 14:11:14 --> Session: Class initialized using 'CodeIgniter\Session\Handlers\FileHandler' driver.
DEBUG - 2026-04-28 14:11:18 --> Session: Class initialized using 'CodeIgniter\Session\Handlers\FileHandler' driver.
DEBUG - 2026-04-28 14:11:27 --> Session: Class initialized using 'CodeIgniter\Session\Handlers\FileHandler' driver.
DEBUG - 2026-04-28 14:11:33 --> Session: Class initialized using 'CodeIgniter\Session\Handlers\FileHandler' driver.
DEBUG - 2026-04-28 14:11:35 --> Session: Class initialized using 'CodeIgniter\Session\Handlers\FileHandler' driver.
DEBUG - 2026-04-28 14:11:42 --> Session: Class initialized using 'CodeIgniter\Session\Handlers\FileHandler' driver.
DEBUG - 2026-04-28 14:11:42 --> Session: Class initialized using 'CodeIgniter\Session\Handlers\FileHandler' driver.
DEBUG - 2026-04-28 14:11:54 --> Session: Class initialized using 'CodeIgniter\Session\Handlers\FileHandler' driver.
DEBUG - 2026-04-28 14:11:54 --> Session: Class initialized using 'CodeIgniter\Session\Handlers\FileHandler' driver.
DEBUG - 2026-04-28 14:11:56 --> Session: Class initialized using 'CodeIgniter\Session\Handlers\FileHandler' driver.
DEBUG - 2026-04-28 14:12:01 --> Session: Class initialized using 'CodeIgniter\Session\Handlers\FileHandler' driver.
DEBUG - 2026-04-28 14:12:09 --> Session: Class initialized using 'CodeIgniter\Session\Handlers\FileHandler' driver.
DEBUG - 2026-04-28 14:12:12 --> Session: Class initialized using 'CodeIgniter\Session\Handlers\FileHandler' driver.
DEBUG - 2026-04-28 14:12:13 --> Session: Class initialized using 'CodeIgniter\Session\Handlers\FileHandler' driver.
DEBUG - 2026-04-28 14:12:15 --> Session: Class initialized using 'CodeIgniter\Session\Handlers\FileHandler' driver.
DEBUG - 2026-04-28 14:12:23 --> Session: Class initialized using 'CodeIgniter\Session\Handlers\FileHandler' driver.
DEBUG - 2026-04-28 14:12:25 --> Session: Class initialized using 'CodeIgniter\Session\Handlers\FileHandler' driver.
DEBUG - 2026-04-28 14:12:33 --> Session: Class initialized using 'CodeIgniter\Session\Handlers\FileHandler' driver.
DEBUG - 2026-04-28 14:12:46 --> Session: Class initialized using 'CodeIgniter\Session\Handlers\FileHandler' driver.
DEBUG - 2026-04-28 14:12:46 --> Session: Class initialized using 'CodeIgniter\Session\Handlers\FileHandler' driver.
DEBUG - 2026-04-28 14:12:51 --> Session: Class initialized using 'CodeIgniter\Session\Handlers\FileHandler' driver.
DEBUG - 2026-04-28 14:12:51 --> Session: Class initialized using 'CodeIgniter\Session\Handlers\FileHandler' driver.
DEBUG - 2026-04-28 14:12:54 --> Session: Class initialized using 'CodeIgniter\Session\Handlers\FileHandler' driver.
DEBUG - 2026-04-28 14:12:56 --> Session: Class initialized using 'CodeIgniter\Session\Handlers\FileHandler' driver.
DEBUG - 2026-04-28 14:13:01 --> Session: Class initialized using 'CodeIgniter\Session\Handlers\FileHandler' driver.
DEBUG - 2026-04-28 14:13:02 --> Session: Class initialized using 'CodeIgniter\Session\Handlers\FileHandler' driver.
DEBUG - 2026-04-28 14:13:05 --> Session: Class initialized using 'CodeIgniter\Session\Handlers\FileHandler' driver.
DEBUG - 2026-04-28 14:13:05 --> Session: Class initialized using 'CodeIgniter\Session\Handlers\FileHandler' driver.
DEBUG - 2026-04-28 14:13:08 --> Session: Class initialized using 'CodeIgniter\Session\Handlers\FileHandler' driver.
DEBUG - 2026-04-28 14:13:11 --> Session: Class initialized using 'CodeIgniter\Session\Handlers\FileHandler' driver.
DEBUG - 2026-04-28 14:13:15 --> Session: Class initialized using 'CodeIgniter\Session\Handlers\FileHandler' driver.
DEBUG - 2026-04-28 14:13:18 --> Session: Class initialized using 'CodeIgniter\Session\Handlers\FileHandler' driver.
DEBUG - 2026-04-28 14:13:26 --> Session: Class initialized using 'CodeIgniter\Session\Handlers\FileHandler' driver.
DEBUG - 2026-04-28 14:13:34 --> Session: Class initialized using 'CodeIgniter\Session\Handlers\FileHandler' driver.
DEBUG - 2026-04-28 14:13:38 --> Session: Class initialized using 'CodeIgniter\Session\Handlers\FileHandler' driver.
ERROR - 2026-04-28 14:13:38 --> You have an error in your SQL syntax; check the manual that corresponds to your MariaDB server version for the right syntax to use near '\"%Y-%m\")
ORDER BY `month_key` ASC' at line 4
in SYSTEMPATH\Database\MySQLi\Connection.php on line 300.
 1 SYSTEMPATH\Database\MySQLi\Connection.php(300): mysqli->query('SELECT DATE_FORMAT(p.payment_date, \'%Y-%m\') AS month_key, DATE_FORMAT(p.payment_date, \'%b %Y\') AS month_label, COUNT(*) AS total_transactions, COALESCE(SUM(p.amount), 0) AS total_amount
FROM `payments` `p`
WHERE YEAR(p.payment_date) = 2026
GROUP BY DATE_FORMAT(p.payment_date, \\"%Y-%m\\")
ORDER BY `month_key` ASC', 0)
 2 SYSTEMPATH\Database\BaseConnection.php(910): CodeIgniter\Database\MySQLi\Connection->execute('SELECT DATE_FORMAT(p.payment_date, \'%Y-%m\') AS month_key, DATE_FORMAT(p.payment_date, \'%b %Y\') AS month_label, COUNT(*) AS total_transactions, COALESCE(SUM(p.amount), 0) AS total_amount
FROM `payments` `p`
WHERE YEAR(p.payment_date) = 2026
GROUP BY DATE_FORMAT(p.payment_date, \\"%Y-%m\\")
ORDER BY `month_key` ASC')
 3 SYSTEMPATH\Database\BaseConnection.php(827): CodeIgniter\Database\BaseConnection->simpleQuery('SELECT DATE_FORMAT(p.payment_date, \'%Y-%m\') AS month_key, DATE_FORMAT(p.payment_date, \'%b %Y\') AS month_label, COUNT(*) AS total_transactions, COALESCE(SUM(p.amount), 0) AS total_amount
FROM `payments` `p`
WHERE YEAR(p.payment_date) = 2026
GROUP BY DATE_FORMAT(p.payment_date, \\"%Y-%m\\")
ORDER BY `month_key` ASC')
 4 SYSTEMPATH\Database\BaseBuilder.php(1649): CodeIgniter\Database\BaseConnection->query('SELECT DATE_FORMAT(p.payment_date, \'%Y-%m\') AS month_key, DATE_FORMAT(p.payment_date, \'%b %Y\') AS month_label, COUNT(*) AS total_transactions, COALESCE(SUM(p.amount), 0) AS total_amount
FROM `payments` `p`
WHERE YEAR(p.payment_date) = :YEAR(p.payment_date):
GROUP BY DATE_FORMAT(p.payment_date, \\"%Y-%m\\")
ORDER BY `month_key` ASC', [...], false)
 5 APPPATH\Services\ReportService.php(95): CodeIgniter\Database\BaseBuilder->get()
 6 APPPATH\Services\ReportService.php(10): App\Services\ReportService->getMonthlyCollections([...])
 7 APPPATH\Controllers\Reports.php(26): App\Services\ReportService->getDashboardSummary([...])
 8 SYSTEMPATH\CodeIgniter.php(951): App\Controllers\Reports->index()
 9 SYSTEMPATH\CodeIgniter.php(497): CodeIgniter\CodeIgniter->runController(Object(App\Controllers\Reports))
10 SYSTEMPATH\CodeIgniter.php(340): CodeIgniter\CodeIgniter->handleRequest(null, Object(Config\Cache), false)
11 SYSTEMPATH\Boot.php(417): CodeIgniter\CodeIgniter->run()
12 SYSTEMPATH\Boot.php(68): CodeIgniter\Boot::runCodeIgniter(Object(CodeIgniter\CodeIgniter))
13 FCPATH\index.php(59): CodeIgniter\Boot::bootWeb(Object(Config\Paths))
CRITICAL - 2026-04-28 14:13:38 --> CodeIgniter\Database\Exceptions\DatabaseException: You have an error in your SQL syntax; check the manual that corresponds to your MariaDB server version for the right syntax to use near '\"%Y-%m\")
ORDER BY `month_key` ASC' at line 4
[Method: GET, Route: admin/reports]
in SYSTEMPATH\Database\BaseConnection.php on line 865.
 1 SYSTEMPATH\Database\BaseBuilder.php(1649): CodeIgniter\Database\BaseConnection->query('SELECT DATE_FORMAT(p.payment_date, \'%Y-%m\') AS month_key, DATE_FORMAT(p.payment_date, \'%b %Y\') AS month_label, COUNT(*) AS total_transactions, COALESCE(SUM(p.amount), 0) AS total_amount
FROM `payments` `p`
WHERE YEAR(p.payment_date) = :YEAR(p.payment_date):
GROUP BY DATE_FORMAT(p.payment_date, \\"%Y-%m\\")
ORDER BY `month_key` ASC', [...], false)
 2 APPPATH\Services\ReportService.php(95): CodeIgniter\Database\BaseBuilder->get()
 3 APPPATH\Services\ReportService.php(10): App\Services\ReportService->getMonthlyCollections([...])
 4 APPPATH\Controllers\Reports.php(26): App\Services\ReportService->getDashboardSummary([...])
 5 SYSTEMPATH\CodeIgniter.php(951): App\Controllers\Reports->index()
 6 SYSTEMPATH\CodeIgniter.php(497): CodeIgniter\CodeIgniter->runController(Object(App\Controllers\Reports))
 7 SYSTEMPATH\CodeIgniter.php(340): CodeIgniter\CodeIgniter->handleRequest(null, Object(Config\Cache), false)
 8 SYSTEMPATH\Boot.php(417): CodeIgniter\CodeIgniter->run()
 9 SYSTEMPATH\Boot.php(68): CodeIgniter\Boot::runCodeIgniter(Object(CodeIgniter\CodeIgniter))
10 FCPATH\index.php(59): CodeIgniter\Boot::bootWeb(Object(Config\Paths))
CRITICAL - 2026-04-28 14:13:38 --> [Caused by] CodeIgniter\Database\Exceptions\DatabaseException: You have an error in your SQL syntax; check the manual that corresponds to your MariaDB server version for the right syntax to use near '\"%Y-%m\")
ORDER BY `month_key` ASC' at line 4
in SYSTEMPATH\Database\MySQLi\Connection.php on line 310.
 1 SYSTEMPATH\Database\BaseConnection.php(910): CodeIgniter\Database\MySQLi\Connection->execute('SELECT DATE_FORMAT(p.payment_date, \'%Y-%m\') AS month_key, DATE_FORMAT(p.payment_date, \'%b %Y\') AS month_label, COUNT(*) AS total_transactions, COALESCE(SUM(p.amount), 0) AS total_amount
FROM `payments` `p`
WHERE YEAR(p.payment_date) = 2026
GROUP BY DATE_FORMAT(p.payment_date, \\"%Y-%m\\")
ORDER BY `month_key` ASC')
 2 SYSTEMPATH\Database\BaseConnection.php(827): CodeIgniter\Database\BaseConnection->simpleQuery('SELECT DATE_FORMAT(p.payment_date, \'%Y-%m\') AS month_key, DATE_FORMAT(p.payment_date, \'%b %Y\') AS month_label, COUNT(*) AS total_transactions, COALESCE(SUM(p.amount), 0) AS total_amount
FROM `payments` `p`
WHERE YEAR(p.payment_date) = 2026
GROUP BY DATE_FORMAT(p.payment_date, \\"%Y-%m\\")
ORDER BY `month_key` ASC')
 3 SYSTEMPATH\Database\BaseBuilder.php(1649): CodeIgniter\Database\BaseConnection->query('SELECT DATE_FORMAT(p.payment_date, \'%Y-%m\') AS month_key, DATE_FORMAT(p.payment_date, \'%b %Y\') AS month_label, COUNT(*) AS total_transactions, COALESCE(SUM(p.amount), 0) AS total_amount
FROM `payments` `p`
WHERE YEAR(p.payment_date) = :YEAR(p.payment_date):
GROUP BY DATE_FORMAT(p.payment_date, \\"%Y-%m\\")
ORDER BY `month_key` ASC', [...], false)
 4 APPPATH\Services\ReportService.php(95): CodeIgniter\Database\BaseBuilder->get()
 5 APPPATH\Services\ReportService.php(10): App\Services\ReportService->getMonthlyCollections([...])
 6 APPPATH\Controllers\Reports.php(26): App\Services\ReportService->getDashboardSummary([...])
 7 SYSTEMPATH\CodeIgniter.php(951): App\Controllers\Reports->index()
 8 SYSTEMPATH\CodeIgniter.php(497): CodeIgniter\CodeIgniter->runController(Object(App\Controllers\Reports))
 9 SYSTEMPATH\CodeIgniter.php(340): CodeIgniter\CodeIgniter->handleRequest(null, Object(Config\Cache), false)
10 SYSTEMPATH\Boot.php(417): CodeIgniter\CodeIgniter->run()
11 SYSTEMPATH\Boot.php(68): CodeIgniter\Boot::runCodeIgniter(Object(CodeIgniter\CodeIgniter))
12 FCPATH\index.php(59): CodeIgniter\Boot::bootWeb(Object(Config\Paths))
CRITICAL - 2026-04-28 14:13:38 --> [Caused by] mysqli_sql_exception: You have an error in your SQL syntax; check the manual that corresponds to your MariaDB server version for the right syntax to use near '\"%Y-%m\")
ORDER BY `month_key` ASC' at line 4
in SYSTEMPATH\Database\MySQLi\Connection.php on line 300.
 1 SYSTEMPATH\Database\MySQLi\Connection.php(300): mysqli->query('SELECT DATE_FORMAT(p.payment_date, \'%Y-%m\') AS month_key, DATE_FORMAT(p.payment_date, \'%b %Y\') AS month_label, COUNT(*) AS total_transactions, COALESCE(SUM(p.amount), 0) AS total_amount
FROM `payments` `p`
WHERE YEAR(p.payment_date) = 2026
GROUP BY DATE_FORMAT(p.payment_date, \\"%Y-%m\\")
ORDER BY `month_key` ASC', 0)
 2 SYSTEMPATH\Database\BaseConnection.php(910): CodeIgniter\Database\MySQLi\Connection->execute('SELECT DATE_FORMAT(p.payment_date, \'%Y-%m\') AS month_key, DATE_FORMAT(p.payment_date, \'%b %Y\') AS month_label, COUNT(*) AS total_transactions, COALESCE(SUM(p.amount), 0) AS total_amount
FROM `payments` `p`
WHERE YEAR(p.payment_date) = 2026
GROUP BY DATE_FORMAT(p.payment_date, \\"%Y-%m\\")
ORDER BY `month_key` ASC')
 3 SYSTEMPATH\Database\BaseConnection.php(827): CodeIgniter\Database\BaseConnection->simpleQuery('SELECT DATE_FORMAT(p.payment_date, \'%Y-%m\') AS month_key, DATE_FORMAT(p.payment_date, \'%b %Y\') AS month_label, COUNT(*) AS total_transactions, COALESCE(SUM(p.amount), 0) AS total_amount
FROM `payments` `p`
WHERE YEAR(p.payment_date) = 2026
GROUP BY DATE_FORMAT(p.payment_date, \\"%Y-%m\\")
ORDER BY `month_key` ASC')
 4 SYSTEMPATH\Database\BaseBuilder.php(1649): CodeIgniter\Database\BaseConnection->query('SELECT DATE_FORMAT(p.payment_date, \'%Y-%m\') AS month_key, DATE_FORMAT(p.payment_date, \'%b %Y\') AS month_label, COUNT(*) AS total_transactions, COALESCE(SUM(p.amount), 0) AS total_amount
FROM `payments` `p`
WHERE YEAR(p.payment_date) = :YEAR(p.payment_date):
GROUP BY DATE_FORMAT(p.payment_date, \\"%Y-%m\\")
ORDER BY `month_key` ASC', [...], false)
 5 APPPATH\Services\ReportService.php(95): CodeIgniter\Database\BaseBuilder->get()
 6 APPPATH\Services\ReportService.php(10): App\Services\ReportService->getMonthlyCollections([...])
 7 APPPATH\Controllers\Reports.php(26): App\Services\ReportService->getDashboardSummary([...])
 8 SYSTEMPATH\CodeIgniter.php(951): App\Controllers\Reports->index()
 9 SYSTEMPATH\CodeIgniter.php(497): CodeIgniter\CodeIgniter->runController(Object(App\Controllers\Reports))
10 SYSTEMPATH\CodeIgniter.php(340): CodeIgniter\CodeIgniter->handleRequest(null, Object(Config\Cache), false)
11 SYSTEMPATH\Boot.php(417): CodeIgniter\CodeIgniter->run()
12 SYSTEMPATH\Boot.php(68): CodeIgniter\Boot::runCodeIgniter(Object(CodeIgniter\CodeIgniter))
13 FCPATH\index.php(59): CodeIgniter\Boot::bootWeb(Object(Config\Paths))
DEBUG - 2026-04-28 14:13:42 --> Session: Class initialized using 'CodeIgniter\Session\Handlers\FileHandler' driver.
DEBUG - 2026-04-28 14:13:47 --> Session: Class initialized using 'CodeIgniter\Session\Handlers\FileHandler' driver.
DEBUG - 2026-04-28 14:13:49 --> Session: Class initialized using 'CodeIgniter\Session\Handlers\FileHandler' driver.
