DEBUG - 2026-05-07 12:37:48 --> Session: Class initialized using 'CodeIgniter\Session\Handlers\FileHandler' driver.
DEBUG - 2026-05-07 12:37:51 --> Session: Class initialized using 'CodeIgniter\Session\Handlers\FileHandler' driver.
DEBUG - 2026-05-07 12:39:22 --> Session: Class initialized using 'CodeIgniter\Session\Handlers\FileHandler' driver.
DEBUG - 2026-05-07 12:39:22 --> Session: Class initialized using 'CodeIgniter\Session\Handlers\FileHandler' driver.
DEBUG - 2026-05-07 12:39:25 --> Session: Class initialized using 'CodeIgniter\Session\Handlers\FileHandler' driver.
DEBUG - 2026-05-07 12:39:27 --> Session: Class initialized using 'CodeIgniter\Session\Handlers\FileHandler' driver.
DEBUG - 2026-05-07 12:39:46 --> Session: Class initialized using 'CodeIgniter\Session\Handlers\FileHandler' driver.
ERROR - 2026-05-07 13:06:39 --> Duplicate column name 'next_due_date'
in SYSTEMPATH\Database\MySQLi\Connection.php on line 300.
 1 SYSTEMPATH\Database\MySQLi\Connection.php(300): mysqli->query('ALTER TABLE `plans`
	ADD `next_due_date` DATE NULL,
	ADD `payment_coverage_until` DATE NULL,
	ADD `overdue_months` INT DEFAULT 0,
	ADD `membership_state` ENUM(\'active\',\'delinquent\',\'suspended\',\'completed\') DEFAULT \'active\'', 0)
 2 SYSTEMPATH\Database\BaseConnection.php(910): CodeIgniter\Database\MySQLi\Connection->execute('ALTER TABLE `plans`
	ADD `next_due_date` DATE NULL,
	ADD `payment_coverage_until` DATE NULL,
	ADD `overdue_months` INT DEFAULT 0,
	ADD `membership_state` ENUM(\'active\',\'delinquent\',\'suspended\',\'completed\') DEFAULT \'active\'')
 3 SYSTEMPATH\Database\BaseConnection.php(827): CodeIgniter\Database\BaseConnection->simpleQuery('ALTER TABLE `plans`
	ADD `next_due_date` DATE NULL,
	ADD `payment_coverage_until` DATE NULL,
	ADD `overdue_months` INT DEFAULT 0,
	ADD `membership_state` ENUM(\'active\',\'delinquent\',\'suspended\',\'completed\') DEFAULT \'active\'')
 4 SYSTEMPATH\Database\Forge.php(772): CodeIgniter\Database\BaseConnection->query('ALTER TABLE `plans`
	ADD `next_due_date` DATE NULL,
	ADD `payment_coverage_until` DATE NULL,
	ADD `overdue_months` INT DEFAULT 0,
	ADD `membership_state` ENUM(\'active\',\'delinquent\',\'suspended\',\'completed\') DEFAULT \'active\'')
 5 APPPATH\Database\Migrations\2026-05-07-100000_AddMembershipTrackingToPlan.php(11): CodeIgniter\Database\Forge->addColumn('plans', [...])
 6 SYSTEMPATH\Database\MigrationRunner.php(1014): App\Database\Migrations\AddMembershipTrackingToPlan->up()
 7 SYSTEMPATH\Database\MigrationRunner.php(202): CodeIgniter\Database\MigrationRunner->migrate('up', Object(stdClass))
 8 SYSTEMPATH\Commands\Database\Migrate.php(89): CodeIgniter\Database\MigrationRunner->latest(null)
 9 SYSTEMPATH\CLI\SignalTrait.php(245): CodeIgniter\Commands\Database\Migrate::CodeIgniter\Commands\Database\{closure}()
10 SYSTEMPATH\Commands\Database\Migrate.php(88): CodeIgniter\Commands\Database\Migrate->withSignalsBlocked(Object(Closure))
11 SYSTEMPATH\CLI\Commands.php(74): CodeIgniter\Commands\Database\Migrate->run([])
12 SYSTEMPATH\CLI\Console.php(47): CodeIgniter\CLI\Commands->run('migrate', [])
13 SYSTEMPATH\Boot.php(442): CodeIgniter\CLI\Console->run()
14 SYSTEMPATH\Boot.php(166): CodeIgniter\Boot::runCommand(Object(CodeIgniter\CLI\Console))
15 ROOTPATH\spark(87): CodeIgniter\Boot::bootSpark(Object(Config\Paths))
DEBUG - 2026-05-07 13:10:29 --> Session: Class initialized using 'CodeIgniter\Session\Handlers\FileHandler' driver.
ERROR - 2026-05-07 13:27:46 --> Invalid default value for 'created_at'
in SYSTEMPATH\Database\MySQLi\Connection.php on line 300.
 1 SYSTEMPATH\Database\MySQLi\Connection.php(300): mysqli->query('CREATE TABLE `hearses` (
	`hearse_id` INT(11) UNSIGNED NOT NULL AUTO_INCREMENT,
	`branch_id` INT(11) UNSIGNED NOT NULL,
	`hearse_name` VARCHAR(100) NOT NULL,
	`plate_number` VARCHAR(20) NOT NULL UNIQUE,
	`model_year` INT(4) UNSIGNED NULL,
	`capacity` INT(3) UNSIGNED NOT NULL DEFAULT 1,
	`status` ENUM(\'available\',\'unavailable\',\'maintenance\',\'retired\') NOT NULL DEFAULT \'available\',
	`last_maintenance` DATE NULL,
	`remarks` TEXT NULL,
	`created_at` DATETIME NOT NULL DEFAULT \'CURRENT_TIMESTAMP\',
	`updated_at` DATETIME NOT NULL DEFAULT \'CURRENT_TIMESTAMP\',
	CONSTRAINT `pk_hearses` PRIMARY KEY(`hearse_id`),
	KEY `branch_id` (`branch_id`),
	KEY `status` (`status`)
) DEFAULT CHARACTER SET = utf8mb4 COLLATE = utf8mb4_general_ci', 0)
 2 SYSTEMPATH\Database\BaseConnection.php(910): CodeIgniter\Database\MySQLi\Connection->execute('CREATE TABLE `hearses` (
	`hearse_id` INT(11) UNSIGNED NOT NULL AUTO_INCREMENT,
	`branch_id` INT(11) UNSIGNED NOT NULL,
	`hearse_name` VARCHAR(100) NOT NULL,
	`plate_number` VARCHAR(20) NOT NULL UNIQUE,
	`model_year` INT(4) UNSIGNED NULL,
	`capacity` INT(3) UNSIGNED NOT NULL DEFAULT 1,
	`status` ENUM(\'available\',\'unavailable\',\'maintenance\',\'retired\') NOT NULL DEFAULT \'available\',
	`last_maintenance` DATE NULL,
	`remarks` TEXT NULL,
	`created_at` DATETIME NOT NULL DEFAULT \'CURRENT_TIMESTAMP\',
	`updated_at` DATETIME NOT NULL DEFAULT \'CURRENT_TIMESTAMP\',
	CONSTRAINT `pk_hearses` PRIMARY KEY(`hearse_id`),
	KEY `branch_id` (`branch_id`),
	KEY `status` (`status`)
) DEFAULT CHARACTER SET = utf8mb4 COLLATE = utf8mb4_general_ci')
 3 SYSTEMPATH\Database\BaseConnection.php(827): CodeIgniter\Database\BaseConnection->simpleQuery('CREATE TABLE `hearses` (
	`hearse_id` INT(11) UNSIGNED NOT NULL AUTO_INCREMENT,
	`branch_id` INT(11) UNSIGNED NOT NULL,
	`hearse_name` VARCHAR(100) NOT NULL,
	`plate_number` VARCHAR(20) NOT NULL UNIQUE,
	`model_year` INT(4) UNSIGNED NULL,
	`capacity` INT(3) UNSIGNED NOT NULL DEFAULT 1,
	`status` ENUM(\'available\',\'unavailable\',\'maintenance\',\'retired\') NOT NULL DEFAULT \'available\',
	`last_maintenance` DATE NULL,
	`remarks` TEXT NULL,
	`created_at` DATETIME NOT NULL DEFAULT \'CURRENT_TIMESTAMP\',
	`updated_at` DATETIME NOT NULL DEFAULT \'CURRENT_TIMESTAMP\',
	CONSTRAINT `pk_hearses` PRIMARY KEY(`hearse_id`),
	KEY `branch_id` (`branch_id`),
	KEY `status` (`status`)
) DEFAULT CHARACTER SET = utf8mb4 COLLATE = utf8mb4_general_ci')
 4 SYSTEMPATH\Database\Forge.php(570): CodeIgniter\Database\BaseConnection->query('CREATE TABLE `hearses` (
	`hearse_id` INT(11) UNSIGNED NOT NULL AUTO_INCREMENT,
	`branch_id` INT(11) UNSIGNED NOT NULL,
	`hearse_name` VARCHAR(100) NOT NULL,
	`plate_number` VARCHAR(20) NOT NULL UNIQUE,
	`model_year` INT(4) UNSIGNED NULL,
	`capacity` INT(3) UNSIGNED NOT NULL DEFAULT 1,
	`status` ENUM(\'available\',\'unavailable\',\'maintenance\',\'retired\') NOT NULL DEFAULT \'available\',
	`last_maintenance` DATE NULL,
	`remarks` TEXT NULL,
	`created_at` DATETIME NOT NULL DEFAULT \'CURRENT_TIMESTAMP\',
	`updated_at` DATETIME NOT NULL DEFAULT \'CURRENT_TIMESTAMP\',
	CONSTRAINT `pk_hearses` PRIMARY KEY(`hearse_id`),
	KEY `branch_id` (`branch_id`),
	KEY `status` (`status`)
) DEFAULT CHARACTER SET = utf8mb4 COLLATE = utf8mb4_general_ci')
 5 APPPATH\Database\Migrations\2026-05-07-150000_CreateServiceSchedulingTablesExpanded.php(71): CodeIgniter\Database\Forge->createTable('hearses')
 6 SYSTEMPATH\Database\MigrationRunner.php(1014): App\Database\Migrations\CreateServiceSchedulingTablesExpanded->up()
 7 SYSTEMPATH\Database\MigrationRunner.php(202): CodeIgniter\Database\MigrationRunner->migrate('up', Object(stdClass))
 8 SYSTEMPATH\Commands\Database\Migrate.php(89): CodeIgniter\Database\MigrationRunner->latest(null)
 9 SYSTEMPATH\CLI\SignalTrait.php(245): CodeIgniter\Commands\Database\Migrate::CodeIgniter\Commands\Database\{closure}()
10 SYSTEMPATH\Commands\Database\Migrate.php(88): CodeIgniter\Commands\Database\Migrate->withSignalsBlocked(Object(Closure))
11 SYSTEMPATH\CLI\Commands.php(74): CodeIgniter\Commands\Database\Migrate->run([])
12 SYSTEMPATH\CLI\Console.php(47): CodeIgniter\CLI\Commands->run('migrate', [])
13 SYSTEMPATH\Boot.php(442): CodeIgniter\CLI\Console->run()
14 SYSTEMPATH\Boot.php(166): CodeIgniter\Boot::runCommand(Object(CodeIgniter\CLI\Console))
15 ROOTPATH\spark(87): CodeIgniter\Boot::bootSpark(Object(Config\Paths))
