DEBUG - 2026-05-17 13:13:16 --> Session: Class initialized using 'CodeIgniter\Session\Handlers\FileHandler' driver.
DEBUG - 2026-05-17 13:13:22 --> Session: Class initialized using 'CodeIgniter\Session\Handlers\FileHandler' driver.
DEBUG - 2026-05-17 13:13:22 --> Session: Class initialized using 'CodeIgniter\Session\Handlers\FileHandler' driver.
DEBUG - 2026-05-17 13:13:27 --> Session: Class initialized using 'CodeIgniter\Session\Handlers\FileHandler' driver.
DEBUG - 2026-05-17 13:13:37 --> Session: Class initialized using 'CodeIgniter\Session\Handlers\FileHandler' driver.
DEBUG - 2026-05-17 13:13:38 --> Session: Class initialized using 'CodeIgniter\Session\Handlers\FileHandler' driver.
DEBUG - 2026-05-17 13:13:53 --> Session: Class initialized using 'CodeIgniter\Session\Handlers\FileHandler' driver.
DEBUG - 2026-05-17 13:13:56 --> Session: Class initialized using 'CodeIgniter\Session\Handlers\FileHandler' driver.
DEBUG - 2026-05-17 13:14:23 --> Session: Class initialized using 'CodeIgniter\Session\Handlers\FileHandler' driver.
DEBUG - 2026-05-17 13:14:30 --> Session: Class initialized using 'CodeIgniter\Session\Handlers\FileHandler' driver.
DEBUG - 2026-05-17 13:17:19 --> Session: Class initialized using 'CodeIgniter\Session\Handlers\FileHandler' driver.
DEBUG - 2026-05-17 13:17:22 --> Session: Class initialized using 'CodeIgniter\Session\Handlers\FileHandler' driver.
INFO - 2026-05-17 14:15:05 --> REDIRECTED ROUTE at http://localhost/caresync/ci4/public/apply-service/2
DEBUG - 2026-05-17 14:15:23 --> Session: Class initialized using 'CodeIgniter\Session\Handlers\FileHandler' driver.
DEBUG - 2026-05-17 14:15:25 --> Session: Class initialized using 'CodeIgniter\Session\Handlers\FileHandler' driver.
DEBUG - 2026-05-17 14:15:31 --> Session: Class initialized using 'CodeIgniter\Session\Handlers\FileHandler' driver.
DEBUG - 2026-05-17 14:16:44 --> Session: Class initialized using 'CodeIgniter\Session\Handlers\FileHandler' driver.
DEBUG - 2026-05-17 14:16:46 --> Session: Class initialized using 'CodeIgniter\Session\Handlers\FileHandler' driver.
INFO - 2026-05-17 14:16:57 --> REDIRECTED ROUTE at http://localhost/caresync/ci4/public/apply-service/2
DEBUG - 2026-05-17 14:17:08 --> Session: Class initialized using 'CodeIgniter\Session\Handlers\FileHandler' driver.
DEBUG - 2026-05-17 14:48:31 --> Session: Class initialized using 'CodeIgniter\Session\Handlers\FileHandler' driver.
DEBUG - 2026-05-17 15:15:59 --> Session: Class initialized using 'CodeIgniter\Session\Handlers\FileHandler' driver.
DEBUG - 2026-05-17 15:16:04 --> Session: Class initialized using 'CodeIgniter\Session\Handlers\FileHandler' driver.
DEBUG - 2026-05-17 15:16:06 --> Session: Class initialized using 'CodeIgniter\Session\Handlers\FileHandler' driver.
DEBUG - 2026-05-17 15:16:15 --> Session: Class initialized using 'CodeIgniter\Session\Handlers\FileHandler' driver.
DEBUG - 2026-05-17 15:16:19 --> Session: Class initialized using 'CodeIgniter\Session\Handlers\FileHandler' driver.
ERROR - 2026-05-17 15:16:19 --> Unknown column 'service_list_id' in 'field list'
in SYSTEMPATH\Database\MySQLi\Connection.php on line 300.
 1 SYSTEMPATH\Database\MySQLi\Connection.php(300): mysqli->query('INSERT INTO `service_applications` (`plan_holder_id`, `service_list_id`, `status`) VALUES (10, 2, \'pending\')', 0)
 2 SYSTEMPATH\Database\BaseConnection.php(910): CodeIgniter\Database\MySQLi\Connection->execute('INSERT INTO `service_applications` (`plan_holder_id`, `service_list_id`, `status`) VALUES (10, 2, \'pending\')')
 3 SYSTEMPATH\Database\BaseConnection.php(827): CodeIgniter\Database\BaseConnection->simpleQuery('INSERT INTO `service_applications` (`plan_holder_id`, `service_list_id`, `status`) VALUES (10, 2, \'pending\')')
 4 SYSTEMPATH\Database\BaseBuilder.php(2345): CodeIgniter\Database\BaseConnection->query('INSERT INTO `service_applications` (`plan_holder_id`, `service_list_id`, `status`) VALUES (:plan_holder_id:, :service_list_id:, :status:)', [...], false)
 5 APPPATH\Controllers\Client\ClientServiceController.php(252): CodeIgniter\Database\BaseBuilder->insert([...])
 6 SYSTEMPATH\CodeIgniter.php(951): App\Controllers\Client\ClientServiceController->submitServiceApplication(2)
 7 SYSTEMPATH\CodeIgniter.php(497): CodeIgniter\CodeIgniter->runController(Object(App\Controllers\Client\ClientServiceController))
 8 SYSTEMPATH\CodeIgniter.php(340): CodeIgniter\CodeIgniter->handleRequest(null, Object(Config\Cache), false)
 9 SYSTEMPATH\Boot.php(417): CodeIgniter\CodeIgniter->run()
10 SYSTEMPATH\Boot.php(68): CodeIgniter\Boot::runCodeIgniter(Object(CodeIgniter\CodeIgniter))
11 FCPATH\index.php(59): CodeIgniter\Boot::bootWeb(Object(Config\Paths))
CRITICAL - 2026-05-17 15:16:19 --> CodeIgniter\Database\Exceptions\DatabaseException: Unknown column 'service_list_id' in 'field list'
[Method: POST, Route: client/apply-service/2]
in SYSTEMPATH\Database\BaseConnection.php on line 865.
 1 SYSTEMPATH\Database\BaseBuilder.php(2345): CodeIgniter\Database\BaseConnection->query('INSERT INTO `service_applications` (`plan_holder_id`, `service_list_id`, `status`) VALUES (:plan_holder_id:, :service_list_id:, :status:)', [...], false)
 2 APPPATH\Controllers\Client\ClientServiceController.php(252): CodeIgniter\Database\BaseBuilder->insert([...])
 3 SYSTEMPATH\CodeIgniter.php(951): App\Controllers\Client\ClientServiceController->submitServiceApplication(2)
 4 SYSTEMPATH\CodeIgniter.php(497): CodeIgniter\CodeIgniter->runController(Object(App\Controllers\Client\ClientServiceController))
 5 SYSTEMPATH\CodeIgniter.php(340): CodeIgniter\CodeIgniter->handleRequest(null, Object(Config\Cache), false)
 6 SYSTEMPATH\Boot.php(417): CodeIgniter\CodeIgniter->run()
 7 SYSTEMPATH\Boot.php(68): CodeIgniter\Boot::runCodeIgniter(Object(CodeIgniter\CodeIgniter))
 8 FCPATH\index.php(59): CodeIgniter\Boot::bootWeb(Object(Config\Paths))
CRITICAL - 2026-05-17 15:16:19 --> [Caused by] CodeIgniter\Database\Exceptions\DatabaseException: Unknown column 'service_list_id' in 'field list'
in SYSTEMPATH\Database\MySQLi\Connection.php on line 310.
 1 SYSTEMPATH\Database\BaseConnection.php(910): CodeIgniter\Database\MySQLi\Connection->execute('INSERT INTO `service_applications` (`plan_holder_id`, `service_list_id`, `status`) VALUES (10, 2, \'pending\')')
 2 SYSTEMPATH\Database\BaseConnection.php(827): CodeIgniter\Database\BaseConnection->simpleQuery('INSERT INTO `service_applications` (`plan_holder_id`, `service_list_id`, `status`) VALUES (10, 2, \'pending\')')
 3 SYSTEMPATH\Database\BaseBuilder.php(2345): CodeIgniter\Database\BaseConnection->query('INSERT INTO `service_applications` (`plan_holder_id`, `service_list_id`, `status`) VALUES (:plan_holder_id:, :service_list_id:, :status:)', [...], false)
 4 APPPATH\Controllers\Client\ClientServiceController.php(252): CodeIgniter\Database\BaseBuilder->insert([...])
 5 SYSTEMPATH\CodeIgniter.php(951): App\Controllers\Client\ClientServiceController->submitServiceApplication(2)
 6 SYSTEMPATH\CodeIgniter.php(497): CodeIgniter\CodeIgniter->runController(Object(App\Controllers\Client\ClientServiceController))
 7 SYSTEMPATH\CodeIgniter.php(340): CodeIgniter\CodeIgniter->handleRequest(null, Object(Config\Cache), false)
 8 SYSTEMPATH\Boot.php(417): CodeIgniter\CodeIgniter->run()
 9 SYSTEMPATH\Boot.php(68): CodeIgniter\Boot::runCodeIgniter(Object(CodeIgniter\CodeIgniter))
10 FCPATH\index.php(59): CodeIgniter\Boot::bootWeb(Object(Config\Paths))
CRITICAL - 2026-05-17 15:16:19 --> [Caused by] mysqli_sql_exception: Unknown column 'service_list_id' in 'field list'
in SYSTEMPATH\Database\MySQLi\Connection.php on line 300.
 1 SYSTEMPATH\Database\MySQLi\Connection.php(300): mysqli->query('INSERT INTO `service_applications` (`plan_holder_id`, `service_list_id`, `status`) VALUES (10, 2, \'pending\')', 0)
 2 SYSTEMPATH\Database\BaseConnection.php(910): CodeIgniter\Database\MySQLi\Connection->execute('INSERT INTO `service_applications` (`plan_holder_id`, `service_list_id`, `status`) VALUES (10, 2, \'pending\')')
 3 SYSTEMPATH\Database\BaseConnection.php(827): CodeIgniter\Database\BaseConnection->simpleQuery('INSERT INTO `service_applications` (`plan_holder_id`, `service_list_id`, `status`) VALUES (10, 2, \'pending\')')
 4 SYSTEMPATH\Database\BaseBuilder.php(2345): CodeIgniter\Database\BaseConnection->query('INSERT INTO `service_applications` (`plan_holder_id`, `service_list_id`, `status`) VALUES (:plan_holder_id:, :service_list_id:, :status:)', [...], false)
 5 APPPATH\Controllers\Client\ClientServiceController.php(252): CodeIgniter\Database\BaseBuilder->insert([...])
 6 SYSTEMPATH\CodeIgniter.php(951): App\Controllers\Client\ClientServiceController->submitServiceApplication(2)
 7 SYSTEMPATH\CodeIgniter.php(497): CodeIgniter\CodeIgniter->runController(Object(App\Controllers\Client\ClientServiceController))
 8 SYSTEMPATH\CodeIgniter.php(340): CodeIgniter\CodeIgniter->handleRequest(null, Object(Config\Cache), false)
 9 SYSTEMPATH\Boot.php(417): CodeIgniter\CodeIgniter->run()
10 SYSTEMPATH\Boot.php(68): CodeIgniter\Boot::runCodeIgniter(Object(CodeIgniter\CodeIgniter))
11 FCPATH\index.php(59): CodeIgniter\Boot::bootWeb(Object(Config\Paths))
DEBUG - 2026-05-17 15:16:24 --> Session: Class initialized using 'CodeIgniter\Session\Handlers\FileHandler' driver.
DEBUG - 2026-05-17 15:57:21 --> Session: Class initialized using 'CodeIgniter\Session\Handlers\FileHandler' driver.
DEBUG - 2026-05-17 15:57:25 --> Session: Class initialized using 'CodeIgniter\Session\Handlers\FileHandler' driver.
DEBUG - 2026-05-17 15:57:26 --> Session: Class initialized using 'CodeIgniter\Session\Handlers\FileHandler' driver.
DEBUG - 2026-05-17 15:57:29 --> Session: Class initialized using 'CodeIgniter\Session\Handlers\FileHandler' driver.
DEBUG - 2026-05-17 16:07:22 --> Session: Class initialized using 'CodeIgniter\Session\Handlers\FileHandler' driver.
ERROR - 2026-05-17 16:07:22 --> Table 'kaagapay_db.service_calendar' doesn't exist
in SYSTEMPATH\Database\MySQLi\Connection.php on line 300.
 1 SYSTEMPATH\Database\MySQLi\Connection.php(300): mysqli->query('SELECT `sc`.`calendar_id`, `sc`.`event_type`, `sc`.`event_date`, `sc`.`event_time`, `sc`.`location`, `sc`.`status`, `sc`.`assigned_staff_ids`, `ph`.`unique_identifier`, `u`.`first_name`, `u`.`last_name`, COALESCE(sl.service_name, sc.event_type) AS event_name
FROM `service_calendar` `sc`
LEFT JOIN `plan_holders` `ph` ON `ph`.`plan_holder_id` = `sc`.`plan_holder_id`
LEFT JOIN `users` `u` ON `u`.`user_id` = `ph`.`user_id`
LEFT JOIN `service_list` `sl` ON `sl`.`service_list_id` = `sc`.`service_id`
WHERE `sc`.`branch_id` = 1
AND `sc`.`event_date` = \'2026-05-17\'
AND `sc`.`status` IN (\'scheduled\',\'in-progress\')
ORDER BY `sc`.`event_time` ASC
 LIMIT 10', 0)
 2 SYSTEMPATH\Database\BaseConnection.php(910): CodeIgniter\Database\MySQLi\Connection->execute('SELECT `sc`.`calendar_id`, `sc`.`event_type`, `sc`.`event_date`, `sc`.`event_time`, `sc`.`location`, `sc`.`status`, `sc`.`assigned_staff_ids`, `ph`.`unique_identifier`, `u`.`first_name`, `u`.`last_name`, COALESCE(sl.service_name, sc.event_type) AS event_name
FROM `service_calendar` `sc`
LEFT JOIN `plan_holders` `ph` ON `ph`.`plan_holder_id` = `sc`.`plan_holder_id`
LEFT JOIN `users` `u` ON `u`.`user_id` = `ph`.`user_id`
LEFT JOIN `service_list` `sl` ON `sl`.`service_list_id` = `sc`.`service_id`
WHERE `sc`.`branch_id` = 1
AND `sc`.`event_date` = \'2026-05-17\'
AND `sc`.`status` IN (\'scheduled\',\'in-progress\')
ORDER BY `sc`.`event_time` ASC
 LIMIT 10')
 3 SYSTEMPATH\Database\BaseConnection.php(827): CodeIgniter\Database\BaseConnection->simpleQuery('SELECT `sc`.`calendar_id`, `sc`.`event_type`, `sc`.`event_date`, `sc`.`event_time`, `sc`.`location`, `sc`.`status`, `sc`.`assigned_staff_ids`, `ph`.`unique_identifier`, `u`.`first_name`, `u`.`last_name`, COALESCE(sl.service_name, sc.event_type) AS event_name
FROM `service_calendar` `sc`
LEFT JOIN `plan_holders` `ph` ON `ph`.`plan_holder_id` = `sc`.`plan_holder_id`
LEFT JOIN `users` `u` ON `u`.`user_id` = `ph`.`user_id`
LEFT JOIN `service_list` `sl` ON `sl`.`service_list_id` = `sc`.`service_id`
WHERE `sc`.`branch_id` = 1
AND `sc`.`event_date` = \'2026-05-17\'
AND `sc`.`status` IN (\'scheduled\',\'in-progress\')
ORDER BY `sc`.`event_time` ASC
 LIMIT 10')
 4 SYSTEMPATH\Database\BaseBuilder.php(1649): CodeIgniter\Database\BaseConnection->query('SELECT `sc`.`calendar_id`, `sc`.`event_type`, `sc`.`event_date`, `sc`.`event_time`, `sc`.`location`, `sc`.`status`, `sc`.`assigned_staff_ids`, `ph`.`unique_identifier`, `u`.`first_name`, `u`.`last_name`, COALESCE(sl.service_name, sc.event_type) AS event_name
FROM `service_calendar` `sc`
LEFT JOIN `plan_holders` `ph` ON `ph`.`plan_holder_id` = `sc`.`plan_holder_id`
LEFT JOIN `users` `u` ON `u`.`user_id` = `ph`.`user_id`
LEFT JOIN `service_list` `sl` ON `sl`.`service_list_id` = `sc`.`service_id`
WHERE `sc`.`branch_id` = :sc.branch_id:
AND `sc`.`event_date` = :sc.event_date:
AND `sc`.`status` IN :sc.status:
ORDER BY `sc`.`event_time` ASC
 LIMIT 10', [...], false)
 5 APPPATH\Controllers\Dashboard.php(155): CodeIgniter\Database\BaseBuilder->get()
 6 APPPATH\Controllers\Dashboard.php(47): App\Controllers\Dashboard->getTodayServiceCalendar(1)
 7 SYSTEMPATH\CodeIgniter.php(951): App\Controllers\Dashboard->branchAdmin()
 8 SYSTEMPATH\CodeIgniter.php(497): CodeIgniter\CodeIgniter->runController(Object(App\Controllers\Dashboard))
 9 SYSTEMPATH\CodeIgniter.php(340): CodeIgniter\CodeIgniter->handleRequest(null, Object(Config\Cache), false)
10 SYSTEMPATH\Boot.php(417): CodeIgniter\CodeIgniter->run()
11 SYSTEMPATH\Boot.php(68): CodeIgniter\Boot::runCodeIgniter(Object(CodeIgniter\CodeIgniter))
12 FCPATH\index.php(59): CodeIgniter\Boot::bootWeb(Object(Config\Paths))
CRITICAL - 2026-05-17 16:07:22 --> CodeIgniter\Database\Exceptions\DatabaseException: Table 'kaagapay_db.service_calendar' doesn't exist
[Method: GET, Route: dashboard/branch-admin]
in SYSTEMPATH\Database\BaseConnection.php on line 865.
 1 SYSTEMPATH\Database\BaseBuilder.php(1649): CodeIgniter\Database\BaseConnection->query('SELECT `sc`.`calendar_id`, `sc`.`event_type`, `sc`.`event_date`, `sc`.`event_time`, `sc`.`location`, `sc`.`status`, `sc`.`assigned_staff_ids`, `ph`.`unique_identifier`, `u`.`first_name`, `u`.`last_name`, COALESCE(sl.service_name, sc.event_type) AS event_name
FROM `service_calendar` `sc`
LEFT JOIN `plan_holders` `ph` ON `ph`.`plan_holder_id` = `sc`.`plan_holder_id`
LEFT JOIN `users` `u` ON `u`.`user_id` = `ph`.`user_id`
LEFT JOIN `service_list` `sl` ON `sl`.`service_list_id` = `sc`.`service_id`
WHERE `sc`.`branch_id` = :sc.branch_id:
AND `sc`.`event_date` = :sc.event_date:
AND `sc`.`status` IN :sc.status:
ORDER BY `sc`.`event_time` ASC
 LIMIT 10', [...], false)
 2 APPPATH\Controllers\Dashboard.php(155): CodeIgniter\Database\BaseBuilder->get()
 3 APPPATH\Controllers\Dashboard.php(47): App\Controllers\Dashboard->getTodayServiceCalendar(1)
 4 SYSTEMPATH\CodeIgniter.php(951): App\Controllers\Dashboard->branchAdmin()
 5 SYSTEMPATH\CodeIgniter.php(497): CodeIgniter\CodeIgniter->runController(Object(App\Controllers\Dashboard))
 6 SYSTEMPATH\CodeIgniter.php(340): CodeIgniter\CodeIgniter->handleRequest(null, Object(Config\Cache), false)
 7 SYSTEMPATH\Boot.php(417): CodeIgniter\CodeIgniter->run()
 8 SYSTEMPATH\Boot.php(68): CodeIgniter\Boot::runCodeIgniter(Object(CodeIgniter\CodeIgniter))
 9 FCPATH\index.php(59): CodeIgniter\Boot::bootWeb(Object(Config\Paths))
CRITICAL - 2026-05-17 16:07:22 --> [Caused by] CodeIgniter\Database\Exceptions\DatabaseException: Table 'kaagapay_db.service_calendar' doesn't exist
in SYSTEMPATH\Database\MySQLi\Connection.php on line 310.
 1 SYSTEMPATH\Database\BaseConnection.php(910): CodeIgniter\Database\MySQLi\Connection->execute('SELECT `sc`.`calendar_id`, `sc`.`event_type`, `sc`.`event_date`, `sc`.`event_time`, `sc`.`location`, `sc`.`status`, `sc`.`assigned_staff_ids`, `ph`.`unique_identifier`, `u`.`first_name`, `u`.`last_name`, COALESCE(sl.service_name, sc.event_type) AS event_name
FROM `service_calendar` `sc`
LEFT JOIN `plan_holders` `ph` ON `ph`.`plan_holder_id` = `sc`.`plan_holder_id`
LEFT JOIN `users` `u` ON `u`.`user_id` = `ph`.`user_id`
LEFT JOIN `service_list` `sl` ON `sl`.`service_list_id` = `sc`.`service_id`
WHERE `sc`.`branch_id` = 1
AND `sc`.`event_date` = \'2026-05-17\'
AND `sc`.`status` IN (\'scheduled\',\'in-progress\')
ORDER BY `sc`.`event_time` ASC
 LIMIT 10')
 2 SYSTEMPATH\Database\BaseConnection.php(827): CodeIgniter\Database\BaseConnection->simpleQuery('SELECT `sc`.`calendar_id`, `sc`.`event_type`, `sc`.`event_date`, `sc`.`event_time`, `sc`.`location`, `sc`.`status`, `sc`.`assigned_staff_ids`, `ph`.`unique_identifier`, `u`.`first_name`, `u`.`last_name`, COALESCE(sl.service_name, sc.event_type) AS event_name
FROM `service_calendar` `sc`
LEFT JOIN `plan_holders` `ph` ON `ph`.`plan_holder_id` = `sc`.`plan_holder_id`
LEFT JOIN `users` `u` ON `u`.`user_id` = `ph`.`user_id`
LEFT JOIN `service_list` `sl` ON `sl`.`service_list_id` = `sc`.`service_id`
WHERE `sc`.`branch_id` = 1
AND `sc`.`event_date` = \'2026-05-17\'
AND `sc`.`status` IN (\'scheduled\',\'in-progress\')
ORDER BY `sc`.`event_time` ASC
 LIMIT 10')
 3 SYSTEMPATH\Database\BaseBuilder.php(1649): CodeIgniter\Database\BaseConnection->query('SELECT `sc`.`calendar_id`, `sc`.`event_type`, `sc`.`event_date`, `sc`.`event_time`, `sc`.`location`, `sc`.`status`, `sc`.`assigned_staff_ids`, `ph`.`unique_identifier`, `u`.`first_name`, `u`.`last_name`, COALESCE(sl.service_name, sc.event_type) AS event_name
FROM `service_calendar` `sc`
LEFT JOIN `plan_holders` `ph` ON `ph`.`plan_holder_id` = `sc`.`plan_holder_id`
LEFT JOIN `users` `u` ON `u`.`user_id` = `ph`.`user_id`
LEFT JOIN `service_list` `sl` ON `sl`.`service_list_id` = `sc`.`service_id`
WHERE `sc`.`branch_id` = :sc.branch_id:
AND `sc`.`event_date` = :sc.event_date:
AND `sc`.`status` IN :sc.status:
ORDER BY `sc`.`event_time` ASC
 LIMIT 10', [...], false)
 4 APPPATH\Controllers\Dashboard.php(155): CodeIgniter\Database\BaseBuilder->get()
 5 APPPATH\Controllers\Dashboard.php(47): App\Controllers\Dashboard->getTodayServiceCalendar(1)
 6 SYSTEMPATH\CodeIgniter.php(951): App\Controllers\Dashboard->branchAdmin()
 7 SYSTEMPATH\CodeIgniter.php(497): CodeIgniter\CodeIgniter->runController(Object(App\Controllers\Dashboard))
 8 SYSTEMPATH\CodeIgniter.php(340): CodeIgniter\CodeIgniter->handleRequest(null, Object(Config\Cache), false)
 9 SYSTEMPATH\Boot.php(417): CodeIgniter\CodeIgniter->run()
10 SYSTEMPATH\Boot.php(68): CodeIgniter\Boot::runCodeIgniter(Object(CodeIgniter\CodeIgniter))
11 FCPATH\index.php(59): CodeIgniter\Boot::bootWeb(Object(Config\Paths))
CRITICAL - 2026-05-17 16:07:22 --> [Caused by] mysqli_sql_exception: Table 'kaagapay_db.service_calendar' doesn't exist
in SYSTEMPATH\Database\MySQLi\Connection.php on line 300.
 1 SYSTEMPATH\Database\MySQLi\Connection.php(300): mysqli->query('SELECT `sc`.`calendar_id`, `sc`.`event_type`, `sc`.`event_date`, `sc`.`event_time`, `sc`.`location`, `sc`.`status`, `sc`.`assigned_staff_ids`, `ph`.`unique_identifier`, `u`.`first_name`, `u`.`last_name`, COALESCE(sl.service_name, sc.event_type) AS event_name
FROM `service_calendar` `sc`
LEFT JOIN `plan_holders` `ph` ON `ph`.`plan_holder_id` = `sc`.`plan_holder_id`
LEFT JOIN `users` `u` ON `u`.`user_id` = `ph`.`user_id`
LEFT JOIN `service_list` `sl` ON `sl`.`service_list_id` = `sc`.`service_id`
WHERE `sc`.`branch_id` = 1
AND `sc`.`event_date` = \'2026-05-17\'
AND `sc`.`status` IN (\'scheduled\',\'in-progress\')
ORDER BY `sc`.`event_time` ASC
 LIMIT 10', 0)
 2 SYSTEMPATH\Database\BaseConnection.php(910): CodeIgniter\Database\MySQLi\Connection->execute('SELECT `sc`.`calendar_id`, `sc`.`event_type`, `sc`.`event_date`, `sc`.`event_time`, `sc`.`location`, `sc`.`status`, `sc`.`assigned_staff_ids`, `ph`.`unique_identifier`, `u`.`first_name`, `u`.`last_name`, COALESCE(sl.service_name, sc.event_type) AS event_name
FROM `service_calendar` `sc`
LEFT JOIN `plan_holders` `ph` ON `ph`.`plan_holder_id` = `sc`.`plan_holder_id`
LEFT JOIN `users` `u` ON `u`.`user_id` = `ph`.`user_id`
LEFT JOIN `service_list` `sl` ON `sl`.`service_list_id` = `sc`.`service_id`
WHERE `sc`.`branch_id` = 1
AND `sc`.`event_date` = \'2026-05-17\'
AND `sc`.`status` IN (\'scheduled\',\'in-progress\')
ORDER BY `sc`.`event_time` ASC
 LIMIT 10')
 3 SYSTEMPATH\Database\BaseConnection.php(827): CodeIgniter\Database\BaseConnection->simpleQuery('SELECT `sc`.`calendar_id`, `sc`.`event_type`, `sc`.`event_date`, `sc`.`event_time`, `sc`.`location`, `sc`.`status`, `sc`.`assigned_staff_ids`, `ph`.`unique_identifier`, `u`.`first_name`, `u`.`last_name`, COALESCE(sl.service_name, sc.event_type) AS event_name
FROM `service_calendar` `sc`
LEFT JOIN `plan_holders` `ph` ON `ph`.`plan_holder_id` = `sc`.`plan_holder_id`
LEFT JOIN `users` `u` ON `u`.`user_id` = `ph`.`user_id`
LEFT JOIN `service_list` `sl` ON `sl`.`service_list_id` = `sc`.`service_id`
WHERE `sc`.`branch_id` = 1
AND `sc`.`event_date` = \'2026-05-17\'
AND `sc`.`status` IN (\'scheduled\',\'in-progress\')
ORDER BY `sc`.`event_time` ASC
 LIMIT 10')
 4 SYSTEMPATH\Database\BaseBuilder.php(1649): CodeIgniter\Database\BaseConnection->query('SELECT `sc`.`calendar_id`, `sc`.`event_type`, `sc`.`event_date`, `sc`.`event_time`, `sc`.`location`, `sc`.`status`, `sc`.`assigned_staff_ids`, `ph`.`unique_identifier`, `u`.`first_name`, `u`.`last_name`, COALESCE(sl.service_name, sc.event_type) AS event_name
FROM `service_calendar` `sc`
LEFT JOIN `plan_holders` `ph` ON `ph`.`plan_holder_id` = `sc`.`plan_holder_id`
LEFT JOIN `users` `u` ON `u`.`user_id` = `ph`.`user_id`
LEFT JOIN `service_list` `sl` ON `sl`.`service_list_id` = `sc`.`service_id`
WHERE `sc`.`branch_id` = :sc.branch_id:
AND `sc`.`event_date` = :sc.event_date:
AND `sc`.`status` IN :sc.status:
ORDER BY `sc`.`event_time` ASC
 LIMIT 10', [...], false)
 5 APPPATH\Controllers\Dashboard.php(155): CodeIgniter\Database\BaseBuilder->get()
 6 APPPATH\Controllers\Dashboard.php(47): App\Controllers\Dashboard->getTodayServiceCalendar(1)
 7 SYSTEMPATH\CodeIgniter.php(951): App\Controllers\Dashboard->branchAdmin()
 8 SYSTEMPATH\CodeIgniter.php(497): CodeIgniter\CodeIgniter->runController(Object(App\Controllers\Dashboard))
 9 SYSTEMPATH\CodeIgniter.php(340): CodeIgniter\CodeIgniter->handleRequest(null, Object(Config\Cache), false)
10 SYSTEMPATH\Boot.php(417): CodeIgniter\CodeIgniter->run()
11 SYSTEMPATH\Boot.php(68): CodeIgniter\Boot::runCodeIgniter(Object(CodeIgniter\CodeIgniter))
12 FCPATH\index.php(59): CodeIgniter\Boot::bootWeb(Object(Config\Paths))
DEBUG - 2026-05-17 16:12:00 --> Session: Class initialized using 'CodeIgniter\Session\Handlers\FileHandler' driver.
ERROR - 2026-05-17 16:12:00 --> Unknown column 'p.next_due_date' in 'field list'
in SYSTEMPATH\Database\MySQLi\Connection.php on line 300.
 1 SYSTEMPATH\Database\MySQLi\Connection.php(300): mysqli->query('SELECT `pay`.`payment_id`, `pay`.`plan_id`, `pay`.`amount`, `pay`.`months_covered`, `pay`.`payment_date`, `pay`.`payment_method`, `pay`.`reference_number`, `pay`.`official_receipt_number`, `pay`.`remarks`, `pay`.`status`, `pay`.`branch_id`, `b`.`branch_name`, `p`.`monthly_fee`, `p`.`months_paid`, `p`.`remaining_balance`, `p`.`next_due_date`, `ph`.`plan_holder_id`, `ph`.`unique_identifier`, `u`.`first_name`, `u`.`last_name`
FROM `payments` `pay`
INNER JOIN `plans` `p` ON `p`.`plan_id` = `pay`.`plan_id`
INNER JOIN `plan_holders` `ph` ON `ph`.`plan_holder_id` = `p`.`plan_holder_id`
INNER JOIN `users` `u` ON `u`.`user_id` = `ph`.`user_id`
LEFT JOIN `branches` `b` ON `b`.`branch_id` = `pay`.`branch_id`
WHERE `pay`.`branch_id` = 1
ORDER BY `pay`.`payment_date` DESC, `pay`.`payment_id` DESC', 0)
 2 SYSTEMPATH\Database\BaseConnection.php(910): CodeIgniter\Database\MySQLi\Connection->execute('SELECT `pay`.`payment_id`, `pay`.`plan_id`, `pay`.`amount`, `pay`.`months_covered`, `pay`.`payment_date`, `pay`.`payment_method`, `pay`.`reference_number`, `pay`.`official_receipt_number`, `pay`.`remarks`, `pay`.`status`, `pay`.`branch_id`, `b`.`branch_name`, `p`.`monthly_fee`, `p`.`months_paid`, `p`.`remaining_balance`, `p`.`next_due_date`, `ph`.`plan_holder_id`, `ph`.`unique_identifier`, `u`.`first_name`, `u`.`last_name`
FROM `payments` `pay`
INNER JOIN `plans` `p` ON `p`.`plan_id` = `pay`.`plan_id`
INNER JOIN `plan_holders` `ph` ON `ph`.`plan_holder_id` = `p`.`plan_holder_id`
INNER JOIN `users` `u` ON `u`.`user_id` = `ph`.`user_id`
LEFT JOIN `branches` `b` ON `b`.`branch_id` = `pay`.`branch_id`
WHERE `pay`.`branch_id` = 1
ORDER BY `pay`.`payment_date` DESC, `pay`.`payment_id` DESC')
 3 SYSTEMPATH\Database\BaseConnection.php(827): CodeIgniter\Database\BaseConnection->simpleQuery('SELECT `pay`.`payment_id`, `pay`.`plan_id`, `pay`.`amount`, `pay`.`months_covered`, `pay`.`payment_date`, `pay`.`payment_method`, `pay`.`reference_number`, `pay`.`official_receipt_number`, `pay`.`remarks`, `pay`.`status`, `pay`.`branch_id`, `b`.`branch_name`, `p`.`monthly_fee`, `p`.`months_paid`, `p`.`remaining_balance`, `p`.`next_due_date`, `ph`.`plan_holder_id`, `ph`.`unique_identifier`, `u`.`first_name`, `u`.`last_name`
FROM `payments` `pay`
INNER JOIN `plans` `p` ON `p`.`plan_id` = `pay`.`plan_id`
INNER JOIN `plan_holders` `ph` ON `ph`.`plan_holder_id` = `p`.`plan_holder_id`
INNER JOIN `users` `u` ON `u`.`user_id` = `ph`.`user_id`
LEFT JOIN `branches` `b` ON `b`.`branch_id` = `pay`.`branch_id`
WHERE `pay`.`branch_id` = 1
ORDER BY `pay`.`payment_date` DESC, `pay`.`payment_id` DESC')
 4 SYSTEMPATH\Database\BaseBuilder.php(1649): CodeIgniter\Database\BaseConnection->query('SELECT `pay`.`payment_id`, `pay`.`plan_id`, `pay`.`amount`, `pay`.`months_covered`, `pay`.`payment_date`, `pay`.`payment_method`, `pay`.`reference_number`, `pay`.`official_receipt_number`, `pay`.`remarks`, `pay`.`status`, `pay`.`branch_id`, `b`.`branch_name`, `p`.`monthly_fee`, `p`.`months_paid`, `p`.`remaining_balance`, `p`.`next_due_date`, `ph`.`plan_holder_id`, `ph`.`unique_identifier`, `u`.`first_name`, `u`.`last_name`
FROM `payments` `pay`
INNER JOIN `plans` `p` ON `p`.`plan_id` = `pay`.`plan_id`
INNER JOIN `plan_holders` `ph` ON `ph`.`plan_holder_id` = `p`.`plan_holder_id`
INNER JOIN `users` `u` ON `u`.`user_id` = `ph`.`user_id`
LEFT JOIN `branches` `b` ON `b`.`branch_id` = `pay`.`branch_id`
WHERE `pay`.`branch_id` = :pay.branch_id:
ORDER BY `pay`.`payment_date` DESC, `pay`.`payment_id` DESC', [...], false)
 5 APPPATH\Services\PaymentService.php(59): CodeIgniter\Database\BaseBuilder->get()
 6 APPPATH\Controllers\Dashboard.php(52): App\Services\PaymentService->getBranchMonitoringPayments(1)
 7 SYSTEMPATH\CodeIgniter.php(951): App\Controllers\Dashboard->branchAdmin()
 8 SYSTEMPATH\CodeIgniter.php(497): CodeIgniter\CodeIgniter->runController(Object(App\Controllers\Dashboard))
 9 SYSTEMPATH\CodeIgniter.php(340): CodeIgniter\CodeIgniter->handleRequest(null, Object(Config\Cache), false)
10 SYSTEMPATH\Boot.php(417): CodeIgniter\CodeIgniter->run()
11 SYSTEMPATH\Boot.php(68): CodeIgniter\Boot::runCodeIgniter(Object(CodeIgniter\CodeIgniter))
12 FCPATH\index.php(59): CodeIgniter\Boot::bootWeb(Object(Config\Paths))
CRITICAL - 2026-05-17 16:12:00 --> CodeIgniter\Database\Exceptions\DatabaseException: Unknown column 'p.next_due_date' in 'field list'
[Method: GET, Route: dashboard/branch-admin]
in SYSTEMPATH\Database\BaseConnection.php on line 865.
 1 SYSTEMPATH\Database\BaseBuilder.php(1649): CodeIgniter\Database\BaseConnection->query('SELECT `pay`.`payment_id`, `pay`.`plan_id`, `pay`.`amount`, `pay`.`months_covered`, `pay`.`payment_date`, `pay`.`payment_method`, `pay`.`reference_number`, `pay`.`official_receipt_number`, `pay`.`remarks`, `pay`.`status`, `pay`.`branch_id`, `b`.`branch_name`, `p`.`monthly_fee`, `p`.`months_paid`, `p`.`remaining_balance`, `p`.`next_due_date`, `ph`.`plan_holder_id`, `ph`.`unique_identifier`, `u`.`first_name`, `u`.`last_name`
FROM `payments` `pay`
INNER JOIN `plans` `p` ON `p`.`plan_id` = `pay`.`plan_id`
INNER JOIN `plan_holders` `ph` ON `ph`.`plan_holder_id` = `p`.`plan_holder_id`
INNER JOIN `users` `u` ON `u`.`user_id` = `ph`.`user_id`
LEFT JOIN `branches` `b` ON `b`.`branch_id` = `pay`.`branch_id`
WHERE `pay`.`branch_id` = :pay.branch_id:
ORDER BY `pay`.`payment_date` DESC, `pay`.`payment_id` DESC', [...], false)
 2 APPPATH\Services\PaymentService.php(59): CodeIgniter\Database\BaseBuilder->get()
 3 APPPATH\Controllers\Dashboard.php(52): App\Services\PaymentService->getBranchMonitoringPayments(1)
 4 SYSTEMPATH\CodeIgniter.php(951): App\Controllers\Dashboard->branchAdmin()
 5 SYSTEMPATH\CodeIgniter.php(497): CodeIgniter\CodeIgniter->runController(Object(App\Controllers\Dashboard))
 6 SYSTEMPATH\CodeIgniter.php(340): CodeIgniter\CodeIgniter->handleRequest(null, Object(Config\Cache), false)
 7 SYSTEMPATH\Boot.php(417): CodeIgniter\CodeIgniter->run()
 8 SYSTEMPATH\Boot.php(68): CodeIgniter\Boot::runCodeIgniter(Object(CodeIgniter\CodeIgniter))
 9 FCPATH\index.php(59): CodeIgniter\Boot::bootWeb(Object(Config\Paths))
CRITICAL - 2026-05-17 16:12:00 --> [Caused by] CodeIgniter\Database\Exceptions\DatabaseException: Unknown column 'p.next_due_date' in 'field list'
in SYSTEMPATH\Database\MySQLi\Connection.php on line 310.
 1 SYSTEMPATH\Database\BaseConnection.php(910): CodeIgniter\Database\MySQLi\Connection->execute('SELECT `pay`.`payment_id`, `pay`.`plan_id`, `pay`.`amount`, `pay`.`months_covered`, `pay`.`payment_date`, `pay`.`payment_method`, `pay`.`reference_number`, `pay`.`official_receipt_number`, `pay`.`remarks`, `pay`.`status`, `pay`.`branch_id`, `b`.`branch_name`, `p`.`monthly_fee`, `p`.`months_paid`, `p`.`remaining_balance`, `p`.`next_due_date`, `ph`.`plan_holder_id`, `ph`.`unique_identifier`, `u`.`first_name`, `u`.`last_name`
FROM `payments` `pay`
INNER JOIN `plans` `p` ON `p`.`plan_id` = `pay`.`plan_id`
INNER JOIN `plan_holders` `ph` ON `ph`.`plan_holder_id` = `p`.`plan_holder_id`
INNER JOIN `users` `u` ON `u`.`user_id` = `ph`.`user_id`
LEFT JOIN `branches` `b` ON `b`.`branch_id` = `pay`.`branch_id`
WHERE `pay`.`branch_id` = 1
ORDER BY `pay`.`payment_date` DESC, `pay`.`payment_id` DESC')
 2 SYSTEMPATH\Database\BaseConnection.php(827): CodeIgniter\Database\BaseConnection->simpleQuery('SELECT `pay`.`payment_id`, `pay`.`plan_id`, `pay`.`amount`, `pay`.`months_covered`, `pay`.`payment_date`, `pay`.`payment_method`, `pay`.`reference_number`, `pay`.`official_receipt_number`, `pay`.`remarks`, `pay`.`status`, `pay`.`branch_id`, `b`.`branch_name`, `p`.`monthly_fee`, `p`.`months_paid`, `p`.`remaining_balance`, `p`.`next_due_date`, `ph`.`plan_holder_id`, `ph`.`unique_identifier`, `u`.`first_name`, `u`.`last_name`
FROM `payments` `pay`
INNER JOIN `plans` `p` ON `p`.`plan_id` = `pay`.`plan_id`
INNER JOIN `plan_holders` `ph` ON `ph`.`plan_holder_id` = `p`.`plan_holder_id`
INNER JOIN `users` `u` ON `u`.`user_id` = `ph`.`user_id`
LEFT JOIN `branches` `b` ON `b`.`branch_id` = `pay`.`branch_id`
WHERE `pay`.`branch_id` = 1
ORDER BY `pay`.`payment_date` DESC, `pay`.`payment_id` DESC')
 3 SYSTEMPATH\Database\BaseBuilder.php(1649): CodeIgniter\Database\BaseConnection->query('SELECT `pay`.`payment_id`, `pay`.`plan_id`, `pay`.`amount`, `pay`.`months_covered`, `pay`.`payment_date`, `pay`.`payment_method`, `pay`.`reference_number`, `pay`.`official_receipt_number`, `pay`.`remarks`, `pay`.`status`, `pay`.`branch_id`, `b`.`branch_name`, `p`.`monthly_fee`, `p`.`months_paid`, `p`.`remaining_balance`, `p`.`next_due_date`, `ph`.`plan_holder_id`, `ph`.`unique_identifier`, `u`.`first_name`, `u`.`last_name`
FROM `payments` `pay`
INNER JOIN `plans` `p` ON `p`.`plan_id` = `pay`.`plan_id`
INNER JOIN `plan_holders` `ph` ON `ph`.`plan_holder_id` = `p`.`plan_holder_id`
INNER JOIN `users` `u` ON `u`.`user_id` = `ph`.`user_id`
LEFT JOIN `branches` `b` ON `b`.`branch_id` = `pay`.`branch_id`
WHERE `pay`.`branch_id` = :pay.branch_id:
ORDER BY `pay`.`payment_date` DESC, `pay`.`payment_id` DESC', [...], false)
 4 APPPATH\Services\PaymentService.php(59): CodeIgniter\Database\BaseBuilder->get()
 5 APPPATH\Controllers\Dashboard.php(52): App\Services\PaymentService->getBranchMonitoringPayments(1)
 6 SYSTEMPATH\CodeIgniter.php(951): App\Controllers\Dashboard->branchAdmin()
 7 SYSTEMPATH\CodeIgniter.php(497): CodeIgniter\CodeIgniter->runController(Object(App\Controllers\Dashboard))
 8 SYSTEMPATH\CodeIgniter.php(340): CodeIgniter\CodeIgniter->handleRequest(null, Object(Config\Cache), false)
 9 SYSTEMPATH\Boot.php(417): CodeIgniter\CodeIgniter->run()
10 SYSTEMPATH\Boot.php(68): CodeIgniter\Boot::runCodeIgniter(Object(CodeIgniter\CodeIgniter))
11 FCPATH\index.php(59): CodeIgniter\Boot::bootWeb(Object(Config\Paths))
CRITICAL - 2026-05-17 16:12:00 --> [Caused by] mysqli_sql_exception: Unknown column 'p.next_due_date' in 'field list'
in SYSTEMPATH\Database\MySQLi\Connection.php on line 300.
 1 SYSTEMPATH\Database\MySQLi\Connection.php(300): mysqli->query('SELECT `pay`.`payment_id`, `pay`.`plan_id`, `pay`.`amount`, `pay`.`months_covered`, `pay`.`payment_date`, `pay`.`payment_method`, `pay`.`reference_number`, `pay`.`official_receipt_number`, `pay`.`remarks`, `pay`.`status`, `pay`.`branch_id`, `b`.`branch_name`, `p`.`monthly_fee`, `p`.`months_paid`, `p`.`remaining_balance`, `p`.`next_due_date`, `ph`.`plan_holder_id`, `ph`.`unique_identifier`, `u`.`first_name`, `u`.`last_name`
FROM `payments` `pay`
INNER JOIN `plans` `p` ON `p`.`plan_id` = `pay`.`plan_id`
INNER JOIN `plan_holders` `ph` ON `ph`.`plan_holder_id` = `p`.`plan_holder_id`
INNER JOIN `users` `u` ON `u`.`user_id` = `ph`.`user_id`
LEFT JOIN `branches` `b` ON `b`.`branch_id` = `pay`.`branch_id`
WHERE `pay`.`branch_id` = 1
ORDER BY `pay`.`payment_date` DESC, `pay`.`payment_id` DESC', 0)
 2 SYSTEMPATH\Database\BaseConnection.php(910): CodeIgniter\Database\MySQLi\Connection->execute('SELECT `pay`.`payment_id`, `pay`.`plan_id`, `pay`.`amount`, `pay`.`months_covered`, `pay`.`payment_date`, `pay`.`payment_method`, `pay`.`reference_number`, `pay`.`official_receipt_number`, `pay`.`remarks`, `pay`.`status`, `pay`.`branch_id`, `b`.`branch_name`, `p`.`monthly_fee`, `p`.`months_paid`, `p`.`remaining_balance`, `p`.`next_due_date`, `ph`.`plan_holder_id`, `ph`.`unique_identifier`, `u`.`first_name`, `u`.`last_name`
FROM `payments` `pay`
INNER JOIN `plans` `p` ON `p`.`plan_id` = `pay`.`plan_id`
INNER JOIN `plan_holders` `ph` ON `ph`.`plan_holder_id` = `p`.`plan_holder_id`
INNER JOIN `users` `u` ON `u`.`user_id` = `ph`.`user_id`
LEFT JOIN `branches` `b` ON `b`.`branch_id` = `pay`.`branch_id`
WHERE `pay`.`branch_id` = 1
ORDER BY `pay`.`payment_date` DESC, `pay`.`payment_id` DESC')
 3 SYSTEMPATH\Database\BaseConnection.php(827): CodeIgniter\Database\BaseConnection->simpleQuery('SELECT `pay`.`payment_id`, `pay`.`plan_id`, `pay`.`amount`, `pay`.`months_covered`, `pay`.`payment_date`, `pay`.`payment_method`, `pay`.`reference_number`, `pay`.`official_receipt_number`, `pay`.`remarks`, `pay`.`status`, `pay`.`branch_id`, `b`.`branch_name`, `p`.`monthly_fee`, `p`.`months_paid`, `p`.`remaining_balance`, `p`.`next_due_date`, `ph`.`plan_holder_id`, `ph`.`unique_identifier`, `u`.`first_name`, `u`.`last_name`
FROM `payments` `pay`
INNER JOIN `plans` `p` ON `p`.`plan_id` = `pay`.`plan_id`
INNER JOIN `plan_holders` `ph` ON `ph`.`plan_holder_id` = `p`.`plan_holder_id`
INNER JOIN `users` `u` ON `u`.`user_id` = `ph`.`user_id`
LEFT JOIN `branches` `b` ON `b`.`branch_id` = `pay`.`branch_id`
WHERE `pay`.`branch_id` = 1
ORDER BY `pay`.`payment_date` DESC, `pay`.`payment_id` DESC')
 4 SYSTEMPATH\Database\BaseBuilder.php(1649): CodeIgniter\Database\BaseConnection->query('SELECT `pay`.`payment_id`, `pay`.`plan_id`, `pay`.`amount`, `pay`.`months_covered`, `pay`.`payment_date`, `pay`.`payment_method`, `pay`.`reference_number`, `pay`.`official_receipt_number`, `pay`.`remarks`, `pay`.`status`, `pay`.`branch_id`, `b`.`branch_name`, `p`.`monthly_fee`, `p`.`months_paid`, `p`.`remaining_balance`, `p`.`next_due_date`, `ph`.`plan_holder_id`, `ph`.`unique_identifier`, `u`.`first_name`, `u`.`last_name`
FROM `payments` `pay`
INNER JOIN `plans` `p` ON `p`.`plan_id` = `pay`.`plan_id`
INNER JOIN `plan_holders` `ph` ON `ph`.`plan_holder_id` = `p`.`plan_holder_id`
INNER JOIN `users` `u` ON `u`.`user_id` = `ph`.`user_id`
LEFT JOIN `branches` `b` ON `b`.`branch_id` = `pay`.`branch_id`
WHERE `pay`.`branch_id` = :pay.branch_id:
ORDER BY `pay`.`payment_date` DESC, `pay`.`payment_id` DESC', [...], false)
 5 APPPATH\Services\PaymentService.php(59): CodeIgniter\Database\BaseBuilder->get()
 6 APPPATH\Controllers\Dashboard.php(52): App\Services\PaymentService->getBranchMonitoringPayments(1)
 7 SYSTEMPATH\CodeIgniter.php(951): App\Controllers\Dashboard->branchAdmin()
 8 SYSTEMPATH\CodeIgniter.php(497): CodeIgniter\CodeIgniter->runController(Object(App\Controllers\Dashboard))
 9 SYSTEMPATH\CodeIgniter.php(340): CodeIgniter\CodeIgniter->handleRequest(null, Object(Config\Cache), false)
10 SYSTEMPATH\Boot.php(417): CodeIgniter\CodeIgniter->run()
11 SYSTEMPATH\Boot.php(68): CodeIgniter\Boot::runCodeIgniter(Object(CodeIgniter\CodeIgniter))
12 FCPATH\index.php(59): CodeIgniter\Boot::bootWeb(Object(Config\Paths))
DEBUG - 2026-05-17 16:12:03 --> Session: Class initialized using 'CodeIgniter\Session\Handlers\FileHandler' driver.
ERROR - 2026-05-17 16:12:03 --> Unknown column 'p.next_due_date' in 'field list'
in SYSTEMPATH\Database\MySQLi\Connection.php on line 300.
 1 SYSTEMPATH\Database\MySQLi\Connection.php(300): mysqli->query('SELECT `pay`.`payment_id`, `pay`.`plan_id`, `pay`.`amount`, `pay`.`months_covered`, `pay`.`payment_date`, `pay`.`payment_method`, `pay`.`reference_number`, `pay`.`official_receipt_number`, `pay`.`remarks`, `pay`.`status`, `pay`.`branch_id`, `b`.`branch_name`, `p`.`monthly_fee`, `p`.`months_paid`, `p`.`remaining_balance`, `p`.`next_due_date`, `ph`.`plan_holder_id`, `ph`.`unique_identifier`, `u`.`first_name`, `u`.`last_name`
FROM `payments` `pay`
INNER JOIN `plans` `p` ON `p`.`plan_id` = `pay`.`plan_id`
INNER JOIN `plan_holders` `ph` ON `ph`.`plan_holder_id` = `p`.`plan_holder_id`
INNER JOIN `users` `u` ON `u`.`user_id` = `ph`.`user_id`
LEFT JOIN `branches` `b` ON `b`.`branch_id` = `pay`.`branch_id`
WHERE `pay`.`branch_id` = 1
ORDER BY `pay`.`payment_date` DESC, `pay`.`payment_id` DESC', 0)
 2 SYSTEMPATH\Database\BaseConnection.php(910): CodeIgniter\Database\MySQLi\Connection->execute('SELECT `pay`.`payment_id`, `pay`.`plan_id`, `pay`.`amount`, `pay`.`months_covered`, `pay`.`payment_date`, `pay`.`payment_method`, `pay`.`reference_number`, `pay`.`official_receipt_number`, `pay`.`remarks`, `pay`.`status`, `pay`.`branch_id`, `b`.`branch_name`, `p`.`monthly_fee`, `p`.`months_paid`, `p`.`remaining_balance`, `p`.`next_due_date`, `ph`.`plan_holder_id`, `ph`.`unique_identifier`, `u`.`first_name`, `u`.`last_name`
FROM `payments` `pay`
INNER JOIN `plans` `p` ON `p`.`plan_id` = `pay`.`plan_id`
INNER JOIN `plan_holders` `ph` ON `ph`.`plan_holder_id` = `p`.`plan_holder_id`
INNER JOIN `users` `u` ON `u`.`user_id` = `ph`.`user_id`
LEFT JOIN `branches` `b` ON `b`.`branch_id` = `pay`.`branch_id`
WHERE `pay`.`branch_id` = 1
ORDER BY `pay`.`payment_date` DESC, `pay`.`payment_id` DESC')
 3 SYSTEMPATH\Database\BaseConnection.php(827): CodeIgniter\Database\BaseConnection->simpleQuery('SELECT `pay`.`payment_id`, `pay`.`plan_id`, `pay`.`amount`, `pay`.`months_covered`, `pay`.`payment_date`, `pay`.`payment_method`, `pay`.`reference_number`, `pay`.`official_receipt_number`, `pay`.`remarks`, `pay`.`status`, `pay`.`branch_id`, `b`.`branch_name`, `p`.`monthly_fee`, `p`.`months_paid`, `p`.`remaining_balance`, `p`.`next_due_date`, `ph`.`plan_holder_id`, `ph`.`unique_identifier`, `u`.`first_name`, `u`.`last_name`
FROM `payments` `pay`
INNER JOIN `plans` `p` ON `p`.`plan_id` = `pay`.`plan_id`
INNER JOIN `plan_holders` `ph` ON `ph`.`plan_holder_id` = `p`.`plan_holder_id`
INNER JOIN `users` `u` ON `u`.`user_id` = `ph`.`user_id`
LEFT JOIN `branches` `b` ON `b`.`branch_id` = `pay`.`branch_id`
WHERE `pay`.`branch_id` = 1
ORDER BY `pay`.`payment_date` DESC, `pay`.`payment_id` DESC')
 4 SYSTEMPATH\Database\BaseBuilder.php(1649): CodeIgniter\Database\BaseConnection->query('SELECT `pay`.`payment_id`, `pay`.`plan_id`, `pay`.`amount`, `pay`.`months_covered`, `pay`.`payment_date`, `pay`.`payment_method`, `pay`.`reference_number`, `pay`.`official_receipt_number`, `pay`.`remarks`, `pay`.`status`, `pay`.`branch_id`, `b`.`branch_name`, `p`.`monthly_fee`, `p`.`months_paid`, `p`.`remaining_balance`, `p`.`next_due_date`, `ph`.`plan_holder_id`, `ph`.`unique_identifier`, `u`.`first_name`, `u`.`last_name`
FROM `payments` `pay`
INNER JOIN `plans` `p` ON `p`.`plan_id` = `pay`.`plan_id`
INNER JOIN `plan_holders` `ph` ON `ph`.`plan_holder_id` = `p`.`plan_holder_id`
INNER JOIN `users` `u` ON `u`.`user_id` = `ph`.`user_id`
LEFT JOIN `branches` `b` ON `b`.`branch_id` = `pay`.`branch_id`
WHERE `pay`.`branch_id` = :pay.branch_id:
ORDER BY `pay`.`payment_date` DESC, `pay`.`payment_id` DESC', [...], false)
 5 APPPATH\Services\PaymentService.php(59): CodeIgniter\Database\BaseBuilder->get()
 6 APPPATH\Controllers\Dashboard.php(52): App\Services\PaymentService->getBranchMonitoringPayments(1)
 7 SYSTEMPATH\CodeIgniter.php(951): App\Controllers\Dashboard->branchAdmin()
 8 SYSTEMPATH\CodeIgniter.php(497): CodeIgniter\CodeIgniter->runController(Object(App\Controllers\Dashboard))
 9 SYSTEMPATH\CodeIgniter.php(340): CodeIgniter\CodeIgniter->handleRequest(null, Object(Config\Cache), false)
10 SYSTEMPATH\Boot.php(417): CodeIgniter\CodeIgniter->run()
11 SYSTEMPATH\Boot.php(68): CodeIgniter\Boot::runCodeIgniter(Object(CodeIgniter\CodeIgniter))
12 FCPATH\index.php(59): CodeIgniter\Boot::bootWeb(Object(Config\Paths))
CRITICAL - 2026-05-17 16:12:03 --> CodeIgniter\Database\Exceptions\DatabaseException: Unknown column 'p.next_due_date' in 'field list'
[Method: GET, Route: dashboard/branch-admin]
in SYSTEMPATH\Database\BaseConnection.php on line 865.
 1 SYSTEMPATH\Database\BaseBuilder.php(1649): CodeIgniter\Database\BaseConnection->query('SELECT `pay`.`payment_id`, `pay`.`plan_id`, `pay`.`amount`, `pay`.`months_covered`, `pay`.`payment_date`, `pay`.`payment_method`, `pay`.`reference_number`, `pay`.`official_receipt_number`, `pay`.`remarks`, `pay`.`status`, `pay`.`branch_id`, `b`.`branch_name`, `p`.`monthly_fee`, `p`.`months_paid`, `p`.`remaining_balance`, `p`.`next_due_date`, `ph`.`plan_holder_id`, `ph`.`unique_identifier`, `u`.`first_name`, `u`.`last_name`
FROM `payments` `pay`
INNER JOIN `plans` `p` ON `p`.`plan_id` = `pay`.`plan_id`
INNER JOIN `plan_holders` `ph` ON `ph`.`plan_holder_id` = `p`.`plan_holder_id`
INNER JOIN `users` `u` ON `u`.`user_id` = `ph`.`user_id`
LEFT JOIN `branches` `b` ON `b`.`branch_id` = `pay`.`branch_id`
WHERE `pay`.`branch_id` = :pay.branch_id:
ORDER BY `pay`.`payment_date` DESC, `pay`.`payment_id` DESC', [...], false)
 2 APPPATH\Services\PaymentService.php(59): CodeIgniter\Database\BaseBuilder->get()
 3 APPPATH\Controllers\Dashboard.php(52): App\Services\PaymentService->getBranchMonitoringPayments(1)
 4 SYSTEMPATH\CodeIgniter.php(951): App\Controllers\Dashboard->branchAdmin()
 5 SYSTEMPATH\CodeIgniter.php(497): CodeIgniter\CodeIgniter->runController(Object(App\Controllers\Dashboard))
 6 SYSTEMPATH\CodeIgniter.php(340): CodeIgniter\CodeIgniter->handleRequest(null, Object(Config\Cache), false)
 7 SYSTEMPATH\Boot.php(417): CodeIgniter\CodeIgniter->run()
 8 SYSTEMPATH\Boot.php(68): CodeIgniter\Boot::runCodeIgniter(Object(CodeIgniter\CodeIgniter))
 9 FCPATH\index.php(59): CodeIgniter\Boot::bootWeb(Object(Config\Paths))
CRITICAL - 2026-05-17 16:12:03 --> [Caused by] CodeIgniter\Database\Exceptions\DatabaseException: Unknown column 'p.next_due_date' in 'field list'
in SYSTEMPATH\Database\MySQLi\Connection.php on line 310.
 1 SYSTEMPATH\Database\BaseConnection.php(910): CodeIgniter\Database\MySQLi\Connection->execute('SELECT `pay`.`payment_id`, `pay`.`plan_id`, `pay`.`amount`, `pay`.`months_covered`, `pay`.`payment_date`, `pay`.`payment_method`, `pay`.`reference_number`, `pay`.`official_receipt_number`, `pay`.`remarks`, `pay`.`status`, `pay`.`branch_id`, `b`.`branch_name`, `p`.`monthly_fee`, `p`.`months_paid`, `p`.`remaining_balance`, `p`.`next_due_date`, `ph`.`plan_holder_id`, `ph`.`unique_identifier`, `u`.`first_name`, `u`.`last_name`
FROM `payments` `pay`
INNER JOIN `plans` `p` ON `p`.`plan_id` = `pay`.`plan_id`
INNER JOIN `plan_holders` `ph` ON `ph`.`plan_holder_id` = `p`.`plan_holder_id`
INNER JOIN `users` `u` ON `u`.`user_id` = `ph`.`user_id`
LEFT JOIN `branches` `b` ON `b`.`branch_id` = `pay`.`branch_id`
WHERE `pay`.`branch_id` = 1
ORDER BY `pay`.`payment_date` DESC, `pay`.`payment_id` DESC')
 2 SYSTEMPATH\Database\BaseConnection.php(827): CodeIgniter\Database\BaseConnection->simpleQuery('SELECT `pay`.`payment_id`, `pay`.`plan_id`, `pay`.`amount`, `pay`.`months_covered`, `pay`.`payment_date`, `pay`.`payment_method`, `pay`.`reference_number`, `pay`.`official_receipt_number`, `pay`.`remarks`, `pay`.`status`, `pay`.`branch_id`, `b`.`branch_name`, `p`.`monthly_fee`, `p`.`months_paid`, `p`.`remaining_balance`, `p`.`next_due_date`, `ph`.`plan_holder_id`, `ph`.`unique_identifier`, `u`.`first_name`, `u`.`last_name`
FROM `payments` `pay`
INNER JOIN `plans` `p` ON `p`.`plan_id` = `pay`.`plan_id`
INNER JOIN `plan_holders` `ph` ON `ph`.`plan_holder_id` = `p`.`plan_holder_id`
INNER JOIN `users` `u` ON `u`.`user_id` = `ph`.`user_id`
LEFT JOIN `branches` `b` ON `b`.`branch_id` = `pay`.`branch_id`
WHERE `pay`.`branch_id` = 1
ORDER BY `pay`.`payment_date` DESC, `pay`.`payment_id` DESC')
 3 SYSTEMPATH\Database\BaseBuilder.php(1649): CodeIgniter\Database\BaseConnection->query('SELECT `pay`.`payment_id`, `pay`.`plan_id`, `pay`.`amount`, `pay`.`months_covered`, `pay`.`payment_date`, `pay`.`payment_method`, `pay`.`reference_number`, `pay`.`official_receipt_number`, `pay`.`remarks`, `pay`.`status`, `pay`.`branch_id`, `b`.`branch_name`, `p`.`monthly_fee`, `p`.`months_paid`, `p`.`remaining_balance`, `p`.`next_due_date`, `ph`.`plan_holder_id`, `ph`.`unique_identifier`, `u`.`first_name`, `u`.`last_name`
FROM `payments` `pay`
INNER JOIN `plans` `p` ON `p`.`plan_id` = `pay`.`plan_id`
INNER JOIN `plan_holders` `ph` ON `ph`.`plan_holder_id` = `p`.`plan_holder_id`
INNER JOIN `users` `u` ON `u`.`user_id` = `ph`.`user_id`
LEFT JOIN `branches` `b` ON `b`.`branch_id` = `pay`.`branch_id`
WHERE `pay`.`branch_id` = :pay.branch_id:
ORDER BY `pay`.`payment_date` DESC, `pay`.`payment_id` DESC', [...], false)
 4 APPPATH\Services\PaymentService.php(59): CodeIgniter\Database\BaseBuilder->get()
 5 APPPATH\Controllers\Dashboard.php(52): App\Services\PaymentService->getBranchMonitoringPayments(1)
 6 SYSTEMPATH\CodeIgniter.php(951): App\Controllers\Dashboard->branchAdmin()
 7 SYSTEMPATH\CodeIgniter.php(497): CodeIgniter\CodeIgniter->runController(Object(App\Controllers\Dashboard))
 8 SYSTEMPATH\CodeIgniter.php(340): CodeIgniter\CodeIgniter->handleRequest(null, Object(Config\Cache), false)
 9 SYSTEMPATH\Boot.php(417): CodeIgniter\CodeIgniter->run()
10 SYSTEMPATH\Boot.php(68): CodeIgniter\Boot::runCodeIgniter(Object(CodeIgniter\CodeIgniter))
11 FCPATH\index.php(59): CodeIgniter\Boot::bootWeb(Object(Config\Paths))
CRITICAL - 2026-05-17 16:12:03 --> [Caused by] mysqli_sql_exception: Unknown column 'p.next_due_date' in 'field list'
in SYSTEMPATH\Database\MySQLi\Connection.php on line 300.
 1 SYSTEMPATH\Database\MySQLi\Connection.php(300): mysqli->query('SELECT `pay`.`payment_id`, `pay`.`plan_id`, `pay`.`amount`, `pay`.`months_covered`, `pay`.`payment_date`, `pay`.`payment_method`, `pay`.`reference_number`, `pay`.`official_receipt_number`, `pay`.`remarks`, `pay`.`status`, `pay`.`branch_id`, `b`.`branch_name`, `p`.`monthly_fee`, `p`.`months_paid`, `p`.`remaining_balance`, `p`.`next_due_date`, `ph`.`plan_holder_id`, `ph`.`unique_identifier`, `u`.`first_name`, `u`.`last_name`
FROM `payments` `pay`
INNER JOIN `plans` `p` ON `p`.`plan_id` = `pay`.`plan_id`
INNER JOIN `plan_holders` `ph` ON `ph`.`plan_holder_id` = `p`.`plan_holder_id`
INNER JOIN `users` `u` ON `u`.`user_id` = `ph`.`user_id`
LEFT JOIN `branches` `b` ON `b`.`branch_id` = `pay`.`branch_id`
WHERE `pay`.`branch_id` = 1
ORDER BY `pay`.`payment_date` DESC, `pay`.`payment_id` DESC', 0)
 2 SYSTEMPATH\Database\BaseConnection.php(910): CodeIgniter\Database\MySQLi\Connection->execute('SELECT `pay`.`payment_id`, `pay`.`plan_id`, `pay`.`amount`, `pay`.`months_covered`, `pay`.`payment_date`, `pay`.`payment_method`, `pay`.`reference_number`, `pay`.`official_receipt_number`, `pay`.`remarks`, `pay`.`status`, `pay`.`branch_id`, `b`.`branch_name`, `p`.`monthly_fee`, `p`.`months_paid`, `p`.`remaining_balance`, `p`.`next_due_date`, `ph`.`plan_holder_id`, `ph`.`unique_identifier`, `u`.`first_name`, `u`.`last_name`
FROM `payments` `pay`
INNER JOIN `plans` `p` ON `p`.`plan_id` = `pay`.`plan_id`
INNER JOIN `plan_holders` `ph` ON `ph`.`plan_holder_id` = `p`.`plan_holder_id`
INNER JOIN `users` `u` ON `u`.`user_id` = `ph`.`user_id`
LEFT JOIN `branches` `b` ON `b`.`branch_id` = `pay`.`branch_id`
WHERE `pay`.`branch_id` = 1
ORDER BY `pay`.`payment_date` DESC, `pay`.`payment_id` DESC')
 3 SYSTEMPATH\Database\BaseConnection.php(827): CodeIgniter\Database\BaseConnection->simpleQuery('SELECT `pay`.`payment_id`, `pay`.`plan_id`, `pay`.`amount`, `pay`.`months_covered`, `pay`.`payment_date`, `pay`.`payment_method`, `pay`.`reference_number`, `pay`.`official_receipt_number`, `pay`.`remarks`, `pay`.`status`, `pay`.`branch_id`, `b`.`branch_name`, `p`.`monthly_fee`, `p`.`months_paid`, `p`.`remaining_balance`, `p`.`next_due_date`, `ph`.`plan_holder_id`, `ph`.`unique_identifier`, `u`.`first_name`, `u`.`last_name`
FROM `payments` `pay`
INNER JOIN `plans` `p` ON `p`.`plan_id` = `pay`.`plan_id`
INNER JOIN `plan_holders` `ph` ON `ph`.`plan_holder_id` = `p`.`plan_holder_id`
INNER JOIN `users` `u` ON `u`.`user_id` = `ph`.`user_id`
LEFT JOIN `branches` `b` ON `b`.`branch_id` = `pay`.`branch_id`
WHERE `pay`.`branch_id` = 1
ORDER BY `pay`.`payment_date` DESC, `pay`.`payment_id` DESC')
 4 SYSTEMPATH\Database\BaseBuilder.php(1649): CodeIgniter\Database\BaseConnection->query('SELECT `pay`.`payment_id`, `pay`.`plan_id`, `pay`.`amount`, `pay`.`months_covered`, `pay`.`payment_date`, `pay`.`payment_method`, `pay`.`reference_number`, `pay`.`official_receipt_number`, `pay`.`remarks`, `pay`.`status`, `pay`.`branch_id`, `b`.`branch_name`, `p`.`monthly_fee`, `p`.`months_paid`, `p`.`remaining_balance`, `p`.`next_due_date`, `ph`.`plan_holder_id`, `ph`.`unique_identifier`, `u`.`first_name`, `u`.`last_name`
FROM `payments` `pay`
INNER JOIN `plans` `p` ON `p`.`plan_id` = `pay`.`plan_id`
INNER JOIN `plan_holders` `ph` ON `ph`.`plan_holder_id` = `p`.`plan_holder_id`
INNER JOIN `users` `u` ON `u`.`user_id` = `ph`.`user_id`
LEFT JOIN `branches` `b` ON `b`.`branch_id` = `pay`.`branch_id`
WHERE `pay`.`branch_id` = :pay.branch_id:
ORDER BY `pay`.`payment_date` DESC, `pay`.`payment_id` DESC', [...], false)
 5 APPPATH\Services\PaymentService.php(59): CodeIgniter\Database\BaseBuilder->get()
 6 APPPATH\Controllers\Dashboard.php(52): App\Services\PaymentService->getBranchMonitoringPayments(1)
 7 SYSTEMPATH\CodeIgniter.php(951): App\Controllers\Dashboard->branchAdmin()
 8 SYSTEMPATH\CodeIgniter.php(497): CodeIgniter\CodeIgniter->runController(Object(App\Controllers\Dashboard))
 9 SYSTEMPATH\CodeIgniter.php(340): CodeIgniter\CodeIgniter->handleRequest(null, Object(Config\Cache), false)
10 SYSTEMPATH\Boot.php(417): CodeIgniter\CodeIgniter->run()
11 SYSTEMPATH\Boot.php(68): CodeIgniter\Boot::runCodeIgniter(Object(CodeIgniter\CodeIgniter))
12 FCPATH\index.php(59): CodeIgniter\Boot::bootWeb(Object(Config\Paths))
ERROR - 2026-05-17 16:23:09 --> Can't create table `kaagapay_db`.`package_services` (errno: 150 "Foreign key constraint is incorrectly formed")
in SYSTEMPATH\Database\MySQLi\Connection.php on line 300.
 1 SYSTEMPATH\Database\MySQLi\Connection.php(300): mysqli->query('CREATE TABLE `package_services` (
	`id` INT(11) UNSIGNED NOT NULL AUTO_INCREMENT,
	`package_id` INT(11) UNSIGNED NOT NULL,
	`service_list_id` INT(11) UNSIGNED NOT NULL,
	CONSTRAINT `pk_package_services` PRIMARY KEY(`id`),
	CONSTRAINT `package_services_package_id_foreign` FOREIGN KEY (`package_id`) REFERENCES `packages`(`package_id`) ON DELETE CASCADE ON UPDATE CASCADE,
	CONSTRAINT `package_services_service_list_id_foreign` FOREIGN KEY (`service_list_id`) REFERENCES `service_list`(`service_list_id`) ON DELETE CASCADE ON UPDATE CASCADE,
	KEY `package_id` (`package_id`),
	KEY `service_list_id` (`service_list_id`)
) DEFAULT CHARACTER SET = utf8mb4 COLLATE = utf8mb4_general_ci', 0)
 2 SYSTEMPATH\Database\BaseConnection.php(910): CodeIgniter\Database\MySQLi\Connection->execute('CREATE TABLE `package_services` (
	`id` INT(11) UNSIGNED NOT NULL AUTO_INCREMENT,
	`package_id` INT(11) UNSIGNED NOT NULL,
	`service_list_id` INT(11) UNSIGNED NOT NULL,
	CONSTRAINT `pk_package_services` PRIMARY KEY(`id`),
	CONSTRAINT `package_services_package_id_foreign` FOREIGN KEY (`package_id`) REFERENCES `packages`(`package_id`) ON DELETE CASCADE ON UPDATE CASCADE,
	CONSTRAINT `package_services_service_list_id_foreign` FOREIGN KEY (`service_list_id`) REFERENCES `service_list`(`service_list_id`) ON DELETE CASCADE ON UPDATE CASCADE,
	KEY `package_id` (`package_id`),
	KEY `service_list_id` (`service_list_id`)
) DEFAULT CHARACTER SET = utf8mb4 COLLATE = utf8mb4_general_ci')
 3 SYSTEMPATH\Database\BaseConnection.php(827): CodeIgniter\Database\BaseConnection->simpleQuery('CREATE TABLE `package_services` (
	`id` INT(11) UNSIGNED NOT NULL AUTO_INCREMENT,
	`package_id` INT(11) UNSIGNED NOT NULL,
	`service_list_id` INT(11) UNSIGNED NOT NULL,
	CONSTRAINT `pk_package_services` PRIMARY KEY(`id`),
	CONSTRAINT `package_services_package_id_foreign` FOREIGN KEY (`package_id`) REFERENCES `packages`(`package_id`) ON DELETE CASCADE ON UPDATE CASCADE,
	CONSTRAINT `package_services_service_list_id_foreign` FOREIGN KEY (`service_list_id`) REFERENCES `service_list`(`service_list_id`) ON DELETE CASCADE ON UPDATE CASCADE,
	KEY `package_id` (`package_id`),
	KEY `service_list_id` (`service_list_id`)
) DEFAULT CHARACTER SET = utf8mb4 COLLATE = utf8mb4_general_ci')
 4 SYSTEMPATH\Database\Forge.php(570): CodeIgniter\Database\BaseConnection->query('CREATE TABLE `package_services` (
	`id` INT(11) UNSIGNED NOT NULL AUTO_INCREMENT,
	`package_id` INT(11) UNSIGNED NOT NULL,
	`service_list_id` INT(11) UNSIGNED NOT NULL,
	CONSTRAINT `pk_package_services` PRIMARY KEY(`id`),
	CONSTRAINT `package_services_package_id_foreign` FOREIGN KEY (`package_id`) REFERENCES `packages`(`package_id`) ON DELETE CASCADE ON UPDATE CASCADE,
	CONSTRAINT `package_services_service_list_id_foreign` FOREIGN KEY (`service_list_id`) REFERENCES `service_list`(`service_list_id`) ON DELETE CASCADE ON UPDATE CASCADE,
	KEY `package_id` (`package_id`),
	KEY `service_list_id` (`service_list_id`)
) DEFAULT CHARACTER SET = utf8mb4 COLLATE = utf8mb4_general_ci')
 5 APPPATH\Database\Migrations\2026-04-17-120000_CreatePackageServicesTable.php(35): CodeIgniter\Database\Forge->createTable('package_services', true)
 6 SYSTEMPATH\Database\MigrationRunner.php(1014): App\Database\Migrations\CreatePackageServicesTable->up()
 7 SYSTEMPATH\Database\MigrationRunner.php(202): CodeIgniter\Database\MigrationRunner->migrate('up', Object(stdClass))
 8 SYSTEMPATH\Commands\Database\Migrate.php(89): CodeIgniter\Database\MigrationRunner->latest(null)
 9 SYSTEMPATH\CLI\SignalTrait.php(245): CodeIgniter\Commands\Database\Migrate::CodeIgniter\Commands\Database\{closure}()
10 SYSTEMPATH\Commands\Database\Migrate.php(88): CodeIgniter\Commands\Database\Migrate->withSignalsBlocked(Object(Closure))
11 SYSTEMPATH\CLI\Commands.php(74): CodeIgniter\Commands\Database\Migrate->run([])
12 SYSTEMPATH\CLI\Console.php(47): CodeIgniter\CLI\Commands->run('migrate', [])
13 SYSTEMPATH\Boot.php(442): CodeIgniter\CLI\Console->run()
14 SYSTEMPATH\Boot.php(166): CodeIgniter\Boot::runCommand(Object(CodeIgniter\CLI\Console))
15 ROOTPATH\spark(87): CodeIgniter\Boot::bootSpark(Object(Config\Paths))
